******************************************************************************
                  TI ARM Linker PC v5.1.5                      
******************************************************************************
>> Linked Mon Jul 14 11:55:46 2014

OUTPUT FILE NAME:   <plun_satellite_tm4c123g.out>
ENTRY POINT SYMBOL: "_c_int00"  address: 0000088d


MEMORY CONFIGURATION

         name            origin    length      used     unused   attr    fill
----------------------  --------  ---------  --------  --------  ----  --------
  FLASH                 00000000   00040000  00000b70  0003f490  R  X
  SRAM                  20000000   00008000  00000214  00007dec  RW X


SEGMENT ALLOCATION MAP

run origin  load origin   length   init length attrs members
----------  ----------- ---------- ----------- ----- -------
00000000    00000000    00000b70   00000b70    r-x
  00000000    00000000    0000026c   0000026c    r-- .intvecs
  0000026c    0000026c    00000808   00000808    r-x .text
  00000a74    00000a74    000000dc   000000dc    r-- .const
  00000b50    00000b50    00000020   00000020    r-- .cinit
20000000    20000000    00000214   00000000    rw-
  20000000    20000000    00000200   00000000    rw- .stack
  20000200    20000200    00000014   00000000    rw- .data


SECTION ALLOCATION MAP

 output                                  attributes/
section   page    origin      length       input sections
--------  ----  ----------  ----------   ----------------
.intvecs   0    00000000    0000026c     
                  00000000    0000026c     tm4c123gh6pm_startup_ccs.obj (.intvecs)

.init_array 
*          0    00000000    00000000     UNINITIALIZED

.text      0    0000026c    00000808     
                  0000026c    00000130     driverlib.lib : gpio.obj (.text:GPIOPadConfigSet)
                  0000039c    00000118                   : sysctl.obj (.text:SysCtlClockGet)
                  000004b4    000000f0                   : sysctl.obj (.text:SysCtlClockSet)
                  000005a4    0000009c     main.obj (.text)
                  00000640    0000009c     rtsv7M4_T_le_v4SPD16_eabi.lib : memcpy_t2.obj (.text)
                  000006dc    00000094                                   : auto_init.obj (.text)
                  00000770    00000060     driverlib.lib : interrupt.obj (.text:IntEnable)
                  000007d0    0000005e     rtsv7M4_T_le_v4SPD16_eabi.lib : copy_decompress_rle.obj (.text)
                  0000082e    00000002     --HOLE-- [fill = 0]
                  00000830    0000005c     driverlib.lib : timer.obj (.text:TimerConfigure)
                  0000088c    00000048     rtsv7M4_T_le_v4SPD16_eabi.lib : boot.obj (.text)
                  000008d4    00000044                                   : cpy_tbl.obj (.text)
                  00000918    00000044                                   : exit.obj (.text)
                  0000095c    00000034     driverlib.lib : sysctl.obj (.text:SysCtlPeripheralEnable)
                  00000990    0000002a                   : gpio.obj (.text:GPIODirModeSet)
                  000009ba    00000018                   : gpio.obj (.text:GPIOPinTypeGPIOOutput)
                  000009d2    00000002     --HOLE-- [fill = 0]
                  000009d4    00000018     rtsv7M4_T_le_v4SPD16_eabi.lib : args_main.obj (.text)
                  000009ec    00000014                                   : _lock.obj (.text)
                  00000a00    00000012     driverlib.lib : timer.obj (.text:TimerLoadSet)
                  00000a12    0000000e                   : timer.obj (.text:TimerEnable)
                  00000a20    0000000e     rtsv7M4_T_le_v4SPD16_eabi.lib : copy_decompress_none.obj (.text:decompress:none)
                  00000a2e    0000000c     driverlib.lib : cpu.obj (.text:CPUcpsie)
                  00000a3a    0000000c     tm4c123gh6pm_startup_ccs.obj (.text)
                  00000a46    0000000a     driverlib.lib : interrupt.obj (.text:IntMasterEnable)
                  00000a50    00000008                   : timer.obj (.text:TimerIntEnable)
                  00000a58    00000006                   : gpio.obj (.text:GPIOPinRead)
                  00000a5e    00000006                   : gpio.obj (.text:GPIOPinWrite)
                  00000a64    00000006                   : sysctl.obj (.text:SysCtlDelay)
                  00000a6a    00000006     rtsv7M4_T_le_v4SPD16_eabi.lib : copy_decompress_rle.obj (.text:decompress:rle24)
                  00000a70    00000004     driverlib.lib : timer.obj (.text:TimerIntClear)

.const     0    00000a74    000000dc     
                  00000a74    00000070     driverlib.lib : interrupt.obj (.const)
                  00000ae4    0000006c                   : sysctl.obj (.const:g_pui32Xtals)

.cinit     0    00000b50    00000020     
                  00000b50    0000000f     (.cinit..data.load) [load image, compression = rle]
                  00000b5f    00000001     --HOLE-- [fill = 0]
                  00000b60    00000008     (__TI_handler_table)
                  00000b68    00000008     (__TI_cinit_table)

.stack     0    20000000    00000200     UNINITIALIZED
                  20000000    00000200     --HOLE--

.data      0    20000200    00000014     UNINITIALIZED
                  20000200    00000008     rtsv7M4_T_le_v4SPD16_eabi.lib : _lock.obj (.data)
                  20000208    00000008                                   : exit.obj (.data)
                  20000210    00000004                                   : stkdepth_vars.obj (.data)


LINKER GENERATED COPY TABLES

__TI_cinit_table @ 00000b68 records: 1, size/record: 8, table size: 8
	.data: load addr=00000b50, load size=0000000f bytes, run addr=20000200, run size=00000014 bytes, compression=rle


LINKER GENERATED HANDLER TABLE

__TI_handler_table @ 00000b60 records: 2, size/record: 4, table size: 8
	index: 0, handler: __TI_decompress_rle24
	index: 1, handler: __TI_decompress_none


GLOBAL SYMBOLS: SORTED ALPHABETICALLY BY Name 

address    name
--------   ----
00000919   C$$EXIT
00000a2f   CPUcpsie
00000991   GPIODirModeSet
0000026d   GPIOPadConfigSet
00000a59   GPIOPinRead
000009bb   GPIOPinTypeGPIOOutput
00000a5f   GPIOPinWrite
00000771   IntEnable
00000a47   IntMasterEnable
UNDEFED    IntSpiGPIOHandler
00000a3b   ResetISR
UNDEFED    SHT$$INIT_ARRAY$$Base
UNDEFED    SHT$$INIT_ARRAY$$Limit
UNDEFED    SpiIntHandler
0000039d   SysCtlClockGet
000004b5   SysCtlClockSet
00000a65   SysCtlDelay
0000095d   SysCtlPeripheralEnable
UNDEFED    SysTickHandler
000005a5   Timer0IntHandler
00000831   TimerConfigure
00000a13   TimerEnable
00000a71   TimerIntClear
00000a51   TimerIntEnable
00000a01   TimerLoadSet
UNDEFED    UARTStdioIntHandler
20000200   __STACK_END
00000200   __STACK_SIZE
20000200   __STACK_TOP
00000b68   __TI_CINIT_Base
00000b70   __TI_CINIT_Limit
00000b60   __TI_Handler_Table_Base
00000b68   __TI_Handler_Table_Limit
00000001   __TI_args_main
000006dd   __TI_auto_init
20000208   __TI_cleanup_ptr
00000a21   __TI_decompress_none
00000a6b   __TI_decompress_rle24
2000020c   __TI_dtors_ptr
00000000   __TI_static_base__
00000641   __aeabi_memcpy
00000641   __aeabi_memcpy4
00000641   __aeabi_memcpy8
ffffffff   __binit__
ffffffff   __c_args__
20000000   __stack
000009d5   _args_main
0000088d   _c_int00
20000200   _lock
000009fb   _nop
000009f3   _register_lock
000009ed   _register_unlock
20000204   _unlock
0000091d   abort
ffffffff   binit
000008d5   copy_in
00000925   exit
00000000   g_pfnVectors
00000625   main
20000210   main_func_sp
00000641   memcpy
000005d1   setup


GLOBAL SYMBOLS: SORTED BY Symbol Address 

address    name
--------   ----
00000000   __TI_static_base__
00000000   g_pfnVectors
00000001   __TI_args_main
00000200   __STACK_SIZE
0000026d   GPIOPadConfigSet
0000039d   SysCtlClockGet
000004b5   SysCtlClockSet
000005a5   Timer0IntHandler
000005d1   setup
00000625   main
00000641   __aeabi_memcpy
00000641   __aeabi_memcpy4
00000641   __aeabi_memcpy8
00000641   memcpy
000006dd   __TI_auto_init
00000771   IntEnable
00000831   TimerConfigure
0000088d   _c_int00
000008d5   copy_in
00000919   C$$EXIT
0000091d   abort
00000925   exit
0000095d   SysCtlPeripheralEnable
00000991   GPIODirModeSet
000009bb   GPIOPinTypeGPIOOutput
000009d5   _args_main
000009ed   _register_unlock
000009f3   _register_lock
000009fb   _nop
00000a01   TimerLoadSet
00000a13   TimerEnable
00000a21   __TI_decompress_none
00000a2f   CPUcpsie
00000a3b   ResetISR
00000a47   IntMasterEnable
00000a51   TimerIntEnable
00000a59   GPIOPinRead
00000a5f   GPIOPinWrite
00000a65   SysCtlDelay
00000a6b   __TI_decompress_rle24
00000a71   TimerIntClear
00000b60   __TI_Handler_Table_Base
00000b68   __TI_CINIT_Base
00000b68   __TI_Handler_Table_Limit
00000b70   __TI_CINIT_Limit
20000000   __stack
20000200   __STACK_END
20000200   __STACK_TOP
20000200   _lock
20000204   _unlock
20000208   __TI_cleanup_ptr
2000020c   __TI_dtors_ptr
20000210   main_func_sp
ffffffff   __binit__
ffffffff   __c_args__
ffffffff   binit
UNDEFED    IntSpiGPIOHandler
UNDEFED    SHT$$INIT_ARRAY$$Base
UNDEFED    SHT$$INIT_ARRAY$$Limit
UNDEFED    SpiIntHandler
UNDEFED    SysTickHandler
UNDEFED    UARTStdioIntHandler

[62 symbols]
