******************************************************************************
                  TI ARM Linker PC v5.1.5                      
******************************************************************************
>> Linked Fri Jul 18 17:39:59 2014

OUTPUT FILE NAME:   <plun_satellite_tm4c123.out>
ENTRY POINT SYMBOL: "_c_int00"  address: 00005bcd


MEMORY CONFIGURATION

         name            origin    length      used     unused   attr    fill
----------------------  --------  ---------  --------  --------  ----  --------
  FLASH                 00000000   00040000  00006245  00039dbb  R  X
  SRAM                  20000000   00008000  00005464  00002b9c  RW X


SEGMENT ALLOCATION MAP

run origin  load origin   length   init length attrs members
----------  ----------- ---------- ----------- ----- -------
00000000    00000000    00006248   00006248    r-x
  00000000    00000000    0000026c   0000026c    r-- .intvecs
  0000026c    0000026c    00005bb8   00005bb8    r-x .text
  00005e24    00005e24    000003c9   000003c9    r-- .const
  000061f0    000061f0    00000058   00000058    r-- .cinit
20000000    20000000    00005464   00000000    rw-
  20000000    20000000    00004000   00000000    rw- .stack
  20004000    20004000    00001408   00000000    rw- .bss
  20005408    20005408    0000005c   00000000    rw- .data


SECTION ALLOCATION MAP

 output                                  attributes/
section   page    origin      length       input sections
--------  ----  ----------  ----------   ----------------
.intvecs   0    00000000    0000026c     
                  00000000    0000026c     tm4c123gh6pm_startup_ccs.obj (.intvecs)

.init_array 
*          0    00000000    00000000     UNINITIALIZED

.text      0    0000026c    00005bb8     
                  0000026c    00004574     cc3000lib.obj (.text)
                  000047e0    00000900     uartstdio.obj (.text)
                  000050e0    00000654     main.obj (.text)
                  00005734    00000130     driverlib.lib : gpio.obj (.text:GPIOPadConfigSet)
                  00005864    00000118                   : sysctl.obj (.text:SysCtlClockGet)
                  0000597c    0000009c     rtsv7M4_T_le_v4SPD16_eabi.lib : memcpy_t2.obj (.text)
                  00005a18    00000094                                   : auto_init.obj (.text)
                  00005aac    00000078                                   : memset_t2.obj (.text)
                  00005b24    0000005e                                   : copy_decompress_rle.obj (.text)
                  00005b82    00000002     --HOLE-- [fill = 0]
                  00005b84    00000048     driverlib.lib : gpio.obj (.text:GPIOPinConfigure)
                  00005bcc    00000048     rtsv7M4_T_le_v4SPD16_eabi.lib : boot.obj (.text)
                  00005c14    00000044                                   : cpy_tbl.obj (.text)
                  00005c58    00000044                                   : exit.obj (.text)
                  00005c9c    00000042                                   : u_divt2.obj (.text)
                  00005cde    00000002     --HOLE-- [fill = 0]
                  00005ce0    00000040     driverlib.lib : interrupt.obj (.text:IntPendClear)
                  00005d20    00000018     rtsv7M4_T_le_v4SPD16_eabi.lib : args_main.obj (.text)
                  00005d38    00000014     driverlib.lib : systick.obj (.text:SysTickEnable)
                  00005d4c    00000014                   : systick.obj (.text:SysTickIntEnable)
                  00005d60    00000014     rtsv7M4_T_le_v4SPD16_eabi.lib : _lock.obj (.text)
                  00005d74    00000012                                   : copy_zero_init.obj (.text:decompress:ZI)
                  00005d86    00000002     --HOLE-- [fill = 0]
                  00005d88    00000010     driverlib.lib : fpu.obj (.text:FPUEnable)
                  00005d98    00000010                   : fpu.obj (.text:FPULazyStackingEnable)
                  00005da8    00000010                   : systick.obj (.text:SysTickPeriodSet)
                  00005db8    0000000e                   : gpio.obj (.text:GPIOIntDisable)
                  00005dc6    0000000e                   : gpio.obj (.text:GPIOIntStatus)
                  00005dd4    0000000e     rtsv7M4_T_le_v4SPD16_eabi.lib : copy_decompress_none.obj (.text:decompress:none)
                  00005de2    0000000c     driverlib.lib : gpio.obj (.text:GPIOIntEnable)
                  00005dee    0000000c     tm4c123gh6pm_startup_ccs.obj (.text)
                  00005dfa    00000008     driverlib.lib : ssi.obj (.text:SSIBusy)
                  00005e02    00000006                   : gpio.obj (.text:GPIOIntClear)
                  00005e08    00000006                   : sysctl.obj (.text:SysCtlDelay)
                  00005e0e    00000006                   : uart.obj (.text:UARTClockSourceSet)
                  00005e14    00000006                   : uart.obj (.text:UARTFIFOLevelSet)
                  00005e1a    00000006     rtsv7M4_T_le_v4SPD16_eabi.lib : copy_decompress_rle.obj (.text:decompress:rle24)
                  00005e20    00000004     driverlib.lib : ssi.obj (.text:SSIIntClear)

.const     0    00005e24    000003c9     
                  00005e24    00000100     cc3000lib.obj (.const:.string:rsbox)
                  00005f24    00000100     cc3000lib.obj (.const:.string:sbox)
                  00006024    00000090     driverlib.lib : gpio.obj (.const:g_pui32GPIOBaseAddrs)
                  000060b4    00000070                   : interrupt.obj (.const)
                  00006124    0000006c                   : sysctl.obj (.const:g_pui32Xtals)
                  00006190    00000028     uartstdio.obj (.const)
                  000061b8    00000016     main.obj (.const:.string)
                  000061ce    00000002     --HOLE-- [fill = 0]
                  000061d0    00000012     uartstdio.obj (.const:.string)
                  000061e2    0000000b     cc3000lib.obj (.const:.string)

.cinit     0    000061f0    00000058     
                  000061f0    00000030     (.cinit..data.load) [load image, compression = rle]
                  00006220    0000000c     (__TI_handler_table)
                  0000622c    00000004     --HOLE-- [fill = 0]
                  00006230    00000008     (.cinit..bss.load) [load image, compression = zero_init]
                  00006238    00000010     (__TI_cinit_table)

.stack     0    20000000    00004000     UNINITIALIZED
                  20000000    00004000     --HOLE--

.bss       0    20004000    00001408     UNINITIALIZED
                  20004000    000005f0     cc3000lib.obj (.bss:wlan_rx_buffer)
                  200045f0    000005f0     cc3000lib.obj (.bss:wlan_tx_buffer)
                  20004be0    00000400     uartstdio.obj (.bss:g_pcUARTTxBuffer)
                  20004fe0    00000010     (.common:key)
                  20004ff0    00000004     (.common:g_ui32PortNum)
                  20004ff4    00000001     (.common:g_bDisableEcho)
                  20004ff5    0000000b     --HOLE--
                  20005000    00000200     cc3000lib.obj (.bss:ui8DMAChannelControlStructure)
                  20005200    000000b0     cc3000lib.obj (.bss:expandedKey)
                  200052b0    00000080     uartstdio.obj (.bss:g_pcUARTRxBuffer)
                  20005330    00000050     cc3000lib.obj (.bss:sSpiInformation)
                  20005380    00000044     cc3000lib.obj (.bss:profileArray)
                  200053c4    00000044     cc3000lib.obj (.bss:tSLInformation)

.data      0    20005408    0000005c     UNINITIALIZED
                  20005408    00000018     main.obj (.data)
                  20005420    00000015     uartstdio.obj (.data)
                  20005435    00000003     --HOLE--
                  20005438    00000014     cc3000lib.obj (.data)
                  2000544c    00000008     rtsv7M4_T_le_v4SPD16_eabi.lib : _lock.obj (.data)
                  20005454    00000008                                   : exit.obj (.data)
                  2000545c    00000004                                   : errno.obj (.data)
                  20005460    00000004                                   : stkdepth_vars.obj (.data)


LINKER GENERATED COPY TABLES

__TI_cinit_table @ 00006238 records: 2, size/record: 8, table size: 16
	.data: load addr=000061f0, load size=00000030 bytes, run addr=20005408, run size=0000005c bytes, compression=rle
	.bss: load addr=00006230, load size=00000008 bytes, run addr=20004000, run size=00001408 bytes, compression=zero_init


LINKER GENERATED HANDLER TABLE

__TI_handler_table @ 00006220 records: 3, size/record: 4, table size: 12
	index: 0, handler: __TI_decompress_rle24
	index: 1, handler: __TI_decompress_none
	index: 2, handler: __TI_zero_init


GLOBAL SYMBOLS: SORTED ALPHABETICALLY BY Name 

address    name
--------   ----
00005c59   C$$EXIT
00005117   CC3000_AsyncCallback
000046e5   DispatcherUARTConfigure
000046a9   DispatcherUartSendPacket
00005d89   FPUEnable
00005d99   FPULazyStackingEnable
00005e03   GPIOIntClear
00005db9   GPIOIntDisable
00005de3   GPIOIntEnable
00005dc7   GPIOIntStatus
00005735   GPIOPadConfigSet
00005b85   GPIOPinConfigure
00005ce1   IntPendClear
00004509   IntSpiGPIOHandler
000061e2   Rcon
00005127   ReadWlanInterruptPin
00005def   ResetISR
UNDEFED    SHT$$INIT_ARRAY$$Base
UNDEFED    SHT$$INIT_ARRAY$$Limit
00005dfb   SSIBusy
00003d01   SSIConfigure
00005e21   SSIIntClear
000002d5   STREAM_TO_UINT16_f
000002fb   STREAM_TO_UINT32_f
00000cb1   SimpleLinkWaitData
00000c95   SimpleLinkWaitEvent
00003cdd   SpiCleanGPIOISR
00003e85   SpiClose
00003c8d   SpiConfigureHwMapping
0000413b   SpiDisableSSIDMAChannels
00004161   SpiEnableSSIDMAChannels
00003ff9   SpiFirstWrite
00004571   SpiIntHandler
00003eb7   SpiOpen
00004355   SpiReadDataCont
00004339   SpiReadHeader
00003311   SpiReceiveHandler
00004471   SpiResumeSpi
00004495   SpiTriggerRxProcessing
00004079   SpiWrite
00005865   SysCtlClockGet
00005e09   SysCtlDelay
00005d39   SysTickEnable
00005599   SysTickHandler
00005d4d   SysTickIntEnable
00005da9   SysTickPeriodSet
00005e0f   UARTClockSourceSet
00004f29   UARTEchoSet
00005e15   UARTFIFOLevelSet
00004ec3   UARTFlushRx
00004eeb   UARTFlushTx
00004e69   UARTPeek
00004e47   UARTRxBytesAvail
000048e7   UARTStdioConfig
00004f55   UARTStdioIntHandler
00004e55   UARTTxBytesFree
00004ac1   UARTgetc
00004a45   UARTgets
00004e23   UARTprintf
00004b29   UARTvprintf
0000499f   UARTwrite
000002ab   UINT16_TO_STREAM_f
0000026d   UINT32_TO_STREAM_f
00005145   WlanInterruptDisable
00005139   WlanInterruptEnable
00005151   WriteWlanPin
2000545c   _Errno
20004000   __STACK_END
00004000   __STACK_SIZE
20004000   __STACK_TOP
00006238   __TI_CINIT_Base
00006248   __TI_CINIT_Limit
00006220   __TI_Handler_Table_Base
0000622c   __TI_Handler_Table_Limit
00000001   __TI_args_main
00005a19   __TI_auto_init
20005454   __TI_cleanup_ptr
00005dd5   __TI_decompress_none
00005e1b   __TI_decompress_rle24
20005458   __TI_dtors_ptr
00000000   __TI_static_base__
00005d75   __TI_zero_init
00005aad   __aeabi_memclr
00005aad   __aeabi_memclr4
00005aad   __aeabi_memclr8
0000597d   __aeabi_memcpy
0000597d   __aeabi_memcpy4
0000597d   __aeabi_memcpy8
00005aaf   __aeabi_memset
00005aaf   __aeabi_memset4
00005aaf   __aeabi_memset8
00005c9d   __aeabi_uidivmod
ffffffff   __binit__
ffffffff   __c_args__
20000000   __stack
00005d21   _args_main
00005bcd   _c_int00
2000544c   _lock
00005d6f   _nop
00005d67   _register_lock
00005d61   _register_unlock
20005450   _unlock
00005c5d   abort
00002ad9   accept
0000299d   aes_decrypt
00002985   aes_encrypt
000029b5   aes_read_key
000029cb   aes_write_key
00002b59   bind
ffffffff   binit
00002a8b   closesocket
00002cd1   connect
00005c15   copy_in
00005c65   exit
20005200   expandedKey
00000000   g_pfnVectors
20005408   g_ppcSecurity
2000543c   g_pui8Dummy
20005448   g_uluDMAErrCount
00000c3d   get_socket_active_status
00002c35   gethostbyname
00002f21   getsockopt
00000ccb   hci_command_send
00000d91   hci_data_command_send
00000d17   hci_data_send
00000419   hci_event_handler
00000e0d   hci_patch_send
000008e1   hci_unsol_event_handler
00000337   hci_unsol_handle_patch_request
00000b41   hci_unsolicited_event_handler
000052db   init_satellite
00003f0b   init_spi
000054a1   init_wifi
20004fe0   key
00002bd9   listen
000055d9   loop
000056a1   main
20005460   main_func_sp
000031fd   mdnsAdvertiser
0000597d   memcpy
00005ab5   memset
000011c3   netapp_arp_flush
00000f5f   netapp_config_mac_adrress
00000f71   netapp_dhcp
000011a1   netapp_ipconfig
0000114d   netapp_ping_report
000010e3   netapp_ping_send
00001175   netapp_ping_stop
000011ef   netapp_set_debug_level
00001023   netapp_timeout_values
000013f9   nvmem_create_entry
00001325   nvmem_get_mac_address
00001239   nvmem_read
000013bd   nvmem_read_sp_version
00001311   nvmem_set_mac_address
0000129f   nvmem_write
00001339   nvmem_write_patch
20005380   profileArray
00003009   recv
00003035   recvfrom
00005e24   rsbox
20005330   sSpiInformation
00005f24   sbox
00002d59   select
000031a5   send
000050f3   sendBootLoaderPatch
000050e1   sendDriverPatch
00005105   sendWLFWPatch
000031cf   sendto
00000b85   set_socket_active_status
00002e81   setsockopt
000055c1   setup
00002a25   socket
20005438   socket_active_status
200053c4   tSLInformation
2000543e   tSpiReadHeader
00005181   wifi_scan
000035e5   wlan_add_profile
000033fb   wlan_connect
00003509   wlan_disconnect
000032cb   wlan_init
000038bf   wlan_ioctl_del_profile
000038fb   wlan_ioctl_get_scan_results
0000354d   wlan_ioctl_set_connection_policy
00003933   wlan_ioctl_set_scan_params
00003a51   wlan_ioctl_statusget
20004000   wlan_rx_buffer
000039d9   wlan_set_event_mask
00003b45   wlan_smart_config_process
00003adb   wlan_smart_config_set_prefix
00003a75   wlan_smart_config_start
00003ab7   wlan_smart_config_stop
0000332d   wlan_start
000033d3   wlan_stop
200045f0   wlan_tx_buffer


GLOBAL SYMBOLS: SORTED BY Symbol Address 

address    name
--------   ----
00000000   __TI_static_base__
00000000   g_pfnVectors
00000001   __TI_args_main
0000026d   UINT32_TO_STREAM_f
000002ab   UINT16_TO_STREAM_f
000002d5   STREAM_TO_UINT16_f
000002fb   STREAM_TO_UINT32_f
00000337   hci_unsol_handle_patch_request
00000419   hci_event_handler
000008e1   hci_unsol_event_handler
00000b41   hci_unsolicited_event_handler
00000b85   set_socket_active_status
00000c3d   get_socket_active_status
00000c95   SimpleLinkWaitEvent
00000cb1   SimpleLinkWaitData
00000ccb   hci_command_send
00000d17   hci_data_send
00000d91   hci_data_command_send
00000e0d   hci_patch_send
00000f5f   netapp_config_mac_adrress
00000f71   netapp_dhcp
00001023   netapp_timeout_values
000010e3   netapp_ping_send
0000114d   netapp_ping_report
00001175   netapp_ping_stop
000011a1   netapp_ipconfig
000011c3   netapp_arp_flush
000011ef   netapp_set_debug_level
00001239   nvmem_read
0000129f   nvmem_write
00001311   nvmem_set_mac_address
00001325   nvmem_get_mac_address
00001339   nvmem_write_patch
000013bd   nvmem_read_sp_version
000013f9   nvmem_create_entry
00002985   aes_encrypt
0000299d   aes_decrypt
000029b5   aes_read_key
000029cb   aes_write_key
00002a25   socket
00002a8b   closesocket
00002ad9   accept
00002b59   bind
00002bd9   listen
00002c35   gethostbyname
00002cd1   connect
00002d59   select
00002e81   setsockopt
00002f21   getsockopt
00003009   recv
00003035   recvfrom
000031a5   send
000031cf   sendto
000031fd   mdnsAdvertiser
000032cb   wlan_init
00003311   SpiReceiveHandler
0000332d   wlan_start
000033d3   wlan_stop
000033fb   wlan_connect
00003509   wlan_disconnect
0000354d   wlan_ioctl_set_connection_policy
000035e5   wlan_add_profile
000038bf   wlan_ioctl_del_profile
000038fb   wlan_ioctl_get_scan_results
00003933   wlan_ioctl_set_scan_params
000039d9   wlan_set_event_mask
00003a51   wlan_ioctl_statusget
00003a75   wlan_smart_config_start
00003ab7   wlan_smart_config_stop
00003adb   wlan_smart_config_set_prefix
00003b45   wlan_smart_config_process
00003c8d   SpiConfigureHwMapping
00003cdd   SpiCleanGPIOISR
00003d01   SSIConfigure
00003e85   SpiClose
00003eb7   SpiOpen
00003f0b   init_spi
00003ff9   SpiFirstWrite
00004000   __STACK_SIZE
00004079   SpiWrite
0000413b   SpiDisableSSIDMAChannels
00004161   SpiEnableSSIDMAChannels
00004339   SpiReadHeader
00004355   SpiReadDataCont
00004471   SpiResumeSpi
00004495   SpiTriggerRxProcessing
00004509   IntSpiGPIOHandler
00004571   SpiIntHandler
000046a9   DispatcherUartSendPacket
000046e5   DispatcherUARTConfigure
000048e7   UARTStdioConfig
0000499f   UARTwrite
00004a45   UARTgets
00004ac1   UARTgetc
00004b29   UARTvprintf
00004e23   UARTprintf
00004e47   UARTRxBytesAvail
00004e55   UARTTxBytesFree
00004e69   UARTPeek
00004ec3   UARTFlushRx
00004eeb   UARTFlushTx
00004f29   UARTEchoSet
00004f55   UARTStdioIntHandler
000050e1   sendDriverPatch
000050f3   sendBootLoaderPatch
00005105   sendWLFWPatch
00005117   CC3000_AsyncCallback
00005127   ReadWlanInterruptPin
00005139   WlanInterruptEnable
00005145   WlanInterruptDisable
00005151   WriteWlanPin
00005181   wifi_scan
000052db   init_satellite
000054a1   init_wifi
00005599   SysTickHandler
000055c1   setup
000055d9   loop
000056a1   main
00005735   GPIOPadConfigSet
00005865   SysCtlClockGet
0000597d   __aeabi_memcpy
0000597d   __aeabi_memcpy4
0000597d   __aeabi_memcpy8
0000597d   memcpy
00005a19   __TI_auto_init
00005aad   __aeabi_memclr
00005aad   __aeabi_memclr4
00005aad   __aeabi_memclr8
00005aaf   __aeabi_memset
00005aaf   __aeabi_memset4
00005aaf   __aeabi_memset8
00005ab5   memset
00005b85   GPIOPinConfigure
00005bcd   _c_int00
00005c15   copy_in
00005c59   C$$EXIT
00005c5d   abort
00005c65   exit
00005c9d   __aeabi_uidivmod
00005ce1   IntPendClear
00005d21   _args_main
00005d39   SysTickEnable
00005d4d   SysTickIntEnable
00005d61   _register_unlock
00005d67   _register_lock
00005d6f   _nop
00005d75   __TI_zero_init
00005d89   FPUEnable
00005d99   FPULazyStackingEnable
00005da9   SysTickPeriodSet
00005db9   GPIOIntDisable
00005dc7   GPIOIntStatus
00005dd5   __TI_decompress_none
00005de3   GPIOIntEnable
00005def   ResetISR
00005dfb   SSIBusy
00005e03   GPIOIntClear
00005e09   SysCtlDelay
00005e0f   UARTClockSourceSet
00005e15   UARTFIFOLevelSet
00005e1b   __TI_decompress_rle24
00005e21   SSIIntClear
00005e24   rsbox
00005f24   sbox
000061e2   Rcon
00006220   __TI_Handler_Table_Base
0000622c   __TI_Handler_Table_Limit
00006238   __TI_CINIT_Base
00006248   __TI_CINIT_Limit
20000000   __stack
20004000   __STACK_END
20004000   __STACK_TOP
20004000   wlan_rx_buffer
200045f0   wlan_tx_buffer
20004fe0   key
20005200   expandedKey
20005330   sSpiInformation
20005380   profileArray
200053c4   tSLInformation
20005408   g_ppcSecurity
20005438   socket_active_status
2000543c   g_pui8Dummy
2000543e   tSpiReadHeader
20005448   g_uluDMAErrCount
2000544c   _lock
20005450   _unlock
20005454   __TI_cleanup_ptr
20005458   __TI_dtors_ptr
2000545c   _Errno
20005460   main_func_sp
ffffffff   __binit__
ffffffff   __c_args__
ffffffff   binit
UNDEFED    SHT$$INIT_ARRAY$$Base
UNDEFED    SHT$$INIT_ARRAY$$Limit

[195 symbols]
