******************************************************************************
                  TI ARM Linker PC v5.1.5                      
******************************************************************************
>> Linked Sat Jul 19 21:20:00 2014

OUTPUT FILE NAME:   <plun_satellite_tm4c123.out>
ENTRY POINT SYMBOL: "_c_int00"  address: 00005e15


MEMORY CONFIGURATION

         name            origin    length      used     unused   attr    fill
----------------------  --------  ---------  --------  --------  ----  --------
  FLASH                 00000000   00040000  000064b7  00039b49  R  X
  SRAM                  20000000   00008000  00001695  0000696b  RW X


SEGMENT ALLOCATION MAP

run origin  load origin   length   init length attrs members
----------  ----------- ---------- ----------- ----- -------
00000000    00000000    000064c0   000064c0    r-x
  00000000    00000000    0000026c   0000026c    r-- .intvecs
  0000026c    0000026c    00005e1a   00005e1a    r-x .text
  00006088    00006088    000003c9   000003c9    r-- .const
  00006458    00006458    00000068   00000068    r-- .cinit
20000000    20000000    00001698   00000000    rw-
  20000000    20000000    00001425   00000000    rw- .bss
  20001428    20001428    00000200   00000000    rw- .stack
  20001628    20001628    00000070   00000000    rw- .data


SECTION ALLOCATION MAP

 output                                  attributes/
section   page    origin      length       input sections
--------  ----  ----------  ----------   ----------------
.intvecs   0    00000000    0000026c     
                  00000000    0000026c     tm4c123gh6pm_startup_ccs.obj (.intvecs)

.init_array 
*          0    00000000    00000000     UNINITIALIZED

.text      0    0000026c    00005e1a     
                  0000026c    00004574     cc3000lib.obj (.text)
                  000047e0    00000934     main.obj (.text)
                  00005114    00000900     uartstdio.obj (.text)
                  00005a14    00000118     driverlib.lib : sysctl.obj (.text:SysCtlClockGet)
                  00005b2c    0000009c     rtsv7M4_T_le_v4SPD16_eabi.lib : memcpy_t2.obj (.text)
                  00005bc8    00000098     inth.obj (.text)
                  00005c60    00000094     rtsv7M4_T_le_v4SPD16_eabi.lib : auto_init.obj (.text)
                  00005cf4    00000078                                   : memset_t2.obj (.text)
                  00005d6c    0000005e                                   : copy_decompress_rle.obj (.text)
                  00005dca    00000002     --HOLE-- [fill = 0]
                  00005dcc    00000048     driverlib.lib : gpio.obj (.text:GPIOPinConfigure)
                  00005e14    00000048     rtsv7M4_T_le_v4SPD16_eabi.lib : boot.obj (.text)
                  00005e5c    00000044                                   : cpy_tbl.obj (.text)
                  00005ea0    00000044                                   : exit.obj (.text)
                  00005ee4    00000042                                   : u_divt2.obj (.text)
                  00005f26    00000002     --HOLE-- [fill = 0]
                  00005f28    00000040     driverlib.lib : interrupt.obj (.text:IntPendClear)
                  00005f68    00000018     rtsv7M4_T_le_v4SPD16_eabi.lib : args_main.obj (.text)
                  00005f80    00000014     driverlib.lib : systick.obj (.text:SysTickEnable)
                  00005f94    00000014                   : systick.obj (.text:SysTickIntEnable)
                  00005fa8    00000014     rtsv7M4_T_le_v4SPD16_eabi.lib : _lock.obj (.text)
                  00005fbc    00000014                                   : strlen.obj (.text)
                  00005fd0    00000012                                   : copy_zero_init.obj (.text:decompress:ZI)
                  00005fe2    00000002     --HOLE-- [fill = 0]
                  00005fe4    00000010     driverlib.lib : fpu.obj (.text:FPUEnable)
                  00005ff4    00000010                   : fpu.obj (.text:FPULazyStackingEnable)
                  00006004    00000010                   : systick.obj (.text:SysTickPeriodSet)
                  00006014    0000000e                   : gpio.obj (.text:GPIOIntDisable)
                  00006022    0000000e                   : gpio.obj (.text:GPIOIntStatus)
                  00006030    0000000e     rtsv7M4_T_le_v4SPD16_eabi.lib : copy_decompress_none.obj (.text:decompress:none)
                  0000603e    0000000c     driverlib.lib : gpio.obj (.text:GPIOIntEnable)
                  0000604a    0000000c     tm4c123gh6pm_startup_ccs.obj (.text)
                  00006056    00000008     driverlib.lib : ssi.obj (.text:SSIBusy)
                  0000605e    00000006                   : gpio.obj (.text:GPIOIntClear)
                  00006064    00000006                   : gpio.obj (.text:GPIOPinWrite)
                  0000606a    00000006                   : sysctl.obj (.text:SysCtlDelay)
                  00006070    00000006                   : uart.obj (.text:UARTClockSourceSet)
                  00006076    00000006                   : uart.obj (.text:UARTFIFOLevelSet)
                  0000607c    00000006     rtsv7M4_T_le_v4SPD16_eabi.lib : copy_decompress_rle.obj (.text:decompress:rle24)
                  00006082    00000004     driverlib.lib : ssi.obj (.text:SSIIntClear)

.const     0    00006088    000003c9     
                  00006088    00000100     cc3000lib.obj (.const:.string:rsbox)
                  00006188    00000100     cc3000lib.obj (.const:.string:sbox)
                  00006288    00000090     driverlib.lib : gpio.obj (.const:g_pui32GPIOBaseAddrs)
                  00006318    00000070                   : interrupt.obj (.const)
                  00006388    0000006c                   : sysctl.obj (.const:g_pui32Xtals)
                  000063f4    00000028     uartstdio.obj (.const)
                  0000641c    00000016     main.obj (.const:.string)
                  00006432    00000002     --HOLE-- [fill = 0]
                  00006434    00000012     uartstdio.obj (.const:.string)
                  00006446    0000000b     cc3000lib.obj (.const:.string)

.cinit     0    00006458    00000068     
                  00006458    0000003f     (.cinit..data.load) [load image, compression = rle]
                  00006497    00000001     --HOLE-- [fill = 0]
                  00006498    0000000c     (__TI_handler_table)
                  000064a4    00000004     --HOLE-- [fill = 0]
                  000064a8    00000008     (.cinit..bss.load) [load image, compression = zero_init]
                  000064b0    00000010     (__TI_cinit_table)

.bss       0    20000000    00001425     UNINITIALIZED
                  20000000    000005f0     cc3000lib.obj (.bss:wlan_rx_buffer)
                  200005f0    000005f0     cc3000lib.obj (.bss:wlan_tx_buffer)
                  20000be0    00000400     uartstdio.obj (.bss:g_pcUARTTxBuffer)
                  20000fe0    00000010     (.common:key)
                  20000ff0    00000004     (.common:OkToDoShutDown)
                  20000ff4    00000004     (.common:broadcast)
                  20000ff8    00000004     (.common:g_ui32PortNum)
                  20000ffc    00000004     (.common:gateway)
                  20001000    00000200     cc3000lib.obj (.bss:ui8DMAChannelControlStructure)
                  20001200    000000b0     cc3000lib.obj (.bss:expandedKey)
                  200012b0    00000080     uartstdio.obj (.bss:g_pcUARTRxBuffer)
                  20001330    00000050     cc3000lib.obj (.bss:sSpiInformation)
                  20001380    00000044     cc3000lib.obj (.bss:profileArray)
                  200013c4    00000044     cc3000lib.obj (.bss:tSLInformation)
                  20001408    00000004     (.common:isConnectedAP)
                  2000140c    00000004     (.common:localip)
                  20001410    00000004     (.common:subnet)
                  20001414    00000004     (.common:ulCC3000DHCP)
                  20001418    00000004     (.common:ulCC3000DHCP_configured)
                  2000141c    00000004     (.common:ulCC3000WasConnected)
                  20001420    00000004     (.common:ulSmartConfigFinished)
                  20001424    00000001     (.common:g_bDisableEcho)

.stack     0    20001428    00000200     UNINITIALIZED
                  20001428    00000200     --HOLE--

.data      0    20001628    00000070     UNINITIALIZED
                  20001628    00000024     main.obj (.data)
                  2000164c    00000015     uartstdio.obj (.data)
                  20001661    00000003     --HOLE--
                  20001664    00000014     cc3000lib.obj (.data)
                  20001678    00000008     rtsv7M4_T_le_v4SPD16_eabi.lib : _lock.obj (.data)
                  20001680    00000008                                   : exit.obj (.data)
                  20001688    00000005     inth.obj (.data)
                  2000168d    00000003     --HOLE--
                  20001690    00000004     rtsv7M4_T_le_v4SPD16_eabi.lib : errno.obj (.data)
                  20001694    00000004                                   : stkdepth_vars.obj (.data)


LINKER GENERATED COPY TABLES

__TI_cinit_table @ 000064b0 records: 2, size/record: 8, table size: 16
	.data: load addr=00006458, load size=0000003f bytes, run addr=20001628, run size=00000070 bytes, compression=rle
	.bss: load addr=000064a8, load size=00000008 bytes, run addr=20000000, run size=00001425 bytes, compression=zero_init


LINKER GENERATED HANDLER TABLE

__TI_handler_table @ 00006498 records: 3, size/record: 4, table size: 12
	index: 0, handler: __TI_decompress_rle24
	index: 1, handler: __TI_decompress_none
	index: 2, handler: __TI_zero_init


GLOBAL SYMBOLS: SORTED ALPHABETICALLY BY Name 

address    name
--------   ----
00005ea1   C$$EXIT
00004817   CC3000_AsyncCallback
000046e5   DispatcherUARTConfigure
000046a9   DispatcherUartSendPacket
00005fe5   FPUEnable
00005ff5   FPULazyStackingEnable
0000605f   GPIOIntClear
00006015   GPIOIntDisable
0000603f   GPIOIntEnable
00006023   GPIOIntStatus
00005dcd   GPIOPinConfigure
00006065   GPIOPinWrite
00005f29   IntPendClear
00004509   IntSpiGPIOHandler
20000ff0   OkToDoShutDown
00005c1b   PlunWorker
00006446   Rcon
0000488d   ReadWlanInterruptPin
0000604b   ResetISR
UNDEFED    SHT$$INIT_ARRAY$$Base
UNDEFED    SHT$$INIT_ARRAY$$Limit
00006057   SSIBusy
00003d01   SSIConfigure
00006083   SSIIntClear
000002d5   STREAM_TO_UINT16_f
000002fb   STREAM_TO_UINT32_f
00000cb1   SimpleLinkWaitData
00000c95   SimpleLinkWaitEvent
00003cdd   SpiCleanGPIOISR
00003e85   SpiClose
00003c8d   SpiConfigureHwMapping
0000413b   SpiDisableSSIDMAChannels
00004161   SpiEnableSSIDMAChannels
00003ff9   SpiFirstWrite
00004571   SpiIntHandler
00003eb7   SpiOpen
00004355   SpiReadDataCont
00004339   SpiReadHeader
00003311   SpiReceiveHandler
00004471   SpiResumeSpi
00004495   SpiTriggerRxProcessing
00004079   SpiWrite
00005a15   SysCtlClockGet
0000606b   SysCtlDelay
00005f81   SysTickEnable
00005f95   SysTickIntEnable
00006005   SysTickPeriodSet
00006071   UARTClockSourceSet
0000585d   UARTEchoSet
00006077   UARTFIFOLevelSet
000057f7   UARTFlushRx
0000581f   UARTFlushTx
0000579d   UARTPeek
0000577b   UARTRxBytesAvail
0000521b   UARTStdioConfig
00005889   UARTStdioIntHandler
00005789   UARTTxBytesFree
000053f5   UARTgetc
00005379   UARTgets
00005757   UARTprintf
0000545d   UARTvprintf
000052d3   UARTwrite
000002ab   UINT16_TO_STREAM_f
0000026d   UINT32_TO_STREAM_f
000048ab   WlanInterruptDisable
0000489f   WlanInterruptEnable
000048b7   WriteWlanPin
20001690   _Errno
20001628   __STACK_END
00000200   __STACK_SIZE
20005428   __STACK_TOP
000064b0   __TI_CINIT_Base
000064c0   __TI_CINIT_Limit
00006498   __TI_Handler_Table_Base
000064a4   __TI_Handler_Table_Limit
00000001   __TI_args_main
00005c61   __TI_auto_init
20001680   __TI_cleanup_ptr
00006031   __TI_decompress_none
0000607d   __TI_decompress_rle24
20001684   __TI_dtors_ptr
00000000   __TI_static_base__
00005fd1   __TI_zero_init
00005cf5   __aeabi_memclr
00005cf5   __aeabi_memclr4
00005cf5   __aeabi_memclr8
00005b2d   __aeabi_memcpy
00005b2d   __aeabi_memcpy4
00005b2d   __aeabi_memcpy8
00005cf7   __aeabi_memset
00005cf7   __aeabi_memset4
00005cf7   __aeabi_memset8
00005ee5   __aeabi_uidivmod
ffffffff   __binit__
ffffffff   __c_args__
20001428   __stack
00005f69   _args_main
00005e15   _c_int00
20001678   _lock
00005fb7   _nop
00005faf   _register_lock
00005fa9   _register_unlock
2000167c   _unlock
00005ea5   abort
00002ad9   accept
0000299d   aes_decrypt
00002985   aes_encrypt
000029b5   aes_read_key
000029cb   aes_write_key
00002b59   bind
ffffffff   binit
20000ff4   broadcast
00002a8b   closesocket
00002cd1   connect
00004dd1   connect_ap
00005e5d   copy_in
00004e8f   disconnect_ap
00005ead   exit
20001200   expandedKey
00000000   g_pfnVectors
20001628   g_ppcSecurity
20001668   g_pui8Dummy
20001674   g_uluDMAErrCount
20000ffc   gateway
00004f61   getBroadcast
00004f15   getGateway
00004e97   getLocalIP
00004ed1   getSubnetMask
00000c3d   get_socket_active_status
00002c35   gethostbyname
00002f21   getsockopt
00000ccb   hci_command_send
00000d91   hci_data_command_send
00000d17   hci_data_send
00000419   hci_event_handler
00000e0d   hci_patch_send
000008e1   hci_unsol_event_handler
00000337   hci_unsol_handle_patch_request
00000b41   hci_unsolicited_event_handler
00004a59   init_satellite
00003f0b   init_spi
00004bf5   init_wifi
00004c67   init_worker
20001408   isConnectedAP
20000fe0   key
00005bc9   led
00005be1   led_blink
00002bd9   listen
2000140c   localip
00004fb3   main
20001694   main_func_sp
000031fd   mdnsAdvertiser
00005b2d   memcpy
00005cfd   memset
000011c3   netapp_arp_flush
00000f5f   netapp_config_mac_adrress
00000f71   netapp_dhcp
000011a1   netapp_ipconfig
0000114d   netapp_ping_report
000010e3   netapp_ping_send
00001175   netapp_ping_stop
000011ef   netapp_set_debug_level
00001023   netapp_timeout_values
000013f9   nvmem_create_entry
00001325   nvmem_get_mac_address
00001239   nvmem_read
000013bd   nvmem_read_sp_version
00001311   nvmem_set_mac_address
0000129f   nvmem_write
00001339   nvmem_write_patch
20001641   pass
20001380   profileArray
00003009   recv
00003035   recvfrom
00006088   rsbox
20001330   sSpiInformation
00006188   sbox
00002d59   select
000031a5   send
000047f3   sendBootLoaderPatch
000047e1   sendDriverPatch
00004805   sendWLFWPatch
000031cf   sendto
00005c07   setState
00000b85   set_socket_active_status
00002e81   setsockopt
00002a25   socket
20001664   socket_active_status
20001638   ssid
00005fbd   strlen
20001410   subnet
200013c4   tSLInformation
2000166a   tSpiReadHeader
20001414   ulCC3000DHCP
20001418   ulCC3000DHCP_configured
2000141c   ulCC3000WasConnected
20001420   ulSmartConfigFinished
000048f9   wifi_scan
000035e5   wlan_add_profile
000033fb   wlan_connect
00003509   wlan_disconnect
000032cb   wlan_init
000038bf   wlan_ioctl_del_profile
000038fb   wlan_ioctl_get_scan_results
0000354d   wlan_ioctl_set_connection_policy
00003933   wlan_ioctl_set_scan_params
00003a51   wlan_ioctl_statusget
20000000   wlan_rx_buffer
000039d9   wlan_set_event_mask
00003b45   wlan_smart_config_process
00003adb   wlan_smart_config_set_prefix
00003a75   wlan_smart_config_start
00003ab7   wlan_smart_config_stop
0000332d   wlan_start
000033d3   wlan_stop
200005f0   wlan_tx_buffer


GLOBAL SYMBOLS: SORTED BY Symbol Address 

address    name
--------   ----
00000000   __TI_static_base__
00000000   g_pfnVectors
00000001   __TI_args_main
00000200   __STACK_SIZE
0000026d   UINT32_TO_STREAM_f
000002ab   UINT16_TO_STREAM_f
000002d5   STREAM_TO_UINT16_f
000002fb   STREAM_TO_UINT32_f
00000337   hci_unsol_handle_patch_request
00000419   hci_event_handler
000008e1   hci_unsol_event_handler
00000b41   hci_unsolicited_event_handler
00000b85   set_socket_active_status
00000c3d   get_socket_active_status
00000c95   SimpleLinkWaitEvent
00000cb1   SimpleLinkWaitData
00000ccb   hci_command_send
00000d17   hci_data_send
00000d91   hci_data_command_send
00000e0d   hci_patch_send
00000f5f   netapp_config_mac_adrress
00000f71   netapp_dhcp
00001023   netapp_timeout_values
000010e3   netapp_ping_send
0000114d   netapp_ping_report
00001175   netapp_ping_stop
000011a1   netapp_ipconfig
000011c3   netapp_arp_flush
000011ef   netapp_set_debug_level
00001239   nvmem_read
0000129f   nvmem_write
00001311   nvmem_set_mac_address
00001325   nvmem_get_mac_address
00001339   nvmem_write_patch
000013bd   nvmem_read_sp_version
000013f9   nvmem_create_entry
00002985   aes_encrypt
0000299d   aes_decrypt
000029b5   aes_read_key
000029cb   aes_write_key
00002a25   socket
00002a8b   closesocket
00002ad9   accept
00002b59   bind
00002bd9   listen
00002c35   gethostbyname
00002cd1   connect
00002d59   select
00002e81   setsockopt
00002f21   getsockopt
00003009   recv
00003035   recvfrom
000031a5   send
000031cf   sendto
000031fd   mdnsAdvertiser
000032cb   wlan_init
00003311   SpiReceiveHandler
0000332d   wlan_start
000033d3   wlan_stop
000033fb   wlan_connect
00003509   wlan_disconnect
0000354d   wlan_ioctl_set_connection_policy
000035e5   wlan_add_profile
000038bf   wlan_ioctl_del_profile
000038fb   wlan_ioctl_get_scan_results
00003933   wlan_ioctl_set_scan_params
000039d9   wlan_set_event_mask
00003a51   wlan_ioctl_statusget
00003a75   wlan_smart_config_start
00003ab7   wlan_smart_config_stop
00003adb   wlan_smart_config_set_prefix
00003b45   wlan_smart_config_process
00003c8d   SpiConfigureHwMapping
00003cdd   SpiCleanGPIOISR
00003d01   SSIConfigure
00003e85   SpiClose
00003eb7   SpiOpen
00003f0b   init_spi
00003ff9   SpiFirstWrite
00004079   SpiWrite
0000413b   SpiDisableSSIDMAChannels
00004161   SpiEnableSSIDMAChannels
00004339   SpiReadHeader
00004355   SpiReadDataCont
00004471   SpiResumeSpi
00004495   SpiTriggerRxProcessing
00004509   IntSpiGPIOHandler
00004571   SpiIntHandler
000046a9   DispatcherUartSendPacket
000046e5   DispatcherUARTConfigure
000047e1   sendDriverPatch
000047f3   sendBootLoaderPatch
00004805   sendWLFWPatch
00004817   CC3000_AsyncCallback
0000488d   ReadWlanInterruptPin
0000489f   WlanInterruptEnable
000048ab   WlanInterruptDisable
000048b7   WriteWlanPin
000048f9   wifi_scan
00004a59   init_satellite
00004bf5   init_wifi
00004c67   init_worker
00004dd1   connect_ap
00004e8f   disconnect_ap
00004e97   getLocalIP
00004ed1   getSubnetMask
00004f15   getGateway
00004f61   getBroadcast
00004fb3   main
0000521b   UARTStdioConfig
000052d3   UARTwrite
00005379   UARTgets
000053f5   UARTgetc
0000545d   UARTvprintf
00005757   UARTprintf
0000577b   UARTRxBytesAvail
00005789   UARTTxBytesFree
0000579d   UARTPeek
000057f7   UARTFlushRx
0000581f   UARTFlushTx
0000585d   UARTEchoSet
00005889   UARTStdioIntHandler
00005a15   SysCtlClockGet
00005b2d   __aeabi_memcpy
00005b2d   __aeabi_memcpy4
00005b2d   __aeabi_memcpy8
00005b2d   memcpy
00005bc9   led
00005be1   led_blink
00005c07   setState
00005c1b   PlunWorker
00005c61   __TI_auto_init
00005cf5   __aeabi_memclr
00005cf5   __aeabi_memclr4
00005cf5   __aeabi_memclr8
00005cf7   __aeabi_memset
00005cf7   __aeabi_memset4
00005cf7   __aeabi_memset8
00005cfd   memset
00005dcd   GPIOPinConfigure
00005e15   _c_int00
00005e5d   copy_in
00005ea1   C$$EXIT
00005ea5   abort
00005ead   exit
00005ee5   __aeabi_uidivmod
00005f29   IntPendClear
00005f69   _args_main
00005f81   SysTickEnable
00005f95   SysTickIntEnable
00005fa9   _register_unlock
00005faf   _register_lock
00005fb7   _nop
00005fbd   strlen
00005fd1   __TI_zero_init
00005fe5   FPUEnable
00005ff5   FPULazyStackingEnable
00006005   SysTickPeriodSet
00006015   GPIOIntDisable
00006023   GPIOIntStatus
00006031   __TI_decompress_none
0000603f   GPIOIntEnable
0000604b   ResetISR
00006057   SSIBusy
0000605f   GPIOIntClear
00006065   GPIOPinWrite
0000606b   SysCtlDelay
00006071   UARTClockSourceSet
00006077   UARTFIFOLevelSet
0000607d   __TI_decompress_rle24
00006083   SSIIntClear
00006088   rsbox
00006188   sbox
00006446   Rcon
00006498   __TI_Handler_Table_Base
000064a4   __TI_Handler_Table_Limit
000064b0   __TI_CINIT_Base
000064c0   __TI_CINIT_Limit
20000000   wlan_rx_buffer
200005f0   wlan_tx_buffer
20000fe0   key
20000ff0   OkToDoShutDown
20000ff4   broadcast
20000ffc   gateway
20001200   expandedKey
20001330   sSpiInformation
20001380   profileArray
200013c4   tSLInformation
20001408   isConnectedAP
2000140c   localip
20001410   subnet
20001414   ulCC3000DHCP
20001418   ulCC3000DHCP_configured
2000141c   ulCC3000WasConnected
20001420   ulSmartConfigFinished
20001428   __stack
20001628   __STACK_END
20001628   g_ppcSecurity
20001638   ssid
20001641   pass
20001664   socket_active_status
20001668   g_pui8Dummy
2000166a   tSpiReadHeader
20001674   g_uluDMAErrCount
20001678   _lock
2000167c   _unlock
20001680   __TI_cleanup_ptr
20001684   __TI_dtors_ptr
20001690   _Errno
20001694   main_func_sp
20005428   __STACK_TOP
ffffffff   __binit__
ffffffff   __c_args__
ffffffff   binit
UNDEFED    SHT$$INIT_ARRAY$$Base
UNDEFED    SHT$$INIT_ARRAY$$Limit

[216 symbols]
