******************************************************************************
                  TI ARM Linker PC v5.1.5                      
******************************************************************************
>> Linked Thu Jul 17 18:57:03 2014

OUTPUT FILE NAME:   <plun_satellite_tm4c123.out>
ENTRY POINT SYMBOL: "_c_int00"  address: 00000de5


MEMORY CONFIGURATION

         name            origin    length      used     unused   attr    fill
----------------------  --------  ---------  --------  --------  ----  --------
  FLASH                 00000000   00040000  00000fe6  0003f01a  R  X
  SRAM                  20000000   00008000  000006c9  00007937  RW X


SEGMENT ALLOCATION MAP

run origin  load origin   length   init length attrs members
----------  ----------- ---------- ----------- ----- -------
00000000    00000000    00000fe8   00000fe8    r-x
  00000000    00000000    0000026c   0000026c    r-- .intvecs
  0000026c    0000026c    00000cf0   00000cf0    r-x .text
  00000f5c    00000f5c    0000003a   0000003a    r-- .const
  00000f98    00000f98    00000050   00000050    r-- .cinit
20000000    20000000    000006cc   00000000    rw-
  20000000    20000000    00000485   00000000    rw- .bss
  20000488    20000488    00000200   00000000    rw- .stack
  20000688    20000688    00000044   00000000    rw- .data


SECTION ALLOCATION MAP

 output                                  attributes/
section   page    origin      length       input sections
--------  ----  ----------  ----------   ----------------
.intvecs   0    00000000    0000026c     
                  00000000    0000026c     tm4c123gh6pm_startup_ccs.obj (.intvecs)

.init_array 
*          0    00000000    00000000     UNINITIALIZED

.text      0    0000026c    00000cf0     
                  0000026c    00000900     uartstdio.obj (.text)
                  00000b6c    0000009c     rtsv7M4_T_le_v4SPD16_eabi.lib : memcpy_t2.obj (.text)
                  00000c08    00000094                                   : auto_init.obj (.text)
                  00000c9c    00000078     uart.obj (.text)
                  00000d14    00000070     main.obj (.text)
                  00000d84    0000005e     rtsv7M4_T_le_v4SPD16_eabi.lib : copy_decompress_rle.obj (.text)
                  00000de2    00000002     --HOLE-- [fill = 0]
                  00000de4    00000048                                   : boot.obj (.text)
                  00000e2c    00000044                                   : cpy_tbl.obj (.text)
                  00000e70    00000044                                   : exit.obj (.text)
                  00000eb4    00000042                                   : u_divt2.obj (.text)
                  00000ef6    00000002     --HOLE-- [fill = 0]
                  00000ef8    00000018                                   : args_main.obj (.text)
                  00000f10    00000014                                   : _lock.obj (.text)
                  00000f24    00000012                                   : copy_zero_init.obj (.text:decompress:ZI)
                  00000f36    0000000e                                   : copy_decompress_none.obj (.text:decompress:none)
                  00000f44    0000000c     tm4c123gh6pm_startup_ccs.obj (.text)
                  00000f50    00000006     driverlib.lib : uart.obj (.text:UARTClockSourceSet)
                  00000f56    00000006     rtsv7M4_T_le_v4SPD16_eabi.lib : copy_decompress_rle.obj (.text:decompress:rle24)

.const     0    00000f5c    0000003a     
                  00000f5c    00000028     uartstdio.obj (.const)
                  00000f84    00000012     uartstdio.obj (.const:.string)

.cinit     0    00000f98    00000050     
                  00000f98    00000026     (.cinit..data.load) [load image, compression = rle]
                  00000fbe    00000002     --HOLE-- [fill = 0]
                  00000fc0    0000000c     (__TI_handler_table)
                  00000fcc    00000004     --HOLE-- [fill = 0]
                  00000fd0    00000008     (.cinit..bss.load) [load image, compression = zero_init]
                  00000fd8    00000010     (__TI_cinit_table)

.bss       0    20000000    00000485     UNINITIALIZED
                  20000000    00000400     uartstdio.obj (.bss:g_pcUARTTxBuffer)
                  20000400    00000080     uartstdio.obj (.bss:g_pcUARTRxBuffer)
                  20000480    00000004     (.common:g_ui32PortNum)
                  20000484    00000001     (.common:g_bDisableEcho)

.stack     0    20000488    00000200     UNINITIALIZED
                  20000488    00000200     --HOLE--

.data      0    20000688    00000044     UNINITIALIZED
                  20000688    00000015     main.obj (.data)
                  2000069d    00000003     --HOLE--
                  200006a0    00000015     uartstdio.obj (.data)
                  200006b5    00000003     --HOLE--
                  200006b8    00000008     rtsv7M4_T_le_v4SPD16_eabi.lib : _lock.obj (.data)
                  200006c0    00000008                                   : exit.obj (.data)
                  200006c8    00000004                                   : stkdepth_vars.obj (.data)


LINKER GENERATED COPY TABLES

__TI_cinit_table @ 00000fd8 records: 2, size/record: 8, table size: 16
	.data: load addr=00000f98, load size=00000026 bytes, run addr=20000688, run size=00000044 bytes, compression=rle
	.bss: load addr=00000fd0, load size=00000008 bytes, run addr=20000000, run size=00000485 bytes, compression=zero_init


LINKER GENERATED HANDLER TABLE

__TI_handler_table @ 00000fc0 records: 3, size/record: 4, table size: 12
	index: 0, handler: __TI_decompress_rle24
	index: 1, handler: __TI_decompress_none
	index: 2, handler: __TI_zero_init


GLOBAL SYMBOLS: SORTED ALPHABETICALLY BY Name 

address    name
--------   ----
00000e71   C$$EXIT
00000f45   ResetISR
UNDEFED    SHT$$INIT_ARRAY$$Base
UNDEFED    SHT$$INIT_ARRAY$$Limit
00000f51   UARTClockSourceSet
000009b5   UARTEchoSet
0000094f   UARTFlushRx
00000977   UARTFlushTx
000008f5   UARTPeek
000008d3   UARTRxBytesAvail
00000373   UARTStdioConfig
000009e1   UARTStdioIntHandler
000008e1   UARTTxBytesFree
0000054d   UARTgetc
000004d1   UARTgets
000008af   UARTprintf
000005b5   UARTvprintf
0000042b   UARTwrite
20000688   __STACK_END
00000200   __STACK_SIZE
20000688   __STACK_TOP
00000fd8   __TI_CINIT_Base
00000fe8   __TI_CINIT_Limit
00000fc0   __TI_Handler_Table_Base
00000fcc   __TI_Handler_Table_Limit
00000001   __TI_args_main
00000c09   __TI_auto_init
200006c0   __TI_cleanup_ptr
00000f37   __TI_decompress_none
00000f57   __TI_decompress_rle24
200006c4   __TI_dtors_ptr
00000000   __TI_static_base__
00000f25   __TI_zero_init
00000b6d   __aeabi_memcpy
00000b6d   __aeabi_memcpy4
00000b6d   __aeabi_memcpy8
00000eb5   __aeabi_uidivmod
ffffffff   __binit__
ffffffff   __c_args__
20000488   __stack
00000ef9   _args_main
00000de5   _c_int00
200006b8   _lock
00000f1f   _nop
00000f17   _register_lock
00000f11   _register_unlock
200006bc   _unlock
00000e75   abort
ffffffff   binit
00000e2d   copy_in
00000e7d   exit
00000000   g_pfnVectors
00000d15   init_clock
00000d51   loop
00000d5d   main
200006c8   main_func_sp
00000b6d   memcpy
20000692   pass
00000c9d   serial_begin
00000d31   setup
20000689   ssid
00000d25   wifi_begin


GLOBAL SYMBOLS: SORTED BY Symbol Address 

address    name
--------   ----
00000000   __TI_static_base__
00000000   g_pfnVectors
00000001   __TI_args_main
00000200   __STACK_SIZE
00000373   UARTStdioConfig
0000042b   UARTwrite
000004d1   UARTgets
0000054d   UARTgetc
000005b5   UARTvprintf
000008af   UARTprintf
000008d3   UARTRxBytesAvail
000008e1   UARTTxBytesFree
000008f5   UARTPeek
0000094f   UARTFlushRx
00000977   UARTFlushTx
000009b5   UARTEchoSet
000009e1   UARTStdioIntHandler
00000b6d   __aeabi_memcpy
00000b6d   __aeabi_memcpy4
00000b6d   __aeabi_memcpy8
00000b6d   memcpy
00000c09   __TI_auto_init
00000c9d   serial_begin
00000d15   init_clock
00000d25   wifi_begin
00000d31   setup
00000d51   loop
00000d5d   main
00000de5   _c_int00
00000e2d   copy_in
00000e71   C$$EXIT
00000e75   abort
00000e7d   exit
00000eb5   __aeabi_uidivmod
00000ef9   _args_main
00000f11   _register_unlock
00000f17   _register_lock
00000f1f   _nop
00000f25   __TI_zero_init
00000f37   __TI_decompress_none
00000f45   ResetISR
00000f51   UARTClockSourceSet
00000f57   __TI_decompress_rle24
00000fc0   __TI_Handler_Table_Base
00000fcc   __TI_Handler_Table_Limit
00000fd8   __TI_CINIT_Base
00000fe8   __TI_CINIT_Limit
20000488   __stack
20000688   __STACK_END
20000688   __STACK_TOP
20000689   ssid
20000692   pass
200006b8   _lock
200006bc   _unlock
200006c0   __TI_cleanup_ptr
200006c4   __TI_dtors_ptr
200006c8   main_func_sp
ffffffff   __binit__
ffffffff   __c_args__
ffffffff   binit
UNDEFED    SHT$$INIT_ARRAY$$Base
UNDEFED    SHT$$INIT_ARRAY$$Limit

[62 symbols]
