<?xml version="1.0"?>
<link_info>
   <banner>TI ARM Linker PC v5.1.5</banner>
   <copyright>Copyright (c) 1996-2014 Texas Instruments Incorporated</copyright>
   <link_time>0x53cca1e7</link_time>
   <link_errors>0x0</link_errors>
   <output_file>plun_satellite_tm4c123.out</output_file>
   <entry_point>
      <name>_c_int00</name>
      <address>0x5b51</address>
   </entry_point>
   <input_file_list>
      <input_file id="fl-2">
         <path>.\include\</path>
         <kind>object</kind>
         <file>wifi.obj</file>
         <name>wifi.obj</name>
      </input_file>
      <input_file id="fl-3">
         <path>.\include\</path>
         <kind>object</kind>
         <file>matt_pub.obj</file>
         <name>matt_pub.obj</name>
      </input_file>
      <input_file id="fl-4">
         <path>.\include\</path>
         <kind>object</kind>
         <file>inth.obj</file>
         <name>inth.obj</name>
      </input_file>
      <input_file id="fl-5">
         <path>.\include\</path>
         <kind>object</kind>
         <file>base.obj</file>
         <name>base.obj</name>
      </input_file>
      <input_file id="fl-6">
         <path>.\</path>
         <kind>object</kind>
         <file>uartstdio.obj</file>
         <name>uartstdio.obj</name>
      </input_file>
      <input_file id="fl-7">
         <path>.\</path>
         <kind>object</kind>
         <file>tm4c123gh6pm_startup_ccs.obj</file>
         <name>tm4c123gh6pm_startup_ccs.obj</name>
      </input_file>
      <input_file id="fl-8">
         <path>.\</path>
         <kind>object</kind>
         <file>main.obj</file>
         <name>main.obj</name>
      </input_file>
      <input_file id="fl-9">
         <path>.\</path>
         <kind>object</kind>
         <file>cc3000lib.obj</file>
         <name>cc3000lib.obj</name>
      </input_file>
      <input_file id="fl-137">
         <path>c:\ti\ccsv6\tools\compiler\arm_5.1.5\lib\</path>
         <kind>archive</kind>
         <file>rtsv7M4_T_le_v4SPD16_eabi.lib</file>
         <name>boot.obj</name>
      </input_file>
      <input_file id="fl-138">
         <path>c:\ti\ccsv6\tools\compiler\arm_5.1.5\lib\</path>
         <kind>archive</kind>
         <file>rtsv7M4_T_le_v4SPD16_eabi.lib</file>
         <name>copy_decompress_none.obj</name>
      </input_file>
      <input_file id="fl-139">
         <path>c:\ti\ccsv6\tools\compiler\arm_5.1.5\lib\</path>
         <kind>archive</kind>
         <file>rtsv7M4_T_le_v4SPD16_eabi.lib</file>
         <name>copy_decompress_rle.obj</name>
      </input_file>
      <input_file id="fl-13a">
         <path>c:\ti\ccsv6\tools\compiler\arm_5.1.5\lib\</path>
         <kind>archive</kind>
         <file>rtsv7M4_T_le_v4SPD16_eabi.lib</file>
         <name>copy_zero_init.obj</name>
      </input_file>
      <input_file id="fl-13b">
         <path>c:\ti\ccsv6\tools\compiler\arm_5.1.5\lib\</path>
         <kind>archive</kind>
         <file>rtsv7M4_T_le_v4SPD16_eabi.lib</file>
         <name>errno.obj</name>
      </input_file>
      <input_file id="fl-13c">
         <path>c:\ti\ccsv6\tools\compiler\arm_5.1.5\lib\</path>
         <kind>archive</kind>
         <file>rtsv7M4_T_le_v4SPD16_eabi.lib</file>
         <name>exit.obj</name>
      </input_file>
      <input_file id="fl-13d">
         <path>c:\ti\ccsv6\tools\compiler\arm_5.1.5\lib\</path>
         <kind>archive</kind>
         <file>rtsv7M4_T_le_v4SPD16_eabi.lib</file>
         <name>memcpy_t2.obj</name>
      </input_file>
      <input_file id="fl-13e">
         <path>c:\ti\ccsv6\tools\compiler\arm_5.1.5\lib\</path>
         <kind>archive</kind>
         <file>rtsv7M4_T_le_v4SPD16_eabi.lib</file>
         <name>memset_t2.obj</name>
      </input_file>
      <input_file id="fl-13f">
         <path>c:\ti\ccsv6\tools\compiler\arm_5.1.5\lib\</path>
         <kind>archive</kind>
         <file>rtsv7M4_T_le_v4SPD16_eabi.lib</file>
         <name>stkdepth_vars.obj</name>
      </input_file>
      <input_file id="fl-140">
         <path>c:\ti\ccsv6\tools\compiler\arm_5.1.5\lib\</path>
         <kind>archive</kind>
         <file>rtsv7M4_T_le_v4SPD16_eabi.lib</file>
         <name>strlen.obj</name>
      </input_file>
      <input_file id="fl-141">
         <path>c:\ti\ccsv6\tools\compiler\arm_5.1.5\lib\</path>
         <kind>archive</kind>
         <file>rtsv7M4_T_le_v4SPD16_eabi.lib</file>
         <name>u_divt2.obj</name>
      </input_file>
      <input_file id="fl-142">
         <path>c:\ti\ccsv6\tools\compiler\arm_5.1.5\lib\</path>
         <kind>archive</kind>
         <file>rtsv7M4_T_le_v4SPD16_eabi.lib</file>
         <name>_lock.obj</name>
      </input_file>
      <input_file id="fl-143">
         <path>c:\ti\ccsv6\tools\compiler\arm_5.1.5\lib\</path>
         <kind>archive</kind>
         <file>rtsv7M4_T_le_v4SPD16_eabi.lib</file>
         <name>args_main.obj</name>
      </input_file>
      <input_file id="fl-144">
         <path>c:\ti\ccsv6\tools\compiler\arm_5.1.5\lib\</path>
         <kind>archive</kind>
         <file>rtsv7M4_T_le_v4SPD16_eabi.lib</file>
         <name>auto_init.obj</name>
      </input_file>
      <input_file id="fl-145">
         <path>c:\ti\ccsv6\tools\compiler\arm_5.1.5\lib\</path>
         <kind>archive</kind>
         <file>rtsv7M4_T_le_v4SPD16_eabi.lib</file>
         <name>cpy_tbl.obj</name>
      </input_file>
      <input_file id="fl-146">
         <path>C:\ti\TivaWare_C_Series-2.1.0.12573\driverlib\ccs\Debug\</path>
         <kind>archive</kind>
         <file>driverlib.lib</file>
         <name>uart.obj</name>
      </input_file>
      <input_file id="fl-147">
         <path>C:\ti\TivaWare_C_Series-2.1.0.12573\driverlib\ccs\Debug\</path>
         <kind>archive</kind>
         <file>driverlib.lib</file>
         <name>systick.obj</name>
      </input_file>
      <input_file id="fl-148">
         <path>C:\ti\TivaWare_C_Series-2.1.0.12573\driverlib\ccs\Debug\</path>
         <kind>archive</kind>
         <file>driverlib.lib</file>
         <name>sysctl.obj</name>
      </input_file>
      <input_file id="fl-149">
         <path>C:\ti\TivaWare_C_Series-2.1.0.12573\driverlib\ccs\Debug\</path>
         <kind>archive</kind>
         <file>driverlib.lib</file>
         <name>ssi.obj</name>
      </input_file>
      <input_file id="fl-14a">
         <path>C:\ti\TivaWare_C_Series-2.1.0.12573\driverlib\ccs\Debug\</path>
         <kind>archive</kind>
         <file>driverlib.lib</file>
         <name>interrupt.obj</name>
      </input_file>
      <input_file id="fl-14b">
         <path>C:\ti\TivaWare_C_Series-2.1.0.12573\driverlib\ccs\Debug\</path>
         <kind>archive</kind>
         <file>driverlib.lib</file>
         <name>gpio.obj</name>
      </input_file>
      <input_file id="fl-14c">
         <path>C:\ti\TivaWare_C_Series-2.1.0.12573\driverlib\ccs\Debug\</path>
         <kind>archive</kind>
         <file>driverlib.lib</file>
         <name>fpu.obj</name>
      </input_file>
      <input_file id="fl-14d">
         <path>C:\ti\TivaWare_C_Series-2.1.0.12573\driverlib\ccs\Debug\</path>
         <kind>archive</kind>
         <file>driverlib.lib</file>
         <name>cpu.obj</name>
      </input_file>
   </input_file_list>
   <object_component_list>
      <object_component id="oc-e">
         <name>.intvecs</name>
         <load_address>0x0</load_address>
         <run_address>0x0</run_address>
         <size>0x26c</size>
         <input_file_ref idref="fl-7"/>
      </object_component>
      <object_component id="oc-2e">
         <name>.text</name>
         <load_address>0x26c</load_address>
         <run_address>0x26c</run_address>
         <size>0x4574</size>
         <input_file_ref idref="fl-9"/>
      </object_component>
      <object_component id="oc-33">
         <name>.text</name>
         <load_address>0x47e0</load_address>
         <run_address>0x47e0</run_address>
         <size>0x900</size>
         <input_file_ref idref="fl-6"/>
      </object_component>
      <object_component id="oc-16c">
         <name>.text</name>
         <load_address>0x50e0</load_address>
         <run_address>0x50e0</run_address>
         <size>0x288</size>
         <input_file_ref idref="fl-2"/>
      </object_component>
      <object_component id="oc-f1">
         <name>.text</name>
         <load_address>0x5368</load_address>
         <run_address>0x5368</run_address>
         <size>0x204</size>
         <input_file_ref idref="fl-8"/>
      </object_component>
      <object_component id="oc-167">
         <name>.text</name>
         <load_address>0x556c</load_address>
         <run_address>0x556c</run_address>
         <size>0x1d0</size>
         <input_file_ref idref="fl-5"/>
      </object_component>
      <object_component id="oc-1b4">
         <name>.text:SysCtlClockGet</name>
         <load_address>0x573c</load_address>
         <run_address>0x573c</run_address>
         <size>0x118</size>
         <input_file_ref idref="fl-148"/>
      </object_component>
      <object_component id="oc-29">
         <name>.text</name>
         <load_address>0x5854</load_address>
         <run_address>0x5854</run_address>
         <size>0xac</size>
         <input_file_ref idref="fl-4"/>
      </object_component>
      <object_component id="oc-4c">
         <name>.text</name>
         <load_address>0x5900</load_address>
         <run_address>0x5900</run_address>
         <size>0x9c</size>
         <input_file_ref idref="fl-13d"/>
      </object_component>
      <object_component id="oc-3b">
         <name>.text</name>
         <load_address>0x599c</load_address>
         <run_address>0x599c</run_address>
         <size>0x94</size>
         <input_file_ref idref="fl-144"/>
      </object_component>
      <object_component id="oc-81">
         <name>.text</name>
         <load_address>0x5a30</load_address>
         <run_address>0x5a30</run_address>
         <size>0x78</size>
         <input_file_ref idref="fl-13e"/>
      </object_component>
      <object_component id="oc-5e">
         <name>.text</name>
         <load_address>0x5aa8</load_address>
         <run_address>0x5aa8</run_address>
         <size>0x5e</size>
         <input_file_ref idref="fl-139"/>
      </object_component>
      <object_component id="oc-95">
         <name>.text:GPIOPinConfigure</name>
         <load_address>0x5b08</load_address>
         <run_address>0x5b08</run_address>
         <size>0x48</size>
         <input_file_ref idref="fl-14b"/>
      </object_component>
      <object_component id="oc-10">
         <name>.text</name>
         <load_address>0x5b50</load_address>
         <run_address>0x5b50</run_address>
         <size>0x48</size>
         <input_file_ref idref="fl-137"/>
      </object_component>
      <object_component id="oc-eb">
         <name>.text</name>
         <load_address>0x5b98</load_address>
         <run_address>0x5b98</run_address>
         <size>0x44</size>
         <input_file_ref idref="fl-145"/>
      </object_component>
      <object_component id="oc-44">
         <name>.text</name>
         <load_address>0x5bdc</load_address>
         <run_address>0x5bdc</run_address>
         <size>0x44</size>
         <input_file_ref idref="fl-13c"/>
      </object_component>
      <object_component id="oc-de">
         <name>.text</name>
         <load_address>0x5c20</load_address>
         <run_address>0x5c20</run_address>
         <size>0x42</size>
         <input_file_ref idref="fl-141"/>
      </object_component>
      <object_component id="oc-ab">
         <name>.text:IntPendClear</name>
         <load_address>0x5c64</load_address>
         <run_address>0x5c64</run_address>
         <size>0x40</size>
         <input_file_ref idref="fl-14a"/>
      </object_component>
      <object_component id="oc-3f">
         <name>.text</name>
         <load_address>0x5ca4</load_address>
         <run_address>0x5ca4</run_address>
         <size>0x18</size>
         <input_file_ref idref="fl-143"/>
      </object_component>
      <object_component id="oc-1c3">
         <name>.text:SysTickEnable</name>
         <load_address>0x5cbc</load_address>
         <run_address>0x5cbc</run_address>
         <size>0x14</size>
         <input_file_ref idref="fl-147"/>
      </object_component>
      <object_component id="oc-1be">
         <name>.text:SysTickIntEnable</name>
         <load_address>0x5cd0</load_address>
         <run_address>0x5cd0</run_address>
         <size>0x14</size>
         <input_file_ref idref="fl-147"/>
      </object_component>
      <object_component id="oc-18e">
         <name>.text</name>
         <load_address>0x5ce4</load_address>
         <run_address>0x5ce4</run_address>
         <size>0x14</size>
         <input_file_ref idref="fl-142"/>
      </object_component>
      <object_component id="oc-1dd">
         <name>.text</name>
         <load_address>0x5cf8</load_address>
         <run_address>0x5cf8</run_address>
         <size>0x14</size>
         <input_file_ref idref="fl-140"/>
      </object_component>
      <object_component id="oc-19">
         <name>.text:decompress:ZI</name>
         <load_address>0x5d0c</load_address>
         <run_address>0x5d0c</run_address>
         <size>0x12</size>
         <input_file_ref idref="fl-13a"/>
      </object_component>
      <object_component id="oc-1c8">
         <name>.text:FPUEnable</name>
         <load_address>0x5d20</load_address>
         <run_address>0x5d20</run_address>
         <size>0x10</size>
         <input_file_ref idref="fl-14c"/>
      </object_component>
      <object_component id="oc-1cd">
         <name>.text:FPULazyStackingEnable</name>
         <load_address>0x5d30</load_address>
         <run_address>0x5d30</run_address>
         <size>0x10</size>
         <input_file_ref idref="fl-14c"/>
      </object_component>
      <object_component id="oc-1b9">
         <name>.text:SysTickPeriodSet</name>
         <load_address>0x5d40</load_address>
         <run_address>0x5d40</run_address>
         <size>0x10</size>
         <input_file_ref idref="fl-147"/>
      </object_component>
      <object_component id="oc-1d2">
         <name>.text:GPIOIntDisable</name>
         <load_address>0x5d50</load_address>
         <run_address>0x5d50</run_address>
         <size>0xe</size>
         <input_file_ref idref="fl-14b"/>
      </object_component>
      <object_component id="oc-87">
         <name>.text:GPIOIntStatus</name>
         <load_address>0x5d5e</load_address>
         <run_address>0x5d5e</run_address>
         <size>0xe</size>
         <input_file_ref idref="fl-14b"/>
      </object_component>
      <object_component id="oc-14">
         <name>.text:decompress:none</name>
         <load_address>0x5d6c</load_address>
         <run_address>0x5d6c</run_address>
         <size>0xe</size>
         <input_file_ref idref="fl-138"/>
      </object_component>
      <object_component id="oc-1d7">
         <name>.text:GPIOIntEnable</name>
         <load_address>0x5d7a</load_address>
         <run_address>0x5d7a</run_address>
         <size>0xc</size>
         <input_file_ref idref="fl-14b"/>
      </object_component>
      <object_component id="oc-24">
         <name>.text</name>
         <load_address>0x5d86</load_address>
         <run_address>0x5d86</run_address>
         <size>0xc</size>
         <input_file_ref idref="fl-7"/>
      </object_component>
      <object_component id="oc-a2">
         <name>.text:SSIBusy</name>
         <load_address>0x5d92</load_address>
         <run_address>0x5d92</run_address>
         <size>0x8</size>
         <input_file_ref idref="fl-149"/>
      </object_component>
      <object_component id="oc-8c">
         <name>.text:GPIOIntClear</name>
         <load_address>0x5d9a</load_address>
         <run_address>0x5d9a</run_address>
         <size>0x6</size>
         <input_file_ref idref="fl-14b"/>
      </object_component>
      <object_component id="oc-a1">
         <name>.text:SysCtlDelay</name>
         <load_address>0x5da0</load_address>
         <run_address>0x5da0</run_address>
         <size>0x6</size>
         <input_file_ref idref="fl-148"/>
      </object_component>
      <object_component id="oc-b5">
         <name>.text:UARTClockSourceSet</name>
         <load_address>0x5da6</load_address>
         <run_address>0x5da6</run_address>
         <size>0x6</size>
         <input_file_ref idref="fl-146"/>
      </object_component>
      <object_component id="oc-b0">
         <name>.text:UARTFIFOLevelSet</name>
         <load_address>0x5dac</load_address>
         <run_address>0x5dac</run_address>
         <size>0x6</size>
         <input_file_ref idref="fl-146"/>
      </object_component>
      <object_component id="oc-1e">
         <name>.text:decompress:rle24</name>
         <load_address>0x5db2</load_address>
         <run_address>0x5db2</run_address>
         <size>0x6</size>
         <input_file_ref idref="fl-139"/>
      </object_component>
      <object_component id="oc-9a">
         <name>.text:SSIIntClear</name>
         <load_address>0x5db8</load_address>
         <run_address>0x5db8</run_address>
         <size>0x4</size>
         <input_file_ref idref="fl-149"/>
      </object_component>
      <object_component id="oc-7b">
         <name>.const:.string:rsbox</name>
         <load_address>0x5dbc</load_address>
         <run_address>0x5dbc</run_address>
         <size>0x100</size>
         <input_file_ref idref="fl-9"/>
      </object_component>
      <object_component id="oc-79">
         <name>.const:.string:sbox</name>
         <load_address>0x5ebc</load_address>
         <run_address>0x5ebc</run_address>
         <size>0x100</size>
         <input_file_ref idref="fl-9"/>
      </object_component>
      <object_component id="oc-13b">
         <name>.const:g_pui32GPIOBaseAddrs</name>
         <load_address>0x5fbc</load_address>
         <run_address>0x5fbc</run_address>
         <size>0x90</size>
         <input_file_ref idref="fl-14b"/>
      </object_component>
      <object_component id="oc-14c">
         <name>.const</name>
         <load_address>0x604c</load_address>
         <run_address>0x604c</run_address>
         <size>0x70</size>
         <input_file_ref idref="fl-14a"/>
      </object_component>
      <object_component id="oc-1f1">
         <name>.const:g_pui32Xtals</name>
         <load_address>0x60bc</load_address>
         <run_address>0x60bc</run_address>
         <size>0x6c</size>
         <input_file_ref idref="fl-148"/>
      </object_component>
      <object_component id="oc-d6">
         <name>.const</name>
         <load_address>0x6128</load_address>
         <run_address>0x6128</run_address>
         <size>0x28</size>
         <input_file_ref idref="fl-6"/>
      </object_component>
      <object_component id="oc-15b">
         <name>.const:.string</name>
         <load_address>0x6150</load_address>
         <run_address>0x6150</run_address>
         <size>0x12</size>
         <input_file_ref idref="fl-6"/>
      </object_component>
      <object_component id="oc-77">
         <name>.const:.string</name>
         <load_address>0x6162</load_address>
         <run_address>0x6162</run_address>
         <size>0xb</size>
         <input_file_ref idref="fl-9"/>
      </object_component>
      <object_component id="oc-184">
         <name>.const:.string</name>
         <load_address>0x616d</load_address>
         <run_address>0x616d</run_address>
         <size>0x5</size>
         <input_file_ref idref="fl-8"/>
      </object_component>
      <object_component id="oc-228">
         <name>.cinit..data.load</name>
         <load_address>0x6178</load_address>
         <run_address>0x6178</run_address>
         <size>0x30</size>
      </object_component>
      <object_component id="oc-226">
         <name>__TI_handler_table</name>
         <load_address>0x61a8</load_address>
         <run_address>0x61a8</run_address>
         <size>0xc</size>
      </object_component>
      <object_component id="oc-229">
         <name>.cinit..bss.load</name>
         <load_address>0x61b8</load_address>
         <run_address>0x61b8</run_address>
         <size>0x8</size>
      </object_component>
      <object_component id="oc-227">
         <name>__TI_cinit_table</name>
         <load_address>0x61c0</load_address>
         <run_address>0x61c0</run_address>
         <size>0x10</size>
      </object_component>
      <object_component id="oc-49">
         <name>.data</name>
         <load_address>0x20001680</load_address>
         <run_address>0x20001680</run_address>
         <size>0x4</size>
         <input_file_ref idref="fl-13f"/>
      </object_component>
      <object_component id="oc-6b">
         <name>.data</name>
         <load_address>0x20001674</load_address>
         <run_address>0x20001674</run_address>
         <size>0x5</size>
         <input_file_ref idref="fl-4"/>
      </object_component>
      <object_component id="oc-75">
         <name>.data</name>
         <load_address>0x2000163c</load_address>
         <run_address>0x2000163c</run_address>
         <size>0x14</size>
         <input_file_ref idref="fl-9"/>
      </object_component>
      <object_component id="oc-7f">
         <name>.data</name>
         <load_address>0x2000167c</load_address>
         <run_address>0x2000167c</run_address>
         <size>0x4</size>
         <input_file_ref idref="fl-13b"/>
      </object_component>
      <object_component id="oc-d4">
         <name>.data</name>
         <load_address>0x20001624</load_address>
         <run_address>0x20001624</run_address>
         <size>0x15</size>
         <input_file_ref idref="fl-6"/>
      </object_component>
      <object_component id="oc-f8">
         <name>.data</name>
         <load_address>0x20001664</load_address>
         <run_address>0x20001664</run_address>
         <size>0x8</size>
         <input_file_ref idref="fl-142"/>
      </object_component>
      <object_component id="oc-fa">
         <name>.data</name>
         <load_address>0x2000166c</load_address>
         <run_address>0x2000166c</run_address>
         <size>0x8</size>
         <input_file_ref idref="fl-13c"/>
      </object_component>
      <object_component id="oc-171">
         <name>.data</name>
         <load_address>0x20001650</load_address>
         <run_address>0x20001650</run_address>
         <size>0x14</size>
         <input_file_ref idref="fl-8"/>
      </object_component>
      <object_component id="oc-73">
         <name>.bss:tSLInformation</name>
         <uninitialized>true</uninitialized>
         <run_address>0x200013c4</run_address>
         <size>0x44</size>
         <input_file_ref idref="fl-9"/>
      </object_component>
      <object_component id="oc-7d">
         <name>.bss:expandedKey</name>
         <uninitialized>true</uninitialized>
         <run_address>0x20001200</run_address>
         <size>0xb0</size>
         <input_file_ref idref="fl-9"/>
      </object_component>
      <object_component id="oc-85">
         <name>.bss:wlan_tx_buffer</name>
         <uninitialized>true</uninitialized>
         <run_address>0x200005f0</run_address>
         <size>0x5f0</size>
         <input_file_ref idref="fl-9"/>
      </object_component>
      <object_component id="oc-93">
         <name>.bss:profileArray</name>
         <uninitialized>true</uninitialized>
         <run_address>0x20001380</run_address>
         <size>0x44</size>
         <input_file_ref idref="fl-9"/>
      </object_component>
      <object_component id="oc-9f">
         <name>.bss:sSpiInformation</name>
         <uninitialized>true</uninitialized>
         <run_address>0x20001330</run_address>
         <size>0x50</size>
         <input_file_ref idref="fl-9"/>
      </object_component>
      <object_component id="oc-a7">
         <name>.bss:ui8DMAChannelControlStructure</name>
         <uninitialized>true</uninitialized>
         <run_address>0x20001000</run_address>
         <size>0x200</size>
         <input_file_ref idref="fl-9"/>
      </object_component>
      <object_component id="oc-a9">
         <name>.bss:wlan_rx_buffer</name>
         <uninitialized>true</uninitialized>
         <run_address>0x20000000</run_address>
         <size>0x5f0</size>
         <input_file_ref idref="fl-9"/>
      </object_component>
      <object_component id="oc-da">
         <name>.bss:g_pcUARTTxBuffer</name>
         <uninitialized>true</uninitialized>
         <run_address>0x20000be0</run_address>
         <size>0x400</size>
         <input_file_ref idref="fl-6"/>
      </object_component>
      <object_component id="oc-dc">
         <name>.bss:g_pcUARTRxBuffer</name>
         <uninitialized>true</uninitialized>
         <run_address>0x200012b0</run_address>
         <size>0x80</size>
         <input_file_ref idref="fl-6"/>
      </object_component>
      <object_component id="oc-1e3">
         <name>.common:isConnectedAP</name>
         <uninitialized>true</uninitialized>
         <run_address>0x20001408</run_address>
         <size>0x4</size>
      </object_component>
      <object_component id="oc-1e4">
         <name>.common:ulSmartConfigFinished</name>
         <uninitialized>true</uninitialized>
         <run_address>0x2000141c</run_address>
         <size>0x4</size>
      </object_component>
      <object_component id="oc-1e2">
         <name>.common:ulCC3000DHCP</name>
         <uninitialized>true</uninitialized>
         <run_address>0x20001414</run_address>
         <size>0x4</size>
      </object_component>
      <object_component id="oc-1e6">
         <name>.common:OkToDoShutDown</name>
         <uninitialized>true</uninitialized>
         <run_address>0x20000ff0</run_address>
         <size>0x4</size>
      </object_component>
      <object_component id="oc-1e5">
         <name>.common:ulCC3000DHCP_configured</name>
         <uninitialized>true</uninitialized>
         <run_address>0x20001418</run_address>
         <size>0x4</size>
      </object_component>
      <object_component id="oc-e2">
         <name>.common:g_bDisableEcho</name>
         <uninitialized>true</uninitialized>
         <run_address>0x20001420</run_address>
         <size>0x1</size>
      </object_component>
      <object_component id="oc-d8">
         <name>.common:g_ui32PortNum</name>
         <uninitialized>true</uninitialized>
         <run_address>0x20000ff8</run_address>
         <size>0x4</size>
      </object_component>
      <object_component id="oc-17a">
         <name>.common:local</name>
         <uninitialized>true</uninitialized>
         <run_address>0x2000140c</run_address>
         <size>0x4</size>
      </object_component>
      <object_component id="oc-17d">
         <name>.common:gateway</name>
         <uninitialized>true</uninitialized>
         <run_address>0x20000ffc</run_address>
         <size>0x4</size>
      </object_component>
      <object_component id="oc-180">
         <name>.common:subnet</name>
         <uninitialized>true</uninitialized>
         <run_address>0x20001410</run_address>
         <size>0x4</size>
      </object_component>
      <object_component id="oc-183">
         <name>.common:broadcast</name>
         <uninitialized>true</uninitialized>
         <run_address>0x20000ff4</run_address>
         <size>0x4</size>
      </object_component>
      <object_component id="oc-91">
         <name>.common:key</name>
         <uninitialized>true</uninitialized>
         <run_address>0x20000fe0</run_address>
         <size>0x10</size>
      </object_component>
      <object_component id="oc-23">
         <name>.stack</name>
         <uninitialized>true</uninitialized>
         <run_address>0x20001424</run_address>
         <size>0x0</size>
         <input_file_ref idref="fl-137"/>
      </object_component>
      <object_component id="oc-22a">
         <name>.stack</name>
         <uninitialized>true</uninitialized>
         <run_address>0x20001424</run_address>
         <size>0x0</size>
      </object_component>
      <object_component id="oc-f">
         <name>.debug_info</name>
         <load_address>0x0</load_address>
         <run_address>0x0</run_address>
         <size>0xf9</size>
         <input_file_ref idref="fl-7"/>
      </object_component>
      <object_component id="oc-11">
         <name>.debug_info</name>
         <load_address>0xf9</load_address>
         <run_address>0xf9</run_address>
         <size>0xf3</size>
         <input_file_ref idref="fl-137"/>
      </object_component>
      <object_component id="oc-18">
         <name>.debug_info</name>
         <load_address>0x1ec</load_address>
         <run_address>0x1ec</run_address>
         <size>0x194</size>
         <input_file_ref idref="fl-138"/>
      </object_component>
      <object_component id="oc-1a">
         <name>.debug_info</name>
         <load_address>0x380</load_address>
         <run_address>0x380</run_address>
         <size>0x16a</size>
         <input_file_ref idref="fl-13a"/>
      </object_component>
      <object_component id="oc-21">
         <name>.debug_info</name>
         <load_address>0x4ea</load_address>
         <run_address>0x4ea</run_address>
         <size>0x18e</size>
         <input_file_ref idref="fl-139"/>
      </object_component>
      <object_component id="oc-28">
         <name>.debug_info</name>
         <load_address>0x678</load_address>
         <run_address>0x678</run_address>
         <size>0x275</size>
         <input_file_ref idref="fl-7"/>
      </object_component>
      <object_component id="oc-2a">
         <name>.debug_info</name>
         <load_address>0x8ed</load_address>
         <run_address>0x8ed</run_address>
         <size>0x2ec</size>
         <input_file_ref idref="fl-4"/>
      </object_component>
      <object_component id="oc-2f">
         <name>.debug_info</name>
         <load_address>0xbd9</load_address>
         <run_address>0xbd9</run_address>
         <size>0xbdb7</size>
         <input_file_ref idref="fl-9"/>
      </object_component>
      <object_component id="oc-36">
         <name>.debug_info</name>
         <load_address>0xc990</load_address>
         <run_address>0xc990</run_address>
         <size>0x1644</size>
         <input_file_ref idref="fl-6"/>
      </object_component>
      <object_component id="oc-3a">
         <name>.debug_info</name>
         <load_address>0xdfd4</load_address>
         <run_address>0xdfd4</run_address>
         <size>0x1a4</size>
         <input_file_ref idref="fl-7"/>
      </object_component>
      <object_component id="oc-3e">
         <name>.debug_info</name>
         <load_address>0xe178</load_address>
         <run_address>0xe178</run_address>
         <size>0x13d</size>
         <input_file_ref idref="fl-144"/>
      </object_component>
      <object_component id="oc-40">
         <name>.debug_info</name>
         <load_address>0xe2b5</load_address>
         <run_address>0xe2b5</run_address>
         <size>0x11c</size>
         <input_file_ref idref="fl-143"/>
      </object_component>
      <object_component id="oc-45">
         <name>.debug_info</name>
         <load_address>0xe3d1</load_address>
         <run_address>0xe3d1</run_address>
         <size>0x1c2</size>
         <input_file_ref idref="fl-13c"/>
      </object_component>
      <object_component id="oc-4a">
         <name>.debug_info</name>
         <load_address>0xe593</load_address>
         <run_address>0xe593</run_address>
         <size>0xbe</size>
         <input_file_ref idref="fl-13f"/>
      </object_component>
      <object_component id="oc-4d">
         <name>.debug_info</name>
         <load_address>0xe651</load_address>
         <run_address>0xe651</run_address>
         <size>0xcc</size>
         <input_file_ref idref="fl-13d"/>
      </object_component>
      <object_component id="oc-51">
         <name>.debug_info</name>
         <load_address>0xe71d</load_address>
         <run_address>0xe71d</run_address>
         <size>0x46</size>
         <input_file_ref idref="fl-138"/>
      </object_component>
      <object_component id="oc-56">
         <name>.debug_info</name>
         <load_address>0xe763</load_address>
         <run_address>0xe763</run_address>
         <size>0xf2</size>
         <input_file_ref idref="fl-138"/>
      </object_component>
      <object_component id="oc-58">
         <name>.debug_info</name>
         <load_address>0xe855</load_address>
         <run_address>0xe855</run_address>
         <size>0x46</size>
         <input_file_ref idref="fl-13a"/>
      </object_component>
      <object_component id="oc-5d">
         <name>.debug_info</name>
         <load_address>0xe89b</load_address>
         <run_address>0xe89b</run_address>
         <size>0xad</size>
         <input_file_ref idref="fl-13a"/>
      </object_component>
      <object_component id="oc-61">
         <name>.debug_info</name>
         <load_address>0xe948</load_address>
         <run_address>0xe948</run_address>
         <size>0x1ef</size>
         <input_file_ref idref="fl-139"/>
      </object_component>
      <object_component id="oc-64">
         <name>.debug_info</name>
         <load_address>0xeb37</load_address>
         <run_address>0xeb37</run_address>
         <size>0xb7</size>
         <input_file_ref idref="fl-139"/>
      </object_component>
      <object_component id="oc-65">
         <name>.debug_info</name>
         <load_address>0xebee</load_address>
         <run_address>0xebee</run_address>
         <size>0x39</size>
         <input_file_ref idref="fl-139"/>
      </object_component>
      <object_component id="oc-6c">
         <name>.debug_info</name>
         <load_address>0xec27</load_address>
         <run_address>0xec27</run_address>
         <size>0xde</size>
         <input_file_ref idref="fl-4"/>
      </object_component>
      <object_component id="oc-6e">
         <name>.debug_info</name>
         <load_address>0xed05</load_address>
         <run_address>0xed05</run_address>
         <size>0x18b</size>
         <input_file_ref idref="fl-2"/>
      </object_component>
      <object_component id="oc-74">
         <name>.debug_info</name>
         <load_address>0xee90</load_address>
         <run_address>0xee90</run_address>
         <size>0x11a</size>
         <input_file_ref idref="fl-9"/>
      </object_component>
      <object_component id="oc-76">
         <name>.debug_info</name>
         <load_address>0xefaa</load_address>
         <run_address>0xefaa</run_address>
         <size>0x1ab</size>
         <input_file_ref idref="fl-9"/>
      </object_component>
      <object_component id="oc-78">
         <name>.debug_info</name>
         <load_address>0xf155</load_address>
         <run_address>0xf155</run_address>
         <size>0x106</size>
         <input_file_ref idref="fl-9"/>
      </object_component>
      <object_component id="oc-7a">
         <name>.debug_info</name>
         <load_address>0xf25b</load_address>
         <run_address>0xf25b</run_address>
         <size>0x106</size>
         <input_file_ref idref="fl-9"/>
      </object_component>
      <object_component id="oc-7c">
         <name>.debug_info</name>
         <load_address>0xf361</load_address>
         <run_address>0xf361</run_address>
         <size>0x108</size>
         <input_file_ref idref="fl-9"/>
      </object_component>
      <object_component id="oc-7e">
         <name>.debug_info</name>
         <load_address>0xf469</load_address>
         <run_address>0xf469</run_address>
         <size>0x114</size>
         <input_file_ref idref="fl-9"/>
      </object_component>
      <object_component id="oc-80">
         <name>.debug_info</name>
         <load_address>0xf57d</load_address>
         <run_address>0xf57d</run_address>
         <size>0xaa</size>
         <input_file_ref idref="fl-13b"/>
      </object_component>
      <object_component id="oc-84">
         <name>.debug_info</name>
         <load_address>0xf627</load_address>
         <run_address>0xf627</run_address>
         <size>0xfc</size>
         <input_file_ref idref="fl-13e"/>
      </object_component>
      <object_component id="oc-86">
         <name>.debug_info</name>
         <load_address>0xf723</load_address>
         <run_address>0xf723</run_address>
         <size>0x11a</size>
         <input_file_ref idref="fl-9"/>
      </object_component>
      <object_component id="oc-88">
         <name>.debug_info</name>
         <load_address>0xf83d</load_address>
         <run_address>0xf83d</run_address>
         <size>0x1e3</size>
         <input_file_ref idref="fl-14b"/>
      </object_component>
      <object_component id="oc-8d">
         <name>.debug_info</name>
         <load_address>0xfa20</load_address>
         <run_address>0xfa20</run_address>
         <size>0x1f1</size>
         <input_file_ref idref="fl-14b"/>
      </object_component>
      <object_component id="oc-92">
         <name>.debug_info</name>
         <load_address>0xfc11</load_address>
         <run_address>0xfc11</run_address>
         <size>0x583</size>
         <input_file_ref idref="fl-9"/>
      </object_component>
      <object_component id="oc-94">
         <name>.debug_info</name>
         <load_address>0x10194</load_address>
         <run_address>0x10194</run_address>
         <size>0x116</size>
         <input_file_ref idref="fl-9"/>
      </object_component>
      <object_component id="oc-96">
         <name>.debug_info</name>
         <load_address>0x102aa</load_address>
         <run_address>0x102aa</run_address>
         <size>0x1e4</size>
         <input_file_ref idref="fl-14b"/>
      </object_component>
      <object_component id="oc-9c">
         <name>.debug_info</name>
         <load_address>0x1048e</load_address>
         <run_address>0x1048e</run_address>
         <size>0x1ec</size>
         <input_file_ref idref="fl-149"/>
      </object_component>
      <object_component id="oc-a0">
         <name>.debug_info</name>
         <load_address>0x1067a</load_address>
         <run_address>0x1067a</run_address>
         <size>0x11c</size>
         <input_file_ref idref="fl-9"/>
      </object_component>
      <object_component id="oc-a4">
         <name>.debug_info</name>
         <load_address>0x10796</load_address>
         <run_address>0x10796</run_address>
         <size>0x1a6</size>
         <input_file_ref idref="fl-149"/>
      </object_component>
      <object_component id="oc-a8">
         <name>.debug_info</name>
         <load_address>0x1093c</load_address>
         <run_address>0x1093c</run_address>
         <size>0x137</size>
         <input_file_ref idref="fl-9"/>
      </object_component>
      <object_component id="oc-aa">
         <name>.debug_info</name>
         <load_address>0x10a73</load_address>
         <run_address>0x10a73</run_address>
         <size>0x11a</size>
         <input_file_ref idref="fl-9"/>
      </object_component>
      <object_component id="oc-ad">
         <name>.debug_info</name>
         <load_address>0x10b8d</load_address>
         <run_address>0x10b8d</run_address>
         <size>0x1d2</size>
         <input_file_ref idref="fl-14a"/>
      </object_component>
      <object_component id="oc-b3">
         <name>.debug_info</name>
         <load_address>0x10d5f</load_address>
         <run_address>0x10d5f</run_address>
         <size>0x233</size>
         <input_file_ref idref="fl-146"/>
      </object_component>
      <object_component id="oc-b8">
         <name>.debug_info</name>
         <load_address>0x10f92</load_address>
         <run_address>0x10f92</run_address>
         <size>0x1f5</size>
         <input_file_ref idref="fl-146"/>
      </object_component>
      <object_component id="oc-bb">
         <name>.debug_info</name>
         <load_address>0x11187</load_address>
         <run_address>0x11187</run_address>
         <size>0x84</size>
         <input_file_ref idref="fl-2"/>
      </object_component>
      <object_component id="oc-c0">
         <name>.debug_info</name>
         <load_address>0x1120b</load_address>
         <run_address>0x1120b</run_address>
         <size>0x557</size>
         <input_file_ref idref="fl-2"/>
      </object_component>
      <object_component id="oc-c5">
         <name>.debug_info</name>
         <load_address>0x11762</load_address>
         <run_address>0x11762</run_address>
         <size>0x1be</size>
         <input_file_ref idref="fl-2"/>
      </object_component>
      <object_component id="oc-ca">
         <name>.debug_info</name>
         <load_address>0x11920</load_address>
         <run_address>0x11920</run_address>
         <size>0x2c</size>
         <input_file_ref idref="fl-2"/>
      </object_component>
      <object_component id="oc-cf">
         <name>.debug_info</name>
         <load_address>0x1194c</load_address>
         <run_address>0x1194c</run_address>
         <size>0x2c</size>
         <input_file_ref idref="fl-2"/>
      </object_component>
      <object_component id="oc-d5">
         <name>.debug_info</name>
         <load_address>0x11978</load_address>
         <run_address>0x11978</run_address>
         <size>0x1f8</size>
         <input_file_ref idref="fl-6"/>
      </object_component>
      <object_component id="oc-d7">
         <name>.debug_info</name>
         <load_address>0x11b70</load_address>
         <run_address>0x11b70</run_address>
         <size>0x18c</size>
         <input_file_ref idref="fl-6"/>
      </object_component>
      <object_component id="oc-d9">
         <name>.debug_info</name>
         <load_address>0x11cfc</load_address>
         <run_address>0x11cfc</run_address>
         <size>0x1a4</size>
         <input_file_ref idref="fl-6"/>
      </object_component>
      <object_component id="oc-db">
         <name>.debug_info</name>
         <load_address>0x11ea0</load_address>
         <run_address>0x11ea0</run_address>
         <size>0x118</size>
         <input_file_ref idref="fl-6"/>
      </object_component>
      <object_component id="oc-dd">
         <name>.debug_info</name>
         <load_address>0x11fb8</load_address>
         <run_address>0x11fb8</run_address>
         <size>0x118</size>
         <input_file_ref idref="fl-6"/>
      </object_component>
      <object_component id="oc-df">
         <name>.debug_info</name>
         <load_address>0x120d0</load_address>
         <run_address>0x120d0</run_address>
         <size>0x137</size>
         <input_file_ref idref="fl-141"/>
      </object_component>
      <object_component id="oc-e4">
         <name>.debug_info</name>
         <load_address>0x12207</load_address>
         <run_address>0x12207</run_address>
         <size>0x4e</size>
         <input_file_ref idref="fl-2"/>
      </object_component>
      <object_component id="oc-ed">
         <name>.debug_info</name>
         <load_address>0x12255</load_address>
         <run_address>0x12255</run_address>
         <size>0x14b</size>
         <input_file_ref idref="fl-145"/>
      </object_component>
      <object_component id="oc-f2">
         <name>.debug_info</name>
         <load_address>0x123a0</load_address>
         <run_address>0x123a0</run_address>
         <size>0x243</size>
         <input_file_ref idref="fl-8"/>
      </object_component>
      <object_component id="oc-f7">
         <name>.debug_info</name>
         <load_address>0x125e3</load_address>
         <run_address>0x125e3</run_address>
         <size>0x11b</size>
         <input_file_ref idref="fl-143"/>
      </object_component>
      <object_component id="oc-f9">
         <name>.debug_info</name>
         <load_address>0x126fe</load_address>
         <run_address>0x126fe</run_address>
         <size>0xc8</size>
         <input_file_ref idref="fl-142"/>
      </object_component>
      <object_component id="oc-fb">
         <name>.debug_info</name>
         <load_address>0x127c6</load_address>
         <run_address>0x127c6</run_address>
         <size>0xeb</size>
         <input_file_ref idref="fl-13c"/>
      </object_component>
      <object_component id="oc-fd">
         <name>.debug_info</name>
         <load_address>0x128b1</load_address>
         <run_address>0x128b1</run_address>
         <size>0x146</size>
         <input_file_ref idref="fl-13c"/>
      </object_component>
      <object_component id="oc-101">
         <name>.debug_info</name>
         <load_address>0x129f7</load_address>
         <run_address>0x129f7</run_address>
         <size>0x2c</size>
         <input_file_ref idref="fl-138"/>
      </object_component>
      <object_component id="oc-108">
         <name>.debug_info</name>
         <load_address>0x12a23</load_address>
         <run_address>0x12a23</run_address>
         <size>0x2c</size>
         <input_file_ref idref="fl-2"/>
      </object_component>
      <object_component id="oc-126">
         <name>.debug_info</name>
         <load_address>0x12a4f</load_address>
         <run_address>0x12a4f</run_address>
         <size>0x18b</size>
         <input_file_ref idref="fl-146"/>
      </object_component>
      <object_component id="oc-12b">
         <name>.debug_info</name>
         <load_address>0x12bda</load_address>
         <run_address>0x12bda</run_address>
         <size>0x90</size>
         <input_file_ref idref="fl-146"/>
      </object_component>
      <object_component id="oc-130">
         <name>.debug_info</name>
         <load_address>0x12c6a</load_address>
         <run_address>0x12c6a</run_address>
         <size>0x1d7</size>
         <input_file_ref idref="fl-14b"/>
      </object_component>
      <object_component id="oc-134">
         <name>.debug_info</name>
         <load_address>0x12e41</load_address>
         <run_address>0x12e41</run_address>
         <size>0x110</size>
         <input_file_ref idref="fl-9"/>
      </object_component>
      <object_component id="oc-13c">
         <name>.debug_info</name>
         <load_address>0x12f51</load_address>
         <run_address>0x12f51</run_address>
         <size>0x10d</size>
         <input_file_ref idref="fl-14b"/>
      </object_component>
      <object_component id="oc-13f">
         <name>.debug_info</name>
         <load_address>0x1305e</load_address>
         <run_address>0x1305e</run_address>
         <size>0x1c3</size>
         <input_file_ref idref="fl-149"/>
      </object_component>
      <object_component id="oc-142">
         <name>.debug_info</name>
         <load_address>0x13221</load_address>
         <run_address>0x13221</run_address>
         <size>0x205</size>
         <input_file_ref idref="fl-9"/>
      </object_component>
      <object_component id="oc-14d">
         <name>.debug_info</name>
         <load_address>0x13426</load_address>
         <run_address>0x13426</run_address>
         <size>0x1c2</size>
         <input_file_ref idref="fl-14a"/>
      </object_component>
      <object_component id="oc-14f">
         <name>.debug_info</name>
         <load_address>0x135e8</load_address>
         <run_address>0x135e8</run_address>
         <size>0x1ba</size>
         <input_file_ref idref="fl-14a"/>
      </object_component>
      <object_component id="oc-151">
         <name>.debug_info</name>
         <load_address>0x137a2</load_address>
         <run_address>0x137a2</run_address>
         <size>0x1ce</size>
         <input_file_ref idref="fl-146"/>
      </object_component>
      <object_component id="oc-153">
         <name>.debug_info</name>
         <load_address>0x13970</load_address>
         <run_address>0x13970</run_address>
         <size>0x162</size>
         <input_file_ref idref="fl-2"/>
      </object_component>
      <object_component id="oc-158">
         <name>.debug_info</name>
         <load_address>0x13ad2</load_address>
         <run_address>0x13ad2</run_address>
         <size>0x660</size>
         <input_file_ref idref="fl-2"/>
      </object_component>
      <object_component id="oc-166">
         <name>.debug_info</name>
         <load_address>0x14132</load_address>
         <run_address>0x14132</run_address>
         <size>0x148</size>
         <input_file_ref idref="fl-145"/>
      </object_component>
      <object_component id="oc-168">
         <name>.debug_info</name>
         <load_address>0x1427a</load_address>
         <run_address>0x1427a</run_address>
         <size>0x33a</size>
         <input_file_ref idref="fl-5"/>
      </object_component>
      <object_component id="oc-16e">
         <name>.debug_info</name>
         <load_address>0x145b4</load_address>
         <run_address>0x145b4</run_address>
         <size>0x9d4</size>
         <input_file_ref idref="fl-2"/>
      </object_component>
      <object_component id="oc-172">
         <name>.debug_info</name>
         <load_address>0x14f88</load_address>
         <run_address>0x14f88</run_address>
         <size>0xee</size>
         <input_file_ref idref="fl-8"/>
      </object_component>
      <object_component id="oc-174">
         <name>.debug_info</name>
         <load_address>0x15076</load_address>
         <run_address>0x15076</run_address>
         <size>0x447</size>
         <input_file_ref idref="fl-8"/>
      </object_component>
      <object_component id="oc-185">
         <name>.debug_info</name>
         <load_address>0x154bd</load_address>
         <run_address>0x154bd</run_address>
         <size>0xda</size>
         <input_file_ref idref="fl-8"/>
      </object_component>
      <object_component id="oc-189">
         <name>.debug_info</name>
         <load_address>0x15597</load_address>
         <run_address>0x15597</run_address>
         <size>0x5e</size>
         <input_file_ref idref="fl-143"/>
      </object_component>
      <object_component id="oc-18f">
         <name>.debug_info</name>
         <load_address>0x155f5</load_address>
         <run_address>0x155f5</run_address>
         <size>0x1d4</size>
         <input_file_ref idref="fl-142"/>
      </object_component>
      <object_component id="oc-195">
         <name>.debug_info</name>
         <load_address>0x157c9</load_address>
         <run_address>0x157c9</run_address>
         <size>0xd9</size>
         <input_file_ref idref="fl-142"/>
      </object_component>
      <object_component id="oc-1a8">
         <name>.debug_info</name>
         <load_address>0x158a2</load_address>
         <run_address>0x158a2</run_address>
         <size>0x99</size>
         <input_file_ref idref="fl-2"/>
      </object_component>
      <object_component id="oc-1af">
         <name>.debug_info</name>
         <load_address>0x1593b</load_address>
         <run_address>0x1593b</run_address>
         <size>0xcd</size>
         <input_file_ref idref="fl-145"/>
      </object_component>
      <object_component id="oc-1b5">
         <name>.debug_info</name>
         <load_address>0x15a08</load_address>
         <run_address>0x15a08</run_address>
         <size>0x219</size>
         <input_file_ref idref="fl-148"/>
      </object_component>
      <object_component id="oc-1bb">
         <name>.debug_info</name>
         <load_address>0x15c21</load_address>
         <run_address>0x15c21</run_address>
         <size>0x1c5</size>
         <input_file_ref idref="fl-147"/>
      </object_component>
      <object_component id="oc-1c0">
         <name>.debug_info</name>
         <load_address>0x15de6</load_address>
         <run_address>0x15de6</run_address>
         <size>0x18b</size>
         <input_file_ref idref="fl-147"/>
      </object_component>
      <object_component id="oc-1c5">
         <name>.debug_info</name>
         <load_address>0x15f71</load_address>
         <run_address>0x15f71</run_address>
         <size>0x185</size>
         <input_file_ref idref="fl-147"/>
      </object_component>
      <object_component id="oc-1ca">
         <name>.debug_info</name>
         <load_address>0x160f6</load_address>
         <run_address>0x160f6</run_address>
         <size>0x171</size>
         <input_file_ref idref="fl-14c"/>
      </object_component>
      <object_component id="oc-1cf">
         <name>.debug_info</name>
         <load_address>0x16267</load_address>
         <run_address>0x16267</run_address>
         <size>0x189</size>
         <input_file_ref idref="fl-14c"/>
      </object_component>
      <object_component id="oc-1d3">
         <name>.debug_info</name>
         <load_address>0x163f0</load_address>
         <run_address>0x163f0</run_address>
         <size>0x1f5</size>
         <input_file_ref idref="fl-14b"/>
      </object_component>
      <object_component id="oc-1d8">
         <name>.debug_info</name>
         <load_address>0x165e5</load_address>
         <run_address>0x165e5</run_address>
         <size>0x1f3</size>
         <input_file_ref idref="fl-14b"/>
      </object_component>
      <object_component id="oc-1de">
         <name>.debug_info</name>
         <load_address>0x167d8</load_address>
         <run_address>0x167d8</run_address>
         <size>0x153</size>
         <input_file_ref idref="fl-140"/>
      </object_component>
      <object_component id="oc-1f2">
         <name>.debug_info</name>
         <load_address>0x1692b</load_address>
         <run_address>0x1692b</run_address>
         <size>0xff</size>
         <input_file_ref idref="fl-148"/>
      </object_component>
      <object_component id="oc-1f5">
         <name>.debug_info</name>
         <load_address>0x16a2a</load_address>
         <run_address>0x16a2a</run_address>
         <size>0x144</size>
         <input_file_ref idref="fl-147"/>
      </object_component>
      <object_component id="oc-1fd">
         <name>.debug_info</name>
         <load_address>0x16b6e</load_address>
         <run_address>0x16b6e</run_address>
         <size>0x9f</size>
         <input_file_ref idref="fl-140"/>
      </object_component>
      <object_component id="oc-200">
         <name>.debug_info</name>
         <load_address>0x16c0d</load_address>
         <run_address>0x16c0d</run_address>
         <size>0x226</size>
         <input_file_ref idref="fl-148"/>
      </object_component>
      <object_component id="oc-207">
         <name>.debug_info</name>
         <load_address>0x16e33</load_address>
         <run_address>0x16e33</run_address>
         <size>0x5f</size>
         <input_file_ref idref="fl-148"/>
      </object_component>
      <object_component id="oc-22b">
         <name>.debug_info</name>
         <load_address>0x16e92</load_address>
         <run_address>0x16e92</run_address>
         <size>0xb3</size>
      </object_component>
      <object_component id="oc-12">
         <name>.debug_aranges</name>
         <load_address>0x0</load_address>
         <run_address>0x0</run_address>
         <size>0x20</size>
         <input_file_ref idref="fl-137"/>
      </object_component>
      <object_component id="oc-16">
         <name>.debug_aranges</name>
         <load_address>0x20</load_address>
         <run_address>0x20</run_address>
         <size>0x20</size>
         <input_file_ref idref="fl-138"/>
      </object_component>
      <object_component id="oc-1c">
         <name>.debug_aranges</name>
         <load_address>0x40</load_address>
         <run_address>0x40</run_address>
         <size>0x20</size>
         <input_file_ref idref="fl-13a"/>
      </object_component>
      <object_component id="oc-22">
         <name>.debug_aranges</name>
         <load_address>0x60</load_address>
         <run_address>0x60</run_address>
         <size>0x20</size>
         <input_file_ref idref="fl-139"/>
      </object_component>
      <object_component id="oc-27">
         <name>.debug_aranges</name>
         <load_address>0x80</load_address>
         <run_address>0x80</run_address>
         <size>0x38</size>
         <input_file_ref idref="fl-7"/>
      </object_component>
      <object_component id="oc-2d">
         <name>.debug_aranges</name>
         <load_address>0xb8</load_address>
         <run_address>0xb8</run_address>
         <size>0x38</size>
         <input_file_ref idref="fl-4"/>
      </object_component>
      <object_component id="oc-32">
         <name>.debug_aranges</name>
         <load_address>0xf0</load_address>
         <run_address>0xf0</run_address>
         <size>0x358</size>
         <input_file_ref idref="fl-9"/>
      </object_component>
      <object_component id="oc-37">
         <name>.debug_aranges</name>
         <load_address>0x448</load_address>
         <run_address>0x448</run_address>
         <size>0xa0</size>
         <input_file_ref idref="fl-6"/>
      </object_component>
      <object_component id="oc-3c">
         <name>.debug_aranges</name>
         <load_address>0x4e8</load_address>
         <run_address>0x4e8</run_address>
         <size>0x28</size>
         <input_file_ref idref="fl-144"/>
      </object_component>
      <object_component id="oc-43">
         <name>.debug_aranges</name>
         <load_address>0x510</load_address>
         <run_address>0x510</run_address>
         <size>0x20</size>
         <input_file_ref idref="fl-143"/>
      </object_component>
      <object_component id="oc-46">
         <name>.debug_aranges</name>
         <load_address>0x530</load_address>
         <run_address>0x530</run_address>
         <size>0x30</size>
         <input_file_ref idref="fl-13c"/>
      </object_component>
      <object_component id="oc-4f">
         <name>.debug_aranges</name>
         <load_address>0x560</load_address>
         <run_address>0x560</run_address>
         <size>0x20</size>
         <input_file_ref idref="fl-13d"/>
      </object_component>
      <object_component id="oc-62">
         <name>.debug_aranges</name>
         <load_address>0x580</load_address>
         <run_address>0x580</run_address>
         <size>0x20</size>
         <input_file_ref idref="fl-139"/>
      </object_component>
      <object_component id="oc-82">
         <name>.debug_aranges</name>
         <load_address>0x5a0</load_address>
         <run_address>0x5a0</run_address>
         <size>0x28</size>
         <input_file_ref idref="fl-13e"/>
      </object_component>
      <object_component id="oc-89">
         <name>.debug_aranges</name>
         <load_address>0x5c8</load_address>
         <run_address>0x5c8</run_address>
         <size>0x20</size>
         <input_file_ref idref="fl-14b"/>
      </object_component>
      <object_component id="oc-8e">
         <name>.debug_aranges</name>
         <load_address>0x5e8</load_address>
         <run_address>0x5e8</run_address>
         <size>0x20</size>
         <input_file_ref idref="fl-14b"/>
      </object_component>
      <object_component id="oc-97">
         <name>.debug_aranges</name>
         <load_address>0x608</load_address>
         <run_address>0x608</run_address>
         <size>0x20</size>
         <input_file_ref idref="fl-14b"/>
      </object_component>
      <object_component id="oc-9b">
         <name>.debug_aranges</name>
         <load_address>0x628</load_address>
         <run_address>0x628</run_address>
         <size>0x20</size>
         <input_file_ref idref="fl-149"/>
      </object_component>
      <object_component id="oc-a3">
         <name>.debug_aranges</name>
         <load_address>0x648</load_address>
         <run_address>0x648</run_address>
         <size>0x20</size>
         <input_file_ref idref="fl-149"/>
      </object_component>
      <object_component id="oc-ac">
         <name>.debug_aranges</name>
         <load_address>0x668</load_address>
         <run_address>0x668</run_address>
         <size>0x20</size>
         <input_file_ref idref="fl-14a"/>
      </object_component>
      <object_component id="oc-b4">
         <name>.debug_aranges</name>
         <load_address>0x688</load_address>
         <run_address>0x688</run_address>
         <size>0x20</size>
         <input_file_ref idref="fl-146"/>
      </object_component>
      <object_component id="oc-b9">
         <name>.debug_aranges</name>
         <load_address>0x6a8</load_address>
         <run_address>0x6a8</run_address>
         <size>0x20</size>
         <input_file_ref idref="fl-146"/>
      </object_component>
      <object_component id="oc-e0">
         <name>.debug_aranges</name>
         <load_address>0x6c8</load_address>
         <run_address>0x6c8</run_address>
         <size>0x28</size>
         <input_file_ref idref="fl-141"/>
      </object_component>
      <object_component id="oc-ec">
         <name>.debug_aranges</name>
         <load_address>0x6f0</load_address>
         <run_address>0x6f0</run_address>
         <size>0x20</size>
         <input_file_ref idref="fl-145"/>
      </object_component>
      <object_component id="oc-f5">
         <name>.debug_aranges</name>
         <load_address>0x710</load_address>
         <run_address>0x710</run_address>
         <size>0x20</size>
         <input_file_ref idref="fl-8"/>
      </object_component>
      <object_component id="oc-16b">
         <name>.debug_aranges</name>
         <load_address>0x730</load_address>
         <run_address>0x730</run_address>
         <size>0x28</size>
         <input_file_ref idref="fl-5"/>
      </object_component>
      <object_component id="oc-170">
         <name>.debug_aranges</name>
         <load_address>0x758</load_address>
         <run_address>0x758</run_address>
         <size>0x80</size>
         <input_file_ref idref="fl-2"/>
      </object_component>
      <object_component id="oc-191">
         <name>.debug_aranges</name>
         <load_address>0x7d8</load_address>
         <run_address>0x7d8</run_address>
         <size>0x30</size>
         <input_file_ref idref="fl-142"/>
      </object_component>
      <object_component id="oc-1b8">
         <name>.debug_aranges</name>
         <load_address>0x808</load_address>
         <run_address>0x808</run_address>
         <size>0x20</size>
         <input_file_ref idref="fl-148"/>
      </object_component>
      <object_component id="oc-1ba">
         <name>.debug_aranges</name>
         <load_address>0x828</load_address>
         <run_address>0x828</run_address>
         <size>0x20</size>
         <input_file_ref idref="fl-147"/>
      </object_component>
      <object_component id="oc-1bf">
         <name>.debug_aranges</name>
         <load_address>0x848</load_address>
         <run_address>0x848</run_address>
         <size>0x20</size>
         <input_file_ref idref="fl-147"/>
      </object_component>
      <object_component id="oc-1c4">
         <name>.debug_aranges</name>
         <load_address>0x868</load_address>
         <run_address>0x868</run_address>
         <size>0x20</size>
         <input_file_ref idref="fl-147"/>
      </object_component>
      <object_component id="oc-1cc">
         <name>.debug_aranges</name>
         <load_address>0x888</load_address>
         <run_address>0x888</run_address>
         <size>0x20</size>
         <input_file_ref idref="fl-14c"/>
      </object_component>
      <object_component id="oc-1d1">
         <name>.debug_aranges</name>
         <load_address>0x8a8</load_address>
         <run_address>0x8a8</run_address>
         <size>0x20</size>
         <input_file_ref idref="fl-14c"/>
      </object_component>
      <object_component id="oc-1d4">
         <name>.debug_aranges</name>
         <load_address>0x8c8</load_address>
         <run_address>0x8c8</run_address>
         <size>0x20</size>
         <input_file_ref idref="fl-14b"/>
      </object_component>
      <object_component id="oc-1d9">
         <name>.debug_aranges</name>
         <load_address>0x8e8</load_address>
         <run_address>0x8e8</run_address>
         <size>0x20</size>
         <input_file_ref idref="fl-14b"/>
      </object_component>
      <object_component id="oc-1e0">
         <name>.debug_aranges</name>
         <load_address>0x908</load_address>
         <run_address>0x908</run_address>
         <size>0x20</size>
         <input_file_ref idref="fl-140"/>
      </object_component>
      <object_component id="oc-13">
         <name>.debug_line</name>
         <load_address>0x0</load_address>
         <run_address>0x0</run_address>
         <size>0x4f</size>
         <input_file_ref idref="fl-137"/>
      </object_component>
      <object_component id="oc-17">
         <name>.debug_line</name>
         <load_address>0x4f</load_address>
         <run_address>0x4f</run_address>
         <size>0x55</size>
         <input_file_ref idref="fl-138"/>
      </object_component>
      <object_component id="oc-1d">
         <name>.debug_line</name>
         <load_address>0xa4</load_address>
         <run_address>0xa4</run_address>
         <size>0x4c</size>
         <input_file_ref idref="fl-13a"/>
      </object_component>
      <object_component id="oc-20">
         <name>.debug_line</name>
         <load_address>0xf0</load_address>
         <run_address>0xf0</run_address>
         <size>0x4b</size>
         <input_file_ref idref="fl-139"/>
      </object_component>
      <object_component id="oc-26">
         <name>.debug_line</name>
         <load_address>0x13b</load_address>
         <run_address>0x13b</run_address>
         <size>0xa1</size>
         <input_file_ref idref="fl-7"/>
      </object_component>
      <object_component id="oc-2b">
         <name>.debug_line</name>
         <load_address>0x1dc</load_address>
         <run_address>0x1dc</run_address>
         <size>0xbe</size>
         <input_file_ref idref="fl-4"/>
      </object_component>
      <object_component id="oc-30">
         <name>.debug_line</name>
         <load_address>0x29a</load_address>
         <run_address>0x29a</run_address>
         <size>0x215d</size>
         <input_file_ref idref="fl-9"/>
      </object_component>
      <object_component id="oc-34">
         <name>.debug_line</name>
         <load_address>0x23f7</load_address>
         <run_address>0x23f7</run_address>
         <size>0x4f4</size>
         <input_file_ref idref="fl-6"/>
      </object_component>
      <object_component id="oc-39">
         <name>.debug_line</name>
         <load_address>0x28eb</load_address>
         <run_address>0x28eb</run_address>
         <size>0x41</size>
         <input_file_ref idref="fl-7"/>
      </object_component>
      <object_component id="oc-3d">
         <name>.debug_line</name>
         <load_address>0x292c</load_address>
         <run_address>0x292c</run_address>
         <size>0x87</size>
         <input_file_ref idref="fl-144"/>
      </object_component>
      <object_component id="oc-41">
         <name>.debug_line</name>
         <load_address>0x29b3</load_address>
         <run_address>0x29b3</run_address>
         <size>0x50</size>
         <input_file_ref idref="fl-143"/>
      </object_component>
      <object_component id="oc-47">
         <name>.debug_line</name>
         <load_address>0x2a03</load_address>
         <run_address>0x2a03</run_address>
         <size>0x7a</size>
         <input_file_ref idref="fl-13c"/>
      </object_component>
      <object_component id="oc-4e">
         <name>.debug_line</name>
         <load_address>0x2a7d</load_address>
         <run_address>0x2a7d</run_address>
         <size>0x88</size>
         <input_file_ref idref="fl-13d"/>
      </object_component>
      <object_component id="oc-53">
         <name>.debug_line</name>
         <load_address>0x2b05</load_address>
         <run_address>0x2b05</run_address>
         <size>0x3a</size>
         <input_file_ref idref="fl-138"/>
      </object_component>
      <object_component id="oc-5a">
         <name>.debug_line</name>
         <load_address>0x2b3f</load_address>
         <run_address>0x2b3f</run_address>
         <size>0x34</size>
         <input_file_ref idref="fl-13a"/>
      </object_component>
      <object_component id="oc-5f">
         <name>.debug_line</name>
         <load_address>0x2b73</load_address>
         <run_address>0x2b73</run_address>
         <size>0x8c</size>
         <input_file_ref idref="fl-139"/>
      </object_component>
      <object_component id="oc-67">
         <name>.debug_line</name>
         <load_address>0x2bff</load_address>
         <run_address>0x2bff</run_address>
         <size>0x39</size>
         <input_file_ref idref="fl-139"/>
      </object_component>
      <object_component id="oc-70">
         <name>.debug_line</name>
         <load_address>0x2c38</load_address>
         <run_address>0x2c38</run_address>
         <size>0x59</size>
         <input_file_ref idref="fl-2"/>
      </object_component>
      <object_component id="oc-83">
         <name>.debug_line</name>
         <load_address>0x2c91</load_address>
         <run_address>0x2c91</run_address>
         <size>0x79</size>
         <input_file_ref idref="fl-13e"/>
      </object_component>
      <object_component id="oc-8a">
         <name>.debug_line</name>
         <load_address>0x2d0a</load_address>
         <run_address>0x2d0a</run_address>
         <size>0x6b</size>
         <input_file_ref idref="fl-14b"/>
      </object_component>
      <object_component id="oc-8f">
         <name>.debug_line</name>
         <load_address>0x2d75</load_address>
         <run_address>0x2d75</run_address>
         <size>0x6b</size>
         <input_file_ref idref="fl-14b"/>
      </object_component>
      <object_component id="oc-98">
         <name>.debug_line</name>
         <load_address>0x2de0</load_address>
         <run_address>0x2de0</run_address>
         <size>0x80</size>
         <input_file_ref idref="fl-14b"/>
      </object_component>
      <object_component id="oc-9d">
         <name>.debug_line</name>
         <load_address>0x2e60</load_address>
         <run_address>0x2e60</run_address>
         <size>0x6a</size>
         <input_file_ref idref="fl-149"/>
      </object_component>
      <object_component id="oc-a6">
         <name>.debug_line</name>
         <load_address>0x2eca</load_address>
         <run_address>0x2eca</run_address>
         <size>0x6a</size>
         <input_file_ref idref="fl-149"/>
      </object_component>
      <object_component id="oc-ae">
         <name>.debug_line</name>
         <load_address>0x2f34</load_address>
         <run_address>0x2f34</run_address>
         <size>0x87</size>
         <input_file_ref idref="fl-14a"/>
      </object_component>
      <object_component id="oc-b1">
         <name>.debug_line</name>
         <load_address>0x2fbb</load_address>
         <run_address>0x2fbb</run_address>
         <size>0x6b</size>
         <input_file_ref idref="fl-146"/>
      </object_component>
      <object_component id="oc-b6">
         <name>.debug_line</name>
         <load_address>0x3026</load_address>
         <run_address>0x3026</run_address>
         <size>0x6b</size>
         <input_file_ref idref="fl-146"/>
      </object_component>
      <object_component id="oc-bd">
         <name>.debug_line</name>
         <load_address>0x3091</load_address>
         <run_address>0x3091</run_address>
         <size>0x20</size>
         <input_file_ref idref="fl-2"/>
      </object_component>
      <object_component id="oc-c2">
         <name>.debug_line</name>
         <load_address>0x30b1</load_address>
         <run_address>0x30b1</run_address>
         <size>0x76</size>
         <input_file_ref idref="fl-2"/>
      </object_component>
      <object_component id="oc-c7">
         <name>.debug_line</name>
         <load_address>0x3127</load_address>
         <run_address>0x3127</run_address>
         <size>0x79</size>
         <input_file_ref idref="fl-2"/>
      </object_component>
      <object_component id="oc-cc">
         <name>.debug_line</name>
         <load_address>0x31a0</load_address>
         <run_address>0x31a0</run_address>
         <size>0x5c</size>
         <input_file_ref idref="fl-2"/>
      </object_component>
      <object_component id="oc-d1">
         <name>.debug_line</name>
         <load_address>0x31fc</load_address>
         <run_address>0x31fc</run_address>
         <size>0x5a</size>
         <input_file_ref idref="fl-2"/>
      </object_component>
      <object_component id="oc-e1">
         <name>.debug_line</name>
         <load_address>0x3256</load_address>
         <run_address>0x3256</run_address>
         <size>0x69</size>
         <input_file_ref idref="fl-141"/>
      </object_component>
      <object_component id="oc-e6">
         <name>.debug_line</name>
         <load_address>0x32bf</load_address>
         <run_address>0x32bf</run_address>
         <size>0x59</size>
         <input_file_ref idref="fl-2"/>
      </object_component>
      <object_component id="oc-ea">
         <name>.debug_line</name>
         <load_address>0x3318</load_address>
         <run_address>0x3318</run_address>
         <size>0x41</size>
         <input_file_ref idref="fl-7"/>
      </object_component>
      <object_component id="oc-ef">
         <name>.debug_line</name>
         <load_address>0x3359</load_address>
         <run_address>0x3359</run_address>
         <size>0x6d</size>
         <input_file_ref idref="fl-145"/>
      </object_component>
      <object_component id="oc-f4">
         <name>.debug_line</name>
         <load_address>0x33c6</load_address>
         <run_address>0x33c6</run_address>
         <size>0x72</size>
         <input_file_ref idref="fl-8"/>
      </object_component>
      <object_component id="oc-ff">
         <name>.debug_line</name>
         <load_address>0x3438</load_address>
         <run_address>0x3438</run_address>
         <size>0x33</size>
         <input_file_ref idref="fl-13f"/>
      </object_component>
      <object_component id="oc-103">
         <name>.debug_line</name>
         <load_address>0x346b</load_address>
         <run_address>0x346b</run_address>
         <size>0x44</size>
         <input_file_ref idref="fl-138"/>
      </object_component>
      <object_component id="oc-107">
         <name>.debug_line</name>
         <load_address>0x34af</load_address>
         <run_address>0x34af</run_address>
         <size>0x20</size>
         <input_file_ref idref="fl-138"/>
      </object_component>
      <object_component id="oc-10a">
         <name>.debug_line</name>
         <load_address>0x34cf</load_address>
         <run_address>0x34cf</run_address>
         <size>0x59</size>
         <input_file_ref idref="fl-2"/>
      </object_component>
      <object_component id="oc-10e">
         <name>.debug_line</name>
         <load_address>0x3528</load_address>
         <run_address>0x3528</run_address>
         <size>0x20</size>
         <input_file_ref idref="fl-13a"/>
      </object_component>
      <object_component id="oc-111">
         <name>.debug_line</name>
         <load_address>0x3548</load_address>
         <run_address>0x3548</run_address>
         <size>0x20</size>
         <input_file_ref idref="fl-139"/>
      </object_component>
      <object_component id="oc-113">
         <name>.debug_line</name>
         <load_address>0x3568</load_address>
         <run_address>0x3568</run_address>
         <size>0x35</size>
         <input_file_ref idref="fl-4"/>
      </object_component>
      <object_component id="oc-115">
         <name>.debug_line</name>
         <load_address>0x359d</load_address>
         <run_address>0x359d</run_address>
         <size>0x71</size>
         <input_file_ref idref="fl-9"/>
      </object_component>
      <object_component id="oc-117">
         <name>.debug_line</name>
         <load_address>0x360e</load_address>
         <run_address>0x360e</run_address>
         <size>0x101</size>
         <input_file_ref idref="fl-9"/>
      </object_component>
      <object_component id="oc-119">
         <name>.debug_line</name>
         <load_address>0x370f</load_address>
         <run_address>0x370f</run_address>
         <size>0x75</size>
         <input_file_ref idref="fl-9"/>
      </object_component>
      <object_component id="oc-11b">
         <name>.debug_line</name>
         <load_address>0x3784</load_address>
         <run_address>0x3784</run_address>
         <size>0x75</size>
         <input_file_ref idref="fl-9"/>
      </object_component>
      <object_component id="oc-11d">
         <name>.debug_line</name>
         <load_address>0x37f9</load_address>
         <run_address>0x37f9</run_address>
         <size>0x75</size>
         <input_file_ref idref="fl-9"/>
      </object_component>
      <object_component id="oc-11f">
         <name>.debug_line</name>
         <load_address>0x386e</load_address>
         <run_address>0x386e</run_address>
         <size>0x75</size>
         <input_file_ref idref="fl-9"/>
      </object_component>
      <object_component id="oc-121">
         <name>.debug_line</name>
         <load_address>0x38e3</load_address>
         <run_address>0x38e3</run_address>
         <size>0x2b</size>
         <input_file_ref idref="fl-13b"/>
      </object_component>
      <object_component id="oc-124">
         <name>.debug_line</name>
         <load_address>0x390e</load_address>
         <run_address>0x390e</run_address>
         <size>0x64</size>
         <input_file_ref idref="fl-9"/>
      </object_component>
      <object_component id="oc-128">
         <name>.debug_line</name>
         <load_address>0x3972</load_address>
         <run_address>0x3972</run_address>
         <size>0x5e</size>
         <input_file_ref idref="fl-146"/>
      </object_component>
      <object_component id="oc-12d">
         <name>.debug_line</name>
         <load_address>0x39d0</load_address>
         <run_address>0x39d0</run_address>
         <size>0x20</size>
         <input_file_ref idref="fl-146"/>
      </object_component>
      <object_component id="oc-133">
         <name>.debug_line</name>
         <load_address>0x39f0</load_address>
         <run_address>0x39f0</run_address>
         <size>0x239</size>
         <input_file_ref idref="fl-9"/>
      </object_component>
      <object_component id="oc-136">
         <name>.debug_line</name>
         <load_address>0x3c29</load_address>
         <run_address>0x3c29</run_address>
         <size>0x59</size>
         <input_file_ref idref="fl-9"/>
      </object_component>
      <object_component id="oc-13a">
         <name>.debug_line</name>
[...]
      <symbol id="sm-4d2">
         <name>gethostbyname</name>
         <value>0x2c35</value>
         <object_component_ref idref="oc-2e"/>
      </symbol>
      <symbol id="sm-4d3">
         <name>socket</name>
         <value>0x2a25</value>
         <object_component_ref idref="oc-2e"/>
      </symbol>
      <symbol id="sm-4d4">
         <name>SpiTriggerRxProcessing</name>
         <value>0x4495</value>
         <object_component_ref idref="oc-2e"/>
      </symbol>
      <symbol id="sm-4d5">
         <name>UINT16_TO_STREAM_f</name>
         <value>0x2ab</value>
         <object_component_ref idref="oc-2e"/>
      </symbol>
      <symbol id="sm-4d6">
         <name>wlan_ioctl_statusget</name>
         <value>0x3a51</value>
         <object_component_ref idref="oc-2e"/>
      </symbol>
      <symbol id="sm-4d7">
         <name>hci_event_handler</name>
         <value>0x419</value>
         <object_component_ref idref="oc-2e"/>
      </symbol>
      <symbol id="sm-4d8">
         <name>wlan_add_profile</name>
         <value>0x35e5</value>
         <object_component_ref idref="oc-2e"/>
      </symbol>
      <symbol id="sm-4d9">
         <name>sSpiInformation</name>
         <value>0x20001330</value>
         <object_component_ref idref="oc-9f"/>
      </symbol>
      <symbol id="sm-4da">
         <name>listen</name>
         <value>0x2bd9</value>
         <object_component_ref idref="oc-2e"/>
      </symbol>
      <symbol id="sm-4db">
         <name>STREAM_TO_UINT32_f</name>
         <value>0x2fb</value>
         <object_component_ref idref="oc-2e"/>
      </symbol>
      <symbol id="sm-4dc">
         <name>SpiReadDataCont</name>
         <value>0x4355</value>
         <object_component_ref idref="oc-2e"/>
      </symbol>
      <symbol id="sm-4dd">
         <name>netapp_ping_send</name>
         <value>0x10e3</value>
         <object_component_ref idref="oc-2e"/>
      </symbol>
      <symbol id="sm-4de">
         <name>netapp_ping_report</name>
         <value>0x114d</value>
         <object_component_ref idref="oc-2e"/>
      </symbol>
      <symbol id="sm-4df">
         <name>tSLInformation</name>
         <value>0x200013c4</value>
         <object_component_ref idref="oc-73"/>
      </symbol>
      <symbol id="sm-4e0">
         <name>wlan_disconnect</name>
         <value>0x3509</value>
         <object_component_ref idref="oc-2e"/>
      </symbol>
      <symbol id="sm-4e1">
         <name>netapp_set_debug_level</name>
         <value>0x11ef</value>
         <object_component_ref idref="oc-2e"/>
      </symbol>
      <symbol id="sm-4e2">
         <name>DispatcherUARTConfigure</name>
         <value>0x46e5</value>
         <object_component_ref idref="oc-2e"/>
      </symbol>
      <symbol id="sm-4e3">
         <name>SpiWrite</name>
         <value>0x4079</value>
         <object_component_ref idref="oc-2e"/>
      </symbol>
      <symbol id="sm-4e4">
         <name>wlan_connect</name>
         <value>0x33fb</value>
         <object_component_ref idref="oc-2e"/>
      </symbol>
      <symbol id="sm-4e5">
         <name>netapp_timeout_values</name>
         <value>0x1023</value>
         <object_component_ref idref="oc-2e"/>
      </symbol>
      <symbol id="sm-4e6">
         <name>recvfrom</name>
         <value>0x3035</value>
         <object_component_ref idref="oc-2e"/>
      </symbol>
      <symbol id="sm-4e7">
         <name>SpiReadHeader</name>
         <value>0x4339</value>
         <object_component_ref idref="oc-2e"/>
      </symbol>
      <symbol id="sm-4e8">
         <name>netapp_ping_stop</name>
         <value>0x1175</value>
         <object_component_ref idref="oc-2e"/>
      </symbol>
      <symbol id="sm-4e9">
         <name>wlan_ioctl_del_profile</name>
         <value>0x38bf</value>
         <object_component_ref idref="oc-2e"/>
      </symbol>
      <symbol id="sm-4ea">
         <name>SpiReceiveHandler</name>
         <value>0x3311</value>
         <object_component_ref idref="oc-2e"/>
      </symbol>
      <symbol id="sm-4eb">
         <name>STREAM_TO_UINT16_f</name>
         <value>0x2d5</value>
         <object_component_ref idref="oc-2e"/>
      </symbol>
      <symbol id="sm-4ec">
         <name>hci_data_send</name>
         <value>0xd17</value>
         <object_component_ref idref="oc-2e"/>
      </symbol>
      <symbol id="sm-4ed">
         <name>mdnsAdvertiser</name>
         <value>0x31fd</value>
         <object_component_ref idref="oc-2e"/>
      </symbol>
      <symbol id="sm-4ee">
         <name>wlan_smart_config_start</name>
         <value>0x3a75</value>
         <object_component_ref idref="oc-2e"/>
      </symbol>
      <symbol id="sm-4ef">
         <name>nvmem_get_mac_address</name>
         <value>0x1325</value>
         <object_component_ref idref="oc-2e"/>
      </symbol>
      <symbol id="sm-4f0">
         <name>SpiDisableSSIDMAChannels</name>
         <value>0x413b</value>
         <object_component_ref idref="oc-2e"/>
      </symbol>
      <symbol id="sm-4f1">
         <name>nvmem_set_mac_address</name>
         <value>0x1311</value>
         <object_component_ref idref="oc-2e"/>
      </symbol>
      <symbol id="sm-4f2">
         <name>Rcon</name>
         <value>0x6162</value>
         <object_component_ref idref="oc-77"/>
      </symbol>
      <symbol id="sm-4f3">
         <name>wlan_tx_buffer</name>
         <value>0x200005f0</value>
         <object_component_ref idref="oc-85"/>
      </symbol>
      <symbol id="sm-4f4">
         <name>hci_command_send</name>
         <value>0xccb</value>
         <object_component_ref idref="oc-2e"/>
      </symbol>
      <symbol id="sm-4f5">
         <name>recv</name>
         <value>0x3009</value>
         <object_component_ref idref="oc-2e"/>
      </symbol>
      <symbol id="sm-4f6">
         <name>hci_data_command_send</name>
         <value>0xd91</value>
         <object_component_ref idref="oc-2e"/>
      </symbol>
      <symbol id="sm-4f7">
         <name>SpiConfigureHwMapping</name>
         <value>0x3c8d</value>
         <object_component_ref idref="oc-2e"/>
      </symbol>
      <symbol id="sm-4f8">
         <name>hci_unsol_event_handler</name>
         <value>0x8e1</value>
         <object_component_ref idref="oc-2e"/>
      </symbol>
      <symbol id="sm-4f9">
         <name>connect</name>
         <value>0x2cd1</value>
         <object_component_ref idref="oc-2e"/>
      </symbol>
      <symbol id="sm-4fa">
         <name>get_socket_active_status</name>
         <value>0xc3d</value>
         <object_component_ref idref="oc-2e"/>
      </symbol>
      <symbol id="sm-4fb">
         <name>SimpleLinkWaitData</name>
         <value>0xcb1</value>
         <object_component_ref idref="oc-2e"/>
      </symbol>
      <symbol id="sm-4fc">
         <name>set_socket_active_status</name>
         <value>0xb85</value>
         <object_component_ref idref="oc-2e"/>
      </symbol>
      <symbol id="sm-4fd">
         <name>sendto</name>
         <value>0x31cf</value>
         <object_component_ref idref="oc-2e"/>
      </symbol>
      <symbol id="sm-4fe">
         <name>nvmem_write</name>
         <value>0x129f</value>
         <object_component_ref idref="oc-2e"/>
      </symbol>
      <symbol id="sm-4ff">
         <name>g_uluDMAErrCount</name>
         <value>0x2000164c</value>
         <object_component_ref idref="oc-75"/>
      </symbol>
      <symbol id="sm-500">
         <name>wlan_start</name>
         <value>0x332d</value>
         <object_component_ref idref="oc-2e"/>
      </symbol>
      <symbol id="sm-501">
         <name>wlan_init</name>
         <value>0x32cb</value>
         <object_component_ref idref="oc-2e"/>
      </symbol>
      <symbol id="sm-502">
         <name>SpiFirstWrite</name>
         <value>0x3ff9</value>
         <object_component_ref idref="oc-2e"/>
      </symbol>
      <symbol id="sm-503">
         <name>netapp_ipconfig</name>
         <value>0x11a1</value>
         <object_component_ref idref="oc-2e"/>
      </symbol>
      <symbol id="sm-504">
         <name>aes_write_key</name>
         <value>0x29cb</value>
         <object_component_ref idref="oc-2e"/>
      </symbol>
      <symbol id="sm-505">
         <name>SpiResumeSpi</name>
         <value>0x4471</value>
         <object_component_ref idref="oc-2e"/>
      </symbol>
      <symbol id="sm-506">
         <name>wlan_smart_config_set_prefix</name>
         <value>0x3adb</value>
         <object_component_ref idref="oc-2e"/>
      </symbol>
      <symbol id="sm-507">
         <name>wlan_ioctl_set_connection_policy</name>
         <value>0x354d</value>
         <object_component_ref idref="oc-2e"/>
      </symbol>
      <symbol id="sm-508">
         <name>netapp_arp_flush</name>
         <value>0x11c3</value>
         <object_component_ref idref="oc-2e"/>
      </symbol>
      <symbol id="sm-509">
         <name>SpiOpen</name>
         <value>0x3eb7</value>
         <object_component_ref idref="oc-2e"/>
      </symbol>
      <symbol id="sm-50a">
         <name>nvmem_create_entry</name>
         <value>0x13f9</value>
         <object_component_ref idref="oc-2e"/>
      </symbol>
      <symbol id="sm-50b">
         <name>DispatcherUartSendPacket</name>
         <value>0x46a9</value>
         <object_component_ref idref="oc-2e"/>
      </symbol>
      <symbol id="sm-50c">
         <name>getsockopt</name>
         <value>0x2f21</value>
         <object_component_ref idref="oc-2e"/>
      </symbol>
      <symbol id="sm-50d">
         <name>setsockopt</name>
         <value>0x2e81</value>
         <object_component_ref idref="oc-2e"/>
      </symbol>
      <symbol id="sm-50e">
         <name>nvmem_read_sp_version</name>
         <value>0x13bd</value>
         <object_component_ref idref="oc-2e"/>
      </symbol>
      <symbol id="sm-50f">
         <name>init_spi</name>
         <value>0x3f0b</value>
         <object_component_ref idref="oc-2e"/>
      </symbol>
      <symbol id="sm-510">
         <name>aes_read_key</name>
         <value>0x29b5</value>
         <object_component_ref idref="oc-2e"/>
      </symbol>
      <symbol id="sm-511">
         <name>nvmem_read</name>
         <value>0x1239</value>
         <object_component_ref idref="oc-2e"/>
      </symbol>
      <symbol id="sm-512">
         <name>closesocket</name>
         <value>0x2a8b</value>
         <object_component_ref idref="oc-2e"/>
      </symbol>
      <symbol id="sm-513">
         <name>aes_encrypt</name>
         <value>0x2985</value>
         <object_component_ref idref="oc-2e"/>
      </symbol>
      <symbol id="sm-514">
         <name>SpiEnableSSIDMAChannels</name>
         <value>0x4161</value>
         <object_component_ref idref="oc-2e"/>
      </symbol>
      <symbol id="sm-515">
         <name>wlan_stop</name>
         <value>0x33d3</value>
         <object_component_ref idref="oc-2e"/>
      </symbol>
      <symbol id="sm-516">
         <name>hci_patch_send</name>
         <value>0xe0d</value>
         <object_component_ref idref="oc-2e"/>
      </symbol>
      <symbol id="sm-525">
         <name>_c_int00</name>
         <value>0x5b51</value>
         <object_component_ref idref="oc-10"/>
      </symbol>
      <symbol id="sm-526">
         <name>__stack</name>
         <value>0x20001424</value>
         <object_component_ref idref="oc-23"/>
      </symbol>
      <symbol id="sm-53c">
         <name>__TI_decompress_none</name>
         <value>0x5d6d</value>
         <object_component_ref idref="oc-14"/>
      </symbol>
      <symbol id="sm-55e">
         <name>__TI_decompress_rle24</name>
         <value>0x5db3</value>
         <object_component_ref idref="oc-1e"/>
      </symbol>
      <symbol id="sm-571">
         <name>__TI_zero_init</name>
         <value>0x5d0d</value>
         <object_component_ref idref="oc-19"/>
      </symbol>
      <symbol id="sm-578">
         <name>_Errno</name>
         <value>0x2000167c</value>
         <object_component_ref idref="oc-7f"/>
      </symbol>
      <symbol id="sm-594">
         <name>C$$EXIT</name>
         <value>0x5bdd</value>
         <object_component_ref idref="oc-44"/>
      </symbol>
      <symbol id="sm-595">
         <name>abort</name>
         <value>0x5be1</value>
         <object_component_ref idref="oc-44"/>
      </symbol>
      <symbol id="sm-596">
         <name>exit</name>
         <value>0x5be9</value>
         <object_component_ref idref="oc-44"/>
      </symbol>
      <symbol id="sm-597">
         <name>__TI_dtors_ptr</name>
         <value>0x20001670</value>
         <object_component_ref idref="oc-fa"/>
      </symbol>
      <symbol id="sm-598">
         <name>__TI_cleanup_ptr</name>
         <value>0x2000166c</value>
         <object_component_ref idref="oc-fa"/>
      </symbol>
      <symbol id="sm-5b2">
         <name>memcpy</name>
         <value>0x5901</value>
         <object_component_ref idref="oc-4c"/>
      </symbol>
      <symbol id="sm-5b3">
         <name>__aeabi_memcpy</name>
         <value>0x5901</value>
         <object_component_ref idref="oc-4c"/>
      </symbol>
      <symbol id="sm-5b4">
         <name>__aeabi_memcpy8</name>
         <value>0x5901</value>
         <object_component_ref idref="oc-4c"/>
      </symbol>
      <symbol id="sm-5b5">
         <name>__aeabi_memcpy4</name>
         <value>0x5901</value>
         <object_component_ref idref="oc-4c"/>
      </symbol>
      <symbol id="sm-5c3">
         <name>__aeabi_memset</name>
         <value>0x5a33</value>
         <object_component_ref idref="oc-81"/>
      </symbol>
      <symbol id="sm-5c4">
         <name>memset</name>
         <value>0x5a39</value>
         <object_component_ref idref="oc-81"/>
      </symbol>
      <symbol id="sm-5c5">
         <name>__aeabi_memset8</name>
         <value>0x5a33</value>
         <object_component_ref idref="oc-81"/>
      </symbol>
      <symbol id="sm-5c6">
         <name>__aeabi_memset4</name>
         <value>0x5a33</value>
         <object_component_ref idref="oc-81"/>
      </symbol>
      <symbol id="sm-5c7">
         <name>__aeabi_memclr8</name>
         <value>0x5a31</value>
         <object_component_ref idref="oc-81"/>
      </symbol>
      <symbol id="sm-5c8">
         <name>__aeabi_memclr4</name>
         <value>0x5a31</value>
         <object_component_ref idref="oc-81"/>
      </symbol>
      <symbol id="sm-5c9">
         <name>__aeabi_memclr</name>
         <value>0x5a31</value>
         <object_component_ref idref="oc-81"/>
      </symbol>
      <symbol id="sm-5d0">
         <name>main_func_sp</name>
         <value>0x20001680</value>
         <object_component_ref idref="oc-49"/>
      </symbol>
      <symbol id="sm-5dd">
         <name>strlen</name>
         <value>0x5cf9</value>
         <object_component_ref idref="oc-1dd"/>
      </symbol>
      <symbol id="sm-5ec">
         <name>__aeabi_uidivmod</name>
         <value>0x5c21</value>
         <object_component_ref idref="oc-de"/>
      </symbol>
      <symbol id="sm-602">
         <name>_nop</name>
         <value>0x5cf3</value>
         <object_component_ref idref="oc-18e"/>
      </symbol>
      <symbol id="sm-603">
         <name>_lock</name>
         <value>0x20001664</value>
         <object_component_ref idref="oc-f8"/>
      </symbol>
      <symbol id="sm-604">
         <name>_unlock</name>
         <value>0x20001668</value>
         <object_component_ref idref="oc-f8"/>
      </symbol>
      <symbol id="sm-605">
         <name>_register_lock</name>
         <value>0x5ceb</value>
         <object_component_ref idref="oc-18e"/>
      </symbol>
      <symbol id="sm-606">
         <name>_register_unlock</name>
         <value>0x5ce5</value>
         <object_component_ref idref="oc-18e"/>
      </symbol>
      <symbol id="sm-619">
         <name>_args_main</name>
         <value>0x5ca5</value>
         <object_component_ref idref="oc-3f"/>
      </symbol>
      <symbol id="sm-635">
         <name>__TI_auto_init</name>
         <value>0x599d</value>
         <object_component_ref idref="oc-3b"/>
      </symbol>
      <symbol id="sm-64d">
         <name>copy_in</name>
         <value>0x5b99</value>
         <object_component_ref idref="oc-eb"/>
      </symbol>
      <symbol id="sm-66a">
         <name>UARTClockSourceSet</name>
         <value>0x5da7</value>
         <object_component_ref idref="oc-b5"/>
      </symbol>
      <symbol id="sm-66b">
         <name>UARTFIFOLevelSet</name>
         <value>0x5dad</value>
         <object_component_ref idref="oc-b0"/>
      </symbol>
      <symbol id="sm-68b">
         <name>SysTickEnable</name>
         <value>0x5cbd</value>
         <object_component_ref idref="oc-1c3"/>
      </symbol>
      <symbol id="sm-68c">
         <name>SysTickIntEnable</name>
         <value>0x5cd1</value>
         <object_component_ref idref="oc-1be"/>
      </symbol>
      <symbol id="sm-68d">
         <name>SysTickPeriodSet</name>
         <value>0x5d41</value>
         <object_component_ref idref="oc-1b9"/>
      </symbol>
      <symbol id="sm-6be">
         <name>SysCtlDelay</name>
         <value>0x5da1</value>
         <object_component_ref idref="oc-a1"/>
      </symbol>
      <symbol id="sm-6bf">
         <name>SysCtlClockGet</name>
         <value>0x573d</value>
         <object_component_ref idref="oc-1b4"/>
      </symbol>
      <symbol id="sm-6d2">
         <name>SSIIntClear</name>
         <value>0x5db9</value>
         <object_component_ref idref="oc-9a"/>
      </symbol>
      <symbol id="sm-6d3">
         <name>SSIBusy</name>
         <value>0x5d93</value>
         <object_component_ref idref="oc-a2"/>
      </symbol>
      <symbol id="sm-6f4">
         <name>IntPendClear</name>
         <value>0x5c65</value>
         <object_component_ref idref="oc-ab"/>
      </symbol>
      <symbol id="sm-726">
         <name>GPIOPinConfigure</name>
         <value>0x5b09</value>
         <object_component_ref idref="oc-95"/>
      </symbol>
      <symbol id="sm-727">
         <name>GPIOIntDisable</name>
         <value>0x5d51</value>
         <object_component_ref idref="oc-1d2"/>
      </symbol>
      <symbol id="sm-728">
         <name>GPIOIntEnable</name>
         <value>0x5d7b</value>
         <object_component_ref idref="oc-1d7"/>
      </symbol>
      <symbol id="sm-729">
         <name>GPIOIntClear</name>
         <value>0x5d9b</value>
         <object_component_ref idref="oc-8c"/>
      </symbol>
      <symbol id="sm-72a">
         <name>GPIOIntStatus</name>
         <value>0x5d5f</value>
         <object_component_ref idref="oc-87"/>
      </symbol>
      <symbol id="sm-73e">
         <name>FPULazyStackingEnable</name>
         <value>0x5d31</value>
         <object_component_ref idref="oc-1cd"/>
      </symbol>
      <symbol id="sm-73f">
         <name>FPUEnable</name>
         <value>0x5d21</value>
         <object_component_ref idref="oc-1c8"/>
      </symbol>
      <symbol id="sm-741">
         <name>__TI_static_base__</name>
         <value>0x0</value>
      </symbol>
      <symbol id="sm-742">
         <name>__TI_args_main</name>
         <value>0x1</value>
      </symbol>
      <symbol id="sm-743">
         <name>SHT$$INIT_ARRAY$$Limit</name>
         <value>0x0</value>
      </symbol>
      <symbol id="sm-744">
         <name>SHT$$INIT_ARRAY$$Base</name>
         <value>0x0</value>
      </symbol>
   </symbol_table>
   <title>Link successful</title>
</link_info>
