<?xml version="1.0"?>
<link_info>
   <banner>TI ARM Linker PC v5.1.5</banner>
   <copyright>Copyright (c) 1996-2014 Texas Instruments Incorporated</copyright>
   <link_time>0x53ca6270</link_time>
   <link_errors>0x0</link_errors>
   <output_file>plun_satellite_tm4c123.out</output_file>
   <entry_point>
      <name>_c_int00</name>
      <address>0x5e15</address>
   </entry_point>
   <input_file_list>
      <input_file id="fl-2">
         <path>.\include\</path>
         <kind>object</kind>
         <file>inth.obj</file>
         <name>inth.obj</name>
      </input_file>
      <input_file id="fl-3">
         <path>.\</path>
         <kind>object</kind>
         <file>uartstdio.obj</file>
         <name>uartstdio.obj</name>
      </input_file>
      <input_file id="fl-4">
         <path>.\</path>
         <kind>object</kind>
         <file>tm4c123gh6pm_startup_ccs.obj</file>
         <name>tm4c123gh6pm_startup_ccs.obj</name>
      </input_file>
      <input_file id="fl-5">
         <path>.\</path>
         <kind>object</kind>
         <file>main.obj</file>
         <name>main.obj</name>
      </input_file>
      <input_file id="fl-6">
         <path>.\</path>
         <kind>object</kind>
         <file>cc3000lib.obj</file>
         <name>cc3000lib.obj</name>
      </input_file>
      <input_file id="fl-134">
         <path>c:\ti\ccsv6\tools\compiler\arm_5.1.5\lib\</path>
         <kind>archive</kind>
         <file>rtsv7M4_T_le_v4SPD16_eabi.lib</file>
         <name>boot.obj</name>
      </input_file>
      <input_file id="fl-135">
         <path>c:\ti\ccsv6\tools\compiler\arm_5.1.5\lib\</path>
         <kind>archive</kind>
         <file>rtsv7M4_T_le_v4SPD16_eabi.lib</file>
         <name>copy_decompress_none.obj</name>
      </input_file>
      <input_file id="fl-136">
         <path>c:\ti\ccsv6\tools\compiler\arm_5.1.5\lib\</path>
         <kind>archive</kind>
         <file>rtsv7M4_T_le_v4SPD16_eabi.lib</file>
         <name>copy_decompress_rle.obj</name>
      </input_file>
      <input_file id="fl-137">
         <path>c:\ti\ccsv6\tools\compiler\arm_5.1.5\lib\</path>
         <kind>archive</kind>
         <file>rtsv7M4_T_le_v4SPD16_eabi.lib</file>
         <name>copy_zero_init.obj</name>
      </input_file>
      <input_file id="fl-138">
         <path>c:\ti\ccsv6\tools\compiler\arm_5.1.5\lib\</path>
         <kind>archive</kind>
         <file>rtsv7M4_T_le_v4SPD16_eabi.lib</file>
         <name>errno.obj</name>
      </input_file>
      <input_file id="fl-139">
         <path>c:\ti\ccsv6\tools\compiler\arm_5.1.5\lib\</path>
         <kind>archive</kind>
         <file>rtsv7M4_T_le_v4SPD16_eabi.lib</file>
         <name>exit.obj</name>
      </input_file>
      <input_file id="fl-13a">
         <path>c:\ti\ccsv6\tools\compiler\arm_5.1.5\lib\</path>
         <kind>archive</kind>
         <file>rtsv7M4_T_le_v4SPD16_eabi.lib</file>
         <name>memcpy_t2.obj</name>
      </input_file>
      <input_file id="fl-13b">
         <path>c:\ti\ccsv6\tools\compiler\arm_5.1.5\lib\</path>
         <kind>archive</kind>
         <file>rtsv7M4_T_le_v4SPD16_eabi.lib</file>
         <name>memset_t2.obj</name>
      </input_file>
      <input_file id="fl-13c">
         <path>c:\ti\ccsv6\tools\compiler\arm_5.1.5\lib\</path>
         <kind>archive</kind>
         <file>rtsv7M4_T_le_v4SPD16_eabi.lib</file>
         <name>stkdepth_vars.obj</name>
      </input_file>
      <input_file id="fl-13d">
         <path>c:\ti\ccsv6\tools\compiler\arm_5.1.5\lib\</path>
         <kind>archive</kind>
         <file>rtsv7M4_T_le_v4SPD16_eabi.lib</file>
         <name>strlen.obj</name>
      </input_file>
      <input_file id="fl-13e">
         <path>c:\ti\ccsv6\tools\compiler\arm_5.1.5\lib\</path>
         <kind>archive</kind>
         <file>rtsv7M4_T_le_v4SPD16_eabi.lib</file>
         <name>u_divt2.obj</name>
      </input_file>
      <input_file id="fl-13f">
         <path>c:\ti\ccsv6\tools\compiler\arm_5.1.5\lib\</path>
         <kind>archive</kind>
         <file>rtsv7M4_T_le_v4SPD16_eabi.lib</file>
         <name>_lock.obj</name>
      </input_file>
      <input_file id="fl-140">
         <path>c:\ti\ccsv6\tools\compiler\arm_5.1.5\lib\</path>
         <kind>archive</kind>
         <file>rtsv7M4_T_le_v4SPD16_eabi.lib</file>
         <name>args_main.obj</name>
      </input_file>
      <input_file id="fl-141">
         <path>c:\ti\ccsv6\tools\compiler\arm_5.1.5\lib\</path>
         <kind>archive</kind>
         <file>rtsv7M4_T_le_v4SPD16_eabi.lib</file>
         <name>auto_init.obj</name>
      </input_file>
      <input_file id="fl-142">
         <path>c:\ti\ccsv6\tools\compiler\arm_5.1.5\lib\</path>
         <kind>archive</kind>
         <file>rtsv7M4_T_le_v4SPD16_eabi.lib</file>
         <name>cpy_tbl.obj</name>
      </input_file>
      <input_file id="fl-143">
         <path>C:\ti\TivaWare_C_Series-2.1.0.12573\driverlib\ccs\Debug\</path>
         <kind>archive</kind>
         <file>driverlib.lib</file>
         <name>uart.obj</name>
      </input_file>
      <input_file id="fl-144">
         <path>C:\ti\TivaWare_C_Series-2.1.0.12573\driverlib\ccs\Debug\</path>
         <kind>archive</kind>
         <file>driverlib.lib</file>
         <name>systick.obj</name>
      </input_file>
      <input_file id="fl-145">
         <path>C:\ti\TivaWare_C_Series-2.1.0.12573\driverlib\ccs\Debug\</path>
         <kind>archive</kind>
         <file>driverlib.lib</file>
         <name>sysctl.obj</name>
      </input_file>
      <input_file id="fl-146">
         <path>C:\ti\TivaWare_C_Series-2.1.0.12573\driverlib\ccs\Debug\</path>
         <kind>archive</kind>
         <file>driverlib.lib</file>
         <name>ssi.obj</name>
      </input_file>
      <input_file id="fl-147">
         <path>C:\ti\TivaWare_C_Series-2.1.0.12573\driverlib\ccs\Debug\</path>
         <kind>archive</kind>
         <file>driverlib.lib</file>
         <name>interrupt.obj</name>
      </input_file>
      <input_file id="fl-148">
         <path>C:\ti\TivaWare_C_Series-2.1.0.12573\driverlib\ccs\Debug\</path>
         <kind>archive</kind>
         <file>driverlib.lib</file>
         <name>gpio.obj</name>
      </input_file>
      <input_file id="fl-149">
         <path>C:\ti\TivaWare_C_Series-2.1.0.12573\driverlib\ccs\Debug\</path>
         <kind>archive</kind>
         <file>driverlib.lib</file>
         <name>fpu.obj</name>
      </input_file>
      <input_file id="fl-14a">
         <path>C:\ti\TivaWare_C_Series-2.1.0.12573\driverlib\ccs\Debug\</path>
         <kind>archive</kind>
         <file>driverlib.lib</file>
         <name>cpu.obj</name>
      </input_file>
   </input_file_list>
   <object_component_list>
      <object_component id="oc-e">
         <name>.intvecs</name>
         <load_address>0x0</load_address>
         <run_address>0x0</run_address>
         <size>0x26c</size>
         <input_file_ref idref="fl-4"/>
      </object_component>
      <object_component id="oc-2e">
         <name>.text</name>
         <load_address>0x26c</load_address>
         <run_address>0x26c</run_address>
         <size>0x4574</size>
         <input_file_ref idref="fl-6"/>
      </object_component>
      <object_component id="oc-f6">
         <name>.text</name>
         <load_address>0x47e0</load_address>
         <run_address>0x47e0</run_address>
         <size>0x934</size>
         <input_file_ref idref="fl-5"/>
      </object_component>
      <object_component id="oc-33">
         <name>.text</name>
         <load_address>0x5114</load_address>
         <run_address>0x5114</run_address>
         <size>0x900</size>
         <input_file_ref idref="fl-3"/>
      </object_component>
      <object_component id="oc-187">
         <name>.text:SysCtlClockGet</name>
         <load_address>0x5a14</load_address>
         <run_address>0x5a14</run_address>
         <size>0x118</size>
         <input_file_ref idref="fl-145"/>
      </object_component>
      <object_component id="oc-4c">
         <name>.text</name>
         <load_address>0x5b2c</load_address>
         <run_address>0x5b2c</run_address>
         <size>0x9c</size>
         <input_file_ref idref="fl-13a"/>
      </object_component>
      <object_component id="oc-29">
         <name>.text</name>
         <load_address>0x5bc8</load_address>
         <run_address>0x5bc8</run_address>
         <size>0x98</size>
         <input_file_ref idref="fl-2"/>
      </object_component>
      <object_component id="oc-3b">
         <name>.text</name>
         <load_address>0x5c60</load_address>
         <run_address>0x5c60</run_address>
         <size>0x94</size>
         <input_file_ref idref="fl-141"/>
      </object_component>
      <object_component id="oc-86">
         <name>.text</name>
         <load_address>0x5cf4</load_address>
         <run_address>0x5cf4</run_address>
         <size>0x78</size>
         <input_file_ref idref="fl-13b"/>
      </object_component>
      <object_component id="oc-5e">
         <name>.text</name>
         <load_address>0x5d6c</load_address>
         <run_address>0x5d6c</run_address>
         <size>0x5e</size>
         <input_file_ref idref="fl-136"/>
      </object_component>
      <object_component id="oc-9a">
         <name>.text:GPIOPinConfigure</name>
         <load_address>0x5dcc</load_address>
         <run_address>0x5dcc</run_address>
         <size>0x48</size>
         <input_file_ref idref="fl-148"/>
      </object_component>
      <object_component id="oc-10">
         <name>.text</name>
         <load_address>0x5e14</load_address>
         <run_address>0x5e14</run_address>
         <size>0x48</size>
         <input_file_ref idref="fl-134"/>
      </object_component>
      <object_component id="oc-f0">
         <name>.text</name>
         <load_address>0x5e5c</load_address>
         <run_address>0x5e5c</run_address>
         <size>0x44</size>
         <input_file_ref idref="fl-142"/>
      </object_component>
      <object_component id="oc-44">
         <name>.text</name>
         <load_address>0x5ea0</load_address>
         <run_address>0x5ea0</run_address>
         <size>0x44</size>
         <input_file_ref idref="fl-139"/>
      </object_component>
      <object_component id="oc-e3">
         <name>.text</name>
         <load_address>0x5ee4</load_address>
         <run_address>0x5ee4</run_address>
         <size>0x42</size>
         <input_file_ref idref="fl-13e"/>
      </object_component>
      <object_component id="oc-b0">
         <name>.text:IntPendClear</name>
         <load_address>0x5f28</load_address>
         <run_address>0x5f28</run_address>
         <size>0x40</size>
         <input_file_ref idref="fl-147"/>
      </object_component>
      <object_component id="oc-3f">
         <name>.text</name>
         <load_address>0x5f68</load_address>
         <run_address>0x5f68</run_address>
         <size>0x18</size>
         <input_file_ref idref="fl-140"/>
      </object_component>
      <object_component id="oc-198">
         <name>.text:SysTickEnable</name>
         <load_address>0x5f80</load_address>
         <run_address>0x5f80</run_address>
         <size>0x14</size>
         <input_file_ref idref="fl-144"/>
      </object_component>
      <object_component id="oc-193">
         <name>.text:SysTickIntEnable</name>
         <load_address>0x5f94</load_address>
         <run_address>0x5f94</run_address>
         <size>0x14</size>
         <input_file_ref idref="fl-144"/>
      </object_component>
      <object_component id="oc-1c1">
         <name>.text</name>
         <load_address>0x5fa8</load_address>
         <run_address>0x5fa8</run_address>
         <size>0x14</size>
         <input_file_ref idref="fl-13f"/>
      </object_component>
      <object_component id="oc-19d">
         <name>.text</name>
         <load_address>0x5fbc</load_address>
         <run_address>0x5fbc</run_address>
         <size>0x14</size>
         <input_file_ref idref="fl-13d"/>
      </object_component>
      <object_component id="oc-19">
         <name>.text:decompress:ZI</name>
         <load_address>0x5fd0</load_address>
         <run_address>0x5fd0</run_address>
         <size>0x12</size>
         <input_file_ref idref="fl-137"/>
      </object_component>
      <object_component id="oc-17d">
         <name>.text:FPUEnable</name>
         <load_address>0x5fe4</load_address>
         <run_address>0x5fe4</run_address>
         <size>0x10</size>
         <input_file_ref idref="fl-149"/>
      </object_component>
      <object_component id="oc-182">
         <name>.text:FPULazyStackingEnable</name>
         <load_address>0x5ff4</load_address>
         <run_address>0x5ff4</run_address>
         <size>0x10</size>
         <input_file_ref idref="fl-149"/>
      </object_component>
      <object_component id="oc-18e">
         <name>.text:SysTickPeriodSet</name>
         <load_address>0x6004</load_address>
         <run_address>0x6004</run_address>
         <size>0x10</size>
         <input_file_ref idref="fl-144"/>
      </object_component>
      <object_component id="oc-173">
         <name>.text:GPIOIntDisable</name>
         <load_address>0x6014</load_address>
         <run_address>0x6014</run_address>
         <size>0xe</size>
         <input_file_ref idref="fl-148"/>
      </object_component>
      <object_component id="oc-8c">
         <name>.text:GPIOIntStatus</name>
         <load_address>0x6022</load_address>
         <run_address>0x6022</run_address>
         <size>0xe</size>
         <input_file_ref idref="fl-148"/>
      </object_component>
      <object_component id="oc-14">
         <name>.text:decompress:none</name>
         <load_address>0x6030</load_address>
         <run_address>0x6030</run_address>
         <size>0xe</size>
         <input_file_ref idref="fl-135"/>
      </object_component>
      <object_component id="oc-16e">
         <name>.text:GPIOIntEnable</name>
         <load_address>0x603e</load_address>
         <run_address>0x603e</run_address>
         <size>0xc</size>
         <input_file_ref idref="fl-148"/>
      </object_component>
      <object_component id="oc-24">
         <name>.text</name>
         <load_address>0x604a</load_address>
         <run_address>0x604a</run_address>
         <size>0xc</size>
         <input_file_ref idref="fl-4"/>
      </object_component>
      <object_component id="oc-a7">
         <name>.text:SSIBusy</name>
         <load_address>0x6056</load_address>
         <run_address>0x6056</run_address>
         <size>0x8</size>
         <input_file_ref idref="fl-146"/>
      </object_component>
      <object_component id="oc-91">
         <name>.text:GPIOIntClear</name>
         <load_address>0x605e</load_address>
         <run_address>0x605e</run_address>
         <size>0x6</size>
         <input_file_ref idref="fl-148"/>
      </object_component>
      <object_component id="oc-6b">
         <name>.text:GPIOPinWrite</name>
         <load_address>0x6064</load_address>
         <run_address>0x6064</run_address>
         <size>0x6</size>
         <input_file_ref idref="fl-148"/>
      </object_component>
      <object_component id="oc-a6">
         <name>.text:SysCtlDelay</name>
         <load_address>0x606a</load_address>
         <run_address>0x606a</run_address>
         <size>0x6</size>
         <input_file_ref idref="fl-145"/>
      </object_component>
      <object_component id="oc-ba">
         <name>.text:UARTClockSourceSet</name>
         <load_address>0x6070</load_address>
         <run_address>0x6070</run_address>
         <size>0x6</size>
         <input_file_ref idref="fl-143"/>
      </object_component>
      <object_component id="oc-b5">
         <name>.text:UARTFIFOLevelSet</name>
         <load_address>0x6076</load_address>
         <run_address>0x6076</run_address>
         <size>0x6</size>
         <input_file_ref idref="fl-143"/>
      </object_component>
      <object_component id="oc-1e">
         <name>.text:decompress:rle24</name>
         <load_address>0x607c</load_address>
         <run_address>0x607c</run_address>
         <size>0x6</size>
         <input_file_ref idref="fl-136"/>
      </object_component>
      <object_component id="oc-9f">
         <name>.text:SSIIntClear</name>
         <load_address>0x6082</load_address>
         <run_address>0x6082</run_address>
         <size>0x4</size>
         <input_file_ref idref="fl-146"/>
      </object_component>
      <object_component id="oc-80">
         <name>.const:.string:rsbox</name>
         <load_address>0x6088</load_address>
         <run_address>0x6088</run_address>
         <size>0x100</size>
         <input_file_ref idref="fl-6"/>
      </object_component>
      <object_component id="oc-7e">
         <name>.const:.string:sbox</name>
         <load_address>0x6188</load_address>
         <run_address>0x6188</run_address>
         <size>0x100</size>
         <input_file_ref idref="fl-6"/>
      </object_component>
      <object_component id="oc-141">
         <name>.const:g_pui32GPIOBaseAddrs</name>
         <load_address>0x6288</load_address>
         <run_address>0x6288</run_address>
         <size>0x90</size>
         <input_file_ref idref="fl-148"/>
      </object_component>
      <object_component id="oc-152">
         <name>.const</name>
         <load_address>0x6318</load_address>
         <run_address>0x6318</run_address>
         <size>0x70</size>
         <input_file_ref idref="fl-147"/>
      </object_component>
      <object_component id="oc-1e8">
         <name>.const:g_pui32Xtals</name>
         <load_address>0x6388</load_address>
         <run_address>0x6388</run_address>
         <size>0x6c</size>
         <input_file_ref idref="fl-145"/>
      </object_component>
      <object_component id="oc-db">
         <name>.const</name>
         <load_address>0x63f4</load_address>
         <run_address>0x63f4</run_address>
         <size>0x28</size>
         <input_file_ref idref="fl-3"/>
      </object_component>
      <object_component id="oc-1eb">
         <name>.const:.string</name>
         <load_address>0x641c</load_address>
         <run_address>0x641c</run_address>
         <size>0x16</size>
         <input_file_ref idref="fl-5"/>
      </object_component>
      <object_component id="oc-161">
         <name>.const:.string</name>
         <load_address>0x6434</load_address>
         <run_address>0x6434</run_address>
         <size>0x12</size>
         <input_file_ref idref="fl-3"/>
      </object_component>
      <object_component id="oc-7c">
         <name>.const:.string</name>
         <load_address>0x6446</load_address>
         <run_address>0x6446</run_address>
         <size>0xb</size>
         <input_file_ref idref="fl-6"/>
      </object_component>
      <object_component id="oc-221">
         <name>.cinit..data.load</name>
         <load_address>0x6458</load_address>
         <run_address>0x6458</run_address>
         <size>0x3f</size>
      </object_component>
      <object_component id="oc-21f">
         <name>__TI_handler_table</name>
         <load_address>0x6498</load_address>
         <run_address>0x6498</run_address>
         <size>0xc</size>
      </object_component>
      <object_component id="oc-222">
         <name>.cinit..bss.load</name>
         <load_address>0x64a8</load_address>
         <run_address>0x64a8</run_address>
         <size>0x8</size>
      </object_component>
      <object_component id="oc-220">
         <name>__TI_cinit_table</name>
         <load_address>0x64b0</load_address>
         <run_address>0x64b0</run_address>
         <size>0x10</size>
      </object_component>
      <object_component id="oc-49">
         <name>.data</name>
         <load_address>0x20001694</load_address>
         <run_address>0x20001694</run_address>
         <size>0x4</size>
         <input_file_ref idref="fl-13c"/>
      </object_component>
      <object_component id="oc-70">
         <name>.data</name>
         <load_address>0x20001688</load_address>
         <run_address>0x20001688</run_address>
         <size>0x5</size>
         <input_file_ref idref="fl-2"/>
      </object_component>
      <object_component id="oc-7a">
         <name>.data</name>
         <load_address>0x20001664</load_address>
         <run_address>0x20001664</run_address>
         <size>0x14</size>
         <input_file_ref idref="fl-6"/>
      </object_component>
      <object_component id="oc-84">
         <name>.data</name>
         <load_address>0x20001690</load_address>
         <run_address>0x20001690</run_address>
         <size>0x4</size>
         <input_file_ref idref="fl-138"/>
      </object_component>
      <object_component id="oc-d9">
         <name>.data</name>
         <load_address>0x2000164c</load_address>
         <run_address>0x2000164c</run_address>
         <size>0x15</size>
         <input_file_ref idref="fl-3"/>
      </object_component>
      <object_component id="oc-fd">
         <name>.data</name>
         <load_address>0x20001678</load_address>
         <run_address>0x20001678</run_address>
         <size>0x8</size>
         <input_file_ref idref="fl-13f"/>
      </object_component>
      <object_component id="oc-ff">
         <name>.data</name>
         <load_address>0x20001680</load_address>
         <run_address>0x20001680</run_address>
         <size>0x8</size>
         <input_file_ref idref="fl-139"/>
      </object_component>
      <object_component id="oc-18c">
         <name>.data</name>
         <load_address>0x20001628</load_address>
         <run_address>0x20001628</run_address>
         <size>0x24</size>
         <input_file_ref idref="fl-5"/>
      </object_component>
      <object_component id="oc-78">
         <name>.bss:tSLInformation</name>
         <uninitialized>true</uninitialized>
         <run_address>0x200013c4</run_address>
         <size>0x44</size>
         <input_file_ref idref="fl-6"/>
      </object_component>
      <object_component id="oc-82">
         <name>.bss:expandedKey</name>
         <uninitialized>true</uninitialized>
         <run_address>0x20001200</run_address>
         <size>0xb0</size>
         <input_file_ref idref="fl-6"/>
      </object_component>
      <object_component id="oc-8a">
         <name>.bss:wlan_tx_buffer</name>
         <uninitialized>true</uninitialized>
         <run_address>0x200005f0</run_address>
         <size>0x5f0</size>
         <input_file_ref idref="fl-6"/>
      </object_component>
      <object_component id="oc-98">
         <name>.bss:profileArray</name>
         <uninitialized>true</uninitialized>
         <run_address>0x20001380</run_address>
         <size>0x44</size>
         <input_file_ref idref="fl-6"/>
      </object_component>
      <object_component id="oc-a4">
         <name>.bss:sSpiInformation</name>
         <uninitialized>true</uninitialized>
         <run_address>0x20001330</run_address>
         <size>0x50</size>
         <input_file_ref idref="fl-6"/>
      </object_component>
      <object_component id="oc-ac">
         <name>.bss:ui8DMAChannelControlStructure</name>
         <uninitialized>true</uninitialized>
         <run_address>0x20001000</run_address>
         <size>0x200</size>
         <input_file_ref idref="fl-6"/>
      </object_component>
      <object_component id="oc-ae">
         <name>.bss:wlan_rx_buffer</name>
         <uninitialized>true</uninitialized>
         <run_address>0x20000000</run_address>
         <size>0x5f0</size>
         <input_file_ref idref="fl-6"/>
      </object_component>
      <object_component id="oc-df">
         <name>.bss:g_pcUARTTxBuffer</name>
         <uninitialized>true</uninitialized>
         <run_address>0x20000be0</run_address>
         <size>0x400</size>
         <input_file_ref idref="fl-3"/>
      </object_component>
      <object_component id="oc-e1">
         <name>.bss:g_pcUARTRxBuffer</name>
         <uninitialized>true</uninitialized>
         <run_address>0x200012b0</run_address>
         <size>0x80</size>
         <input_file_ref idref="fl-3"/>
      </object_component>
      <object_component id="oc-e7">
         <name>.common:g_bDisableEcho</name>
         <uninitialized>true</uninitialized>
         <run_address>0x20001424</run_address>
         <size>0x1</size>
      </object_component>
      <object_component id="oc-dd">
         <name>.common:g_ui32PortNum</name>
         <uninitialized>true</uninitialized>
         <run_address>0x20000ff8</run_address>
         <size>0x4</size>
      </object_component>
      <object_component id="oc-1a3">
         <name>.common:isConnectedAP</name>
         <uninitialized>true</uninitialized>
         <run_address>0x20001408</run_address>
         <size>0x4</size>
      </object_component>
      <object_component id="oc-178">
         <name>.common:ulSmartConfigFinished</name>
         <uninitialized>true</uninitialized>
         <run_address>0x20001420</run_address>
         <size>0x4</size>
      </object_component>
      <object_component id="oc-17a">
         <name>.common:ulCC3000DHCP</name>
         <uninitialized>true</uninitialized>
         <run_address>0x20001414</run_address>
         <size>0x4</size>
      </object_component>
      <object_component id="oc-17c">
         <name>.common:OkToDoShutDown</name>
         <uninitialized>true</uninitialized>
         <run_address>0x20000ff0</run_address>
         <size>0x4</size>
      </object_component>
      <object_component id="oc-17b">
         <name>.common:ulCC3000DHCP_configured</name>
         <uninitialized>true</uninitialized>
         <run_address>0x20001418</run_address>
         <size>0x4</size>
      </object_component>
      <object_component id="oc-1a2">
         <name>.common:ulCC3000WasConnected</name>
         <uninitialized>true</uninitialized>
         <run_address>0x2000141c</run_address>
         <size>0x4</size>
      </object_component>
      <object_component id="oc-1aa">
         <name>.common:localip</name>
         <uninitialized>true</uninitialized>
         <run_address>0x2000140c</run_address>
         <size>0x4</size>
      </object_component>
      <object_component id="oc-1ad">
         <name>.common:gateway</name>
         <uninitialized>true</uninitialized>
         <run_address>0x20000ffc</run_address>
         <size>0x4</size>
      </object_component>
      <object_component id="oc-1b0">
         <name>.common:subnet</name>
         <uninitialized>true</uninitialized>
         <run_address>0x20001410</run_address>
         <size>0x4</size>
      </object_component>
      <object_component id="oc-1b3">
         <name>.common:broadcast</name>
         <uninitialized>true</uninitialized>
         <run_address>0x20000ff4</run_address>
         <size>0x4</size>
      </object_component>
      <object_component id="oc-96">
         <name>.common:key</name>
         <uninitialized>true</uninitialized>
         <run_address>0x20000fe0</run_address>
         <size>0x10</size>
      </object_component>
      <object_component id="oc-23">
         <name>.stack</name>
         <uninitialized>true</uninitialized>
         <run_address>0x20001428</run_address>
         <size>0x0</size>
         <input_file_ref idref="fl-134"/>
      </object_component>
      <object_component id="oc-223">
         <name>.stack</name>
         <uninitialized>true</uninitialized>
         <run_address>0x20001428</run_address>
         <size>0x0</size>
      </object_component>
      <object_component id="oc-f">
         <name>.debug_info</name>
         <load_address>0x0</load_address>
         <run_address>0x0</run_address>
         <size>0xf9</size>
         <input_file_ref idref="fl-4"/>
      </object_component>
      <object_component id="oc-12">
         <name>.debug_info</name>
         <load_address>0xf9</load_address>
         <run_address>0xf9</run_address>
         <size>0xf3</size>
         <input_file_ref idref="fl-134"/>
      </object_component>
      <object_component id="oc-15">
         <name>.debug_info</name>
         <load_address>0x1ec</load_address>
         <run_address>0x1ec</run_address>
         <size>0x194</size>
         <input_file_ref idref="fl-135"/>
      </object_component>
      <object_component id="oc-1d">
         <name>.debug_info</name>
         <load_address>0x380</load_address>
         <run_address>0x380</run_address>
         <size>0x16a</size>
         <input_file_ref idref="fl-137"/>
      </object_component>
      <object_component id="oc-22">
         <name>.debug_info</name>
         <load_address>0x4ea</load_address>
         <run_address>0x4ea</run_address>
         <size>0x18e</size>
         <input_file_ref idref="fl-136"/>
      </object_component>
      <object_component id="oc-25">
         <name>.debug_info</name>
         <load_address>0x678</load_address>
         <run_address>0x678</run_address>
         <size>0x275</size>
         <input_file_ref idref="fl-4"/>
      </object_component>
      <object_component id="oc-2a">
         <name>.debug_info</name>
         <load_address>0x8ed</load_address>
         <run_address>0x8ed</run_address>
         <size>0x2ee</size>
         <input_file_ref idref="fl-2"/>
      </object_component>
      <object_component id="oc-2f">
         <name>.debug_info</name>
         <load_address>0xbdb</load_address>
         <run_address>0xbdb</run_address>
         <size>0xbdb7</size>
         <input_file_ref idref="fl-6"/>
      </object_component>
      <object_component id="oc-34">
         <name>.debug_info</name>
         <load_address>0xc992</load_address>
         <run_address>0xc992</run_address>
         <size>0x1644</size>
         <input_file_ref idref="fl-3"/>
      </object_component>
      <object_component id="oc-3a">
         <name>.debug_info</name>
         <load_address>0xdfd6</load_address>
         <run_address>0xdfd6</run_address>
         <size>0x1a4</size>
         <input_file_ref idref="fl-4"/>
      </object_component>
      <object_component id="oc-3c">
         <name>.debug_info</name>
         <load_address>0xe17a</load_address>
         <run_address>0xe17a</run_address>
         <size>0x13d</size>
         <input_file_ref idref="fl-141"/>
      </object_component>
      <object_component id="oc-41">
         <name>.debug_info</name>
         <load_address>0xe2b7</load_address>
         <run_address>0xe2b7</run_address>
         <size>0x11c</size>
         <input_file_ref idref="fl-140"/>
      </object_component>
      <object_component id="oc-48">
         <name>.debug_info</name>
         <load_address>0xe3d3</load_address>
         <run_address>0xe3d3</run_address>
         <size>0x1c2</size>
         <input_file_ref idref="fl-139"/>
      </object_component>
      <object_component id="oc-4a">
         <name>.debug_info</name>
         <load_address>0xe595</load_address>
         <run_address>0xe595</run_address>
         <size>0xbe</size>
         <input_file_ref idref="fl-13c"/>
      </object_component>
      <object_component id="oc-4e">
         <name>.debug_info</name>
         <load_address>0xe653</load_address>
         <run_address>0xe653</run_address>
         <size>0xcc</size>
         <input_file_ref idref="fl-13a"/>
      </object_component>
      <object_component id="oc-51">
         <name>.debug_info</name>
         <load_address>0xe71f</load_address>
         <run_address>0xe71f</run_address>
         <size>0x46</size>
         <input_file_ref idref="fl-135"/>
      </object_component>
      <object_component id="oc-56">
         <name>.debug_info</name>
         <load_address>0xe765</load_address>
         <run_address>0xe765</run_address>
         <size>0xf2</size>
         <input_file_ref idref="fl-135"/>
      </object_component>
      <object_component id="oc-58">
         <name>.debug_info</name>
         <load_address>0xe857</load_address>
         <run_address>0xe857</run_address>
         <size>0x46</size>
         <input_file_ref idref="fl-137"/>
      </object_component>
      <object_component id="oc-5d">
         <name>.debug_info</name>
         <load_address>0xe89d</load_address>
         <run_address>0xe89d</run_address>
         <size>0xad</size>
         <input_file_ref idref="fl-137"/>
      </object_component>
      <object_component id="oc-62">
         <name>.debug_info</name>
         <load_address>0xe94a</load_address>
         <run_address>0xe94a</run_address>
         <size>0x1ef</size>
         <input_file_ref idref="fl-136"/>
      </object_component>
      <object_component id="oc-64">
         <name>.debug_info</name>
         <load_address>0xeb39</load_address>
         <run_address>0xeb39</run_address>
         <size>0xb7</size>
         <input_file_ref idref="fl-136"/>
      </object_component>
      <object_component id="oc-65">
         <name>.debug_info</name>
         <load_address>0xebf0</load_address>
         <run_address>0xebf0</run_address>
         <size>0x39</size>
         <input_file_ref idref="fl-136"/>
      </object_component>
      <object_component id="oc-6c">
         <name>.debug_info</name>
         <load_address>0xec29</load_address>
         <run_address>0xec29</run_address>
         <size>0x207</size>
         <input_file_ref idref="fl-148"/>
      </object_component>
      <object_component id="oc-71">
         <name>.debug_info</name>
         <load_address>0xee30</load_address>
         <run_address>0xee30</run_address>
         <size>0xde</size>
         <input_file_ref idref="fl-2"/>
      </object_component>
      <object_component id="oc-73">
         <name>.debug_info</name>
         <load_address>0xef0e</load_address>
         <run_address>0xef0e</run_address>
         <size>0x18b</size>
         <input_file_ref idref="fl-2"/>
      </object_component>
      <object_component id="oc-79">
         <name>.debug_info</name>
         <load_address>0xf099</load_address>
         <run_address>0xf099</run_address>
         <size>0x11a</size>
         <input_file_ref idref="fl-6"/>
      </object_component>
      <object_component id="oc-7b">
         <name>.debug_info</name>
         <load_address>0xf1b3</load_address>
         <run_address>0xf1b3</run_address>
         <size>0x1ab</size>
         <input_file_ref idref="fl-6"/>
      </object_component>
      <object_component id="oc-7d">
         <name>.debug_info</name>
         <load_address>0xf35e</load_address>
         <run_address>0xf35e</run_address>
         <size>0x106</size>
         <input_file_ref idref="fl-6"/>
      </object_component>
      <object_component id="oc-7f">
         <name>.debug_info</name>
         <load_address>0xf464</load_address>
         <run_address>0xf464</run_address>
         <size>0x106</size>
         <input_file_ref idref="fl-6"/>
      </object_component>
      <object_component id="oc-81">
         <name>.debug_info</name>
         <load_address>0xf56a</load_address>
         <run_address>0xf56a</run_address>
         <size>0x108</size>
         <input_file_ref idref="fl-6"/>
      </object_component>
      <object_component id="oc-83">
         <name>.debug_info</name>
         <load_address>0xf672</load_address>
         <run_address>0xf672</run_address>
         <size>0x114</size>
         <input_file_ref idref="fl-6"/>
      </object_component>
      <object_component id="oc-85">
         <name>.debug_info</name>
         <load_address>0xf786</load_address>
         <run_address>0xf786</run_address>
         <size>0xaa</size>
         <input_file_ref idref="fl-138"/>
      </object_component>
      <object_component id="oc-87">
         <name>.debug_info</name>
         <load_address>0xf830</load_address>
         <run_address>0xf830</run_address>
         <size>0xfc</size>
         <input_file_ref idref="fl-13b"/>
      </object_component>
      <object_component id="oc-8b">
         <name>.debug_info</name>
         <load_address>0xf92c</load_address>
         <run_address>0xf92c</run_address>
         <size>0x11a</size>
         <input_file_ref idref="fl-6"/>
      </object_component>
      <object_component id="oc-8d">
         <name>.debug_info</name>
         <load_address>0xfa46</load_address>
         <run_address>0xfa46</run_address>
         <size>0x1e3</size>
         <input_file_ref idref="fl-148"/>
      </object_component>
      <object_component id="oc-92">
         <name>.debug_info</name>
         <load_address>0xfc29</load_address>
         <run_address>0xfc29</run_address>
         <size>0x1f1</size>
         <input_file_ref idref="fl-148"/>
      </object_component>
      <object_component id="oc-97">
         <name>.debug_info</name>
         <load_address>0xfe1a</load_address>
         <run_address>0xfe1a</run_address>
         <size>0x583</size>
         <input_file_ref idref="fl-6"/>
      </object_component>
      <object_component id="oc-99">
         <name>.debug_info</name>
         <load_address>0x1039d</load_address>
         <run_address>0x1039d</run_address>
         <size>0x116</size>
         <input_file_ref idref="fl-6"/>
      </object_component>
      <object_component id="oc-9b">
         <name>.debug_info</name>
         <load_address>0x104b3</load_address>
         <run_address>0x104b3</run_address>
         <size>0x1e4</size>
         <input_file_ref idref="fl-148"/>
      </object_component>
      <object_component id="oc-a1">
         <name>.debug_info</name>
         <load_address>0x10697</load_address>
         <run_address>0x10697</run_address>
         <size>0x1ec</size>
         <input_file_ref idref="fl-146"/>
      </object_component>
      <object_component id="oc-a5">
         <name>.debug_info</name>
         <load_address>0x10883</load_address>
         <run_address>0x10883</run_address>
         <size>0x11c</size>
         <input_file_ref idref="fl-6"/>
      </object_component>
      <object_component id="oc-a9">
         <name>.debug_info</name>
         <load_address>0x1099f</load_address>
         <run_address>0x1099f</run_address>
         <size>0x1a6</size>
         <input_file_ref idref="fl-146"/>
      </object_component>
      <object_component id="oc-ad">
         <name>.debug_info</name>
         <load_address>0x10b45</load_address>
         <run_address>0x10b45</run_address>
         <size>0x137</size>
         <input_file_ref idref="fl-6"/>
      </object_component>
      <object_component id="oc-af">
         <name>.debug_info</name>
         <load_address>0x10c7c</load_address>
         <run_address>0x10c7c</run_address>
         <size>0x11a</size>
         <input_file_ref idref="fl-6"/>
      </object_component>
      <object_component id="oc-b1">
         <name>.debug_info</name>
         <load_address>0x10d96</load_address>
         <run_address>0x10d96</run_address>
         <size>0x1d2</size>
         <input_file_ref idref="fl-147"/>
      </object_component>
      <object_component id="oc-b6">
         <name>.debug_info</name>
         <load_address>0x10f68</load_address>
         <run_address>0x10f68</run_address>
         <size>0x233</size>
         <input_file_ref idref="fl-143"/>
      </object_component>
      <object_component id="oc-bb">
         <name>.debug_info</name>
         <load_address>0x1119b</load_address>
         <run_address>0x1119b</run_address>
         <size>0x1f5</size>
         <input_file_ref idref="fl-143"/>
      </object_component>
      <object_component id="oc-c0">
         <name>.debug_info</name>
         <load_address>0x11390</load_address>
         <run_address>0x11390</run_address>
         <size>0x84</size>
         <input_file_ref idref="fl-2"/>
      </object_component>
      <object_component id="oc-c5">
         <name>.debug_info</name>
         <load_address>0x11414</load_address>
         <run_address>0x11414</run_address>
         <size>0x557</size>
         <input_file_ref idref="fl-5"/>
      </object_component>
      <object_component id="oc-ca">
         <name>.debug_info</name>
         <load_address>0x1196b</load_address>
         <run_address>0x1196b</run_address>
         <size>0x1be</size>
         <input_file_ref idref="fl-5"/>
      </object_component>
      <object_component id="oc-cf">
         <name>.debug_info</name>
         <load_address>0x11b29</load_address>
         <run_address>0x11b29</run_address>
         <size>0x2c</size>
         <input_file_ref idref="fl-5"/>
      </object_component>
      <object_component id="oc-d4">
         <name>.debug_info</name>
         <load_address>0x11b55</load_address>
         <run_address>0x11b55</run_address>
         <size>0x2c</size>
         <input_file_ref idref="fl-2"/>
      </object_component>
      <object_component id="oc-da">
         <name>.debug_info</name>
         <load_address>0x11b81</load_address>
         <run_address>0x11b81</run_address>
         <size>0x1f8</size>
         <input_file_ref idref="fl-3"/>
      </object_component>
      <object_component id="oc-dc">
         <name>.debug_info</name>
         <load_address>0x11d79</load_address>
         <run_address>0x11d79</run_address>
         <size>0x18c</size>
         <input_file_ref idref="fl-3"/>
      </object_component>
      <object_component id="oc-de">
         <name>.debug_info</name>
         <load_address>0x11f05</load_address>
         <run_address>0x11f05</run_address>
         <size>0x1a4</size>
         <input_file_ref idref="fl-3"/>
      </object_component>
      <object_component id="oc-e0">
         <name>.debug_info</name>
         <load_address>0x120a9</load_address>
         <run_address>0x120a9</run_address>
         <size>0x118</size>
         <input_file_ref idref="fl-3"/>
      </object_component>
      <object_component id="oc-e2">
         <name>.debug_info</name>
         <load_address>0x121c1</load_address>
         <run_address>0x121c1</run_address>
         <size>0x118</size>
         <input_file_ref idref="fl-3"/>
      </object_component>
      <object_component id="oc-e4">
         <name>.debug_info</name>
         <load_address>0x122d9</load_address>
         <run_address>0x122d9</run_address>
         <size>0x137</size>
         <input_file_ref idref="fl-13e"/>
      </object_component>
      <object_component id="oc-e9">
         <name>.debug_info</name>
         <load_address>0x12410</load_address>
         <run_address>0x12410</run_address>
         <size>0x4e</size>
         <input_file_ref idref="fl-2"/>
      </object_component>
      <object_component id="oc-f1">
         <name>.debug_info</name>
         <load_address>0x1245e</load_address>
         <run_address>0x1245e</run_address>
         <size>0x14b</size>
         <input_file_ref idref="fl-142"/>
      </object_component>
      <object_component id="oc-f9">
         <name>.debug_info</name>
         <load_address>0x125a9</load_address>
         <run_address>0x125a9</run_address>
         <size>0x12aa</size>
         <input_file_ref idref="fl-5"/>
      </object_component>
      <object_component id="oc-fc">
         <name>.debug_info</name>
         <load_address>0x13853</load_address>
         <run_address>0x13853</run_address>
         <size>0x11b</size>
         <input_file_ref idref="fl-140"/>
      </object_component>
      <object_component id="oc-fe">
         <name>.debug_info</name>
         <load_address>0x1396e</load_address>
         <run_address>0x1396e</run_address>
         <size>0xc8</size>
         <input_file_ref idref="fl-13f"/>
      </object_component>
      <object_component id="oc-100">
         <name>.debug_info</name>
         <load_address>0x13a36</load_address>
         <run_address>0x13a36</run_address>
         <size>0xeb</size>
         <input_file_ref idref="fl-139"/>
      </object_component>
      <object_component id="oc-102">
         <name>.debug_info</name>
         <load_address>0x13b21</load_address>
         <run_address>0x13b21</run_address>
         <size>0x146</size>
         <input_file_ref idref="fl-139"/>
      </object_component>
      <object_component id="oc-106">
         <name>.debug_info</name>
         <load_address>0x13c67</load_address>
         <run_address>0x13c67</run_address>
         <size>0x2c</size>
         <input_file_ref idref="fl-135"/>
      </object_component>
      <object_component id="oc-10d">
         <name>.debug_info</name>
         <load_address>0x13c93</load_address>
         <run_address>0x13c93</run_address>
         <size>0x2c</size>
         <input_file_ref idref="fl-5"/>
      </object_component>
      <object_component id="oc-118">
         <name>.debug_info</name>
         <load_address>0x13cbf</load_address>
         <run_address>0x13cbf</run_address>
         <size>0x18b</size>
         <input_file_ref idref="fl-143"/>
      </object_component>
      <object_component id="oc-11d">
         <name>.debug_info</name>
         <load_address>0x13e4a</load_address>
         <run_address>0x13e4a</run_address>
         <size>0x1d7</size>
         <input_file_ref idref="fl-148"/>
      </object_component>
      <object_component id="oc-132">
         <name>.debug_info</name>
         <load_address>0x14021</load_address>
         <run_address>0x14021</run_address>
         <size>0x90</size>
         <input_file_ref idref="fl-143"/>
      </object_component>
      <object_component id="oc-13a">
         <name>.debug_info</name>
         <load_address>0x140b1</load_address>
         <run_address>0x140b1</run_address>
         <size>0x110</size>
         <input_file_ref idref="fl-6"/>
      </object_component>
      <object_component id="oc-142">
         <name>.debug_info</name>
         <load_address>0x141c1</load_address>
         <run_address>0x141c1</run_address>
         <size>0x10d</size>
         <input_file_ref idref="fl-148"/>
      </object_component>
      <object_component id="oc-145">
         <name>.debug_info</name>
         <load_address>0x142ce</load_address>
         <run_address>0x142ce</run_address>
         <size>0x1c3</size>
         <input_file_ref idref="fl-146"/>
      </object_component>
      <object_component id="oc-148">
         <name>.debug_info</name>
         <load_address>0x14491</load_address>
         <run_address>0x14491</run_address>
         <size>0x205</size>
         <input_file_ref idref="fl-6"/>
      </object_component>
      <object_component id="oc-153">
         <name>.debug_info</name>
         <load_address>0x14696</load_address>
         <run_address>0x14696</run_address>
         <size>0x1c2</size>
         <input_file_ref idref="fl-147"/>
      </object_component>
      <object_component id="oc-155">
         <name>.debug_info</name>
         <load_address>0x14858</load_address>
         <run_address>0x14858</run_address>
         <size>0x1ba</size>
         <input_file_ref idref="fl-147"/>
      </object_component>
      <object_component id="oc-157">
         <name>.debug_info</name>
         <load_address>0x14a12</load_address>
         <run_address>0x14a12</run_address>
         <size>0x1ce</size>
         <input_file_ref idref="fl-143"/>
      </object_component>
      <object_component id="oc-159">
         <name>.debug_info</name>
         <load_address>0x14be0</load_address>
         <run_address>0x14be0</run_address>
         <size>0x162</size>
         <input_file_ref idref="fl-5"/>
      </object_component>
      <object_component id="oc-15e">
         <name>.debug_info</name>
         <load_address>0x14d42</load_address>
         <run_address>0x14d42</run_address>
         <size>0x94b</size>
         <input_file_ref idref="fl-5"/>
      </object_component>
      <object_component id="oc-16b">
         <name>.debug_info</name>
         <load_address>0x1568d</load_address>
         <run_address>0x1568d</run_address>
         <size>0xfe</size>
         <input_file_ref idref="fl-2"/>
      </object_component>
      <object_component id="oc-16d">
         <name>.debug_info</name>
         <load_address>0x1578b</load_address>
         <run_address>0x1578b</run_address>
         <size>0x148</size>
         <input_file_ref idref="fl-142"/>
      </object_component>
      <object_component id="oc-16f">
         <name>.debug_info</name>
         <load_address>0x158d3</load_address>
         <run_address>0x158d3</run_address>
         <size>0x1f3</size>
         <input_file_ref idref="fl-148"/>
      </object_component>
      <object_component id="oc-174">
         <name>.debug_info</name>
         <load_address>0x15ac6</load_address>
         <run_address>0x15ac6</run_address>
         <size>0x1f5</size>
         <input_file_ref idref="fl-148"/>
      </object_component>
      <object_component id="oc-180">
         <name>.debug_info</name>
         <load_address>0x15cbb</load_address>
         <run_address>0x15cbb</run_address>
         <size>0x171</size>
         <input_file_ref idref="fl-149"/>
      </object_component>
      <object_component id="oc-183">
         <name>.debug_info</name>
         <load_address>0x15e2c</load_address>
         <run_address>0x15e2c</run_address>
         <size>0x189</size>
         <input_file_ref idref="fl-149"/>
      </object_component>
      <object_component id="oc-188">
         <name>.debug_info</name>
         <load_address>0x15fb5</load_address>
         <run_address>0x15fb5</run_address>
         <size>0x219</size>
         <input_file_ref idref="fl-145"/>
      </object_component>
      <object_component id="oc-18d">
         <name>.debug_info</name>
         <load_address>0x161ce</load_address>
         <run_address>0x161ce</run_address>
         <size>0x119</size>
         <input_file_ref idref="fl-5"/>
      </object_component>
      <object_component id="oc-190">
         <name>.debug_info</name>
         <load_address>0x162e7</load_address>
         <run_address>0x162e7</run_address>
         <size>0x1c5</size>
         <input_file_ref idref="fl-144"/>
      </object_component>
      <object_component id="oc-194">
         <name>.debug_info</name>
         <load_address>0x164ac</load_address>
         <run_address>0x164ac</run_address>
         <size>0x18b</size>
         <input_file_ref idref="fl-144"/>
      </object_component>
      <object_component id="oc-199">
         <name>.debug_info</name>
         <load_address>0x16637</load_address>
         <run_address>0x16637</run_address>
         <size>0x185</size>
         <input_file_ref idref="fl-144"/>
      </object_component>
      <object_component id="oc-1a1">
         <name>.debug_info</name>
         <load_address>0x167bc</load_address>
         <run_address>0x167bc</run_address>
         <size>0x153</size>
         <input_file_ref idref="fl-13d"/>
      </object_component>
      <object_component id="oc-1b5">
         <name>.debug_info</name>
         <load_address>0x1690f</load_address>
         <run_address>0x1690f</run_address>
         <size>0xf1</size>
         <input_file_ref idref="fl-5"/>
      </object_component>
      <object_component id="oc-1bc">
         <name>.debug_info</name>
         <load_address>0x16a00</load_address>
         <run_address>0x16a00</run_address>
         <size>0x5e</size>
         <input_file_ref idref="fl-140"/>
      </object_component>
      <object_component id="oc-1c3">
         <name>.debug_info</name>
         <load_address>0x16a5e</load_address>
         <run_address>0x16a5e</run_address>
         <size>0x1d4</size>
         <input_file_ref idref="fl-13f"/>
      </object_component>
      <object_component id="oc-1c8">
         <name>.debug_info</name>
         <load_address>0x16c32</load_address>
         <run_address>0x16c32</run_address>
         <size>0xd9</size>
         <input_file_ref idref="fl-13f"/>
      </object_component>
      <object_component id="oc-1df">
         <name>.debug_info</name>
         <load_address>0x16d0b</load_address>
         <run_address>0x16d0b</run_address>
         <size>0xcd</size>
         <input_file_ref idref="fl-142"/>
      </object_component>
      <object_component id="oc-1e9">
         <name>.debug_info</name>
         <load_address>0x16dd8</load_address>
         <run_address>0x16dd8</run_address>
         <size>0xff</size>
         <input_file_ref idref="fl-145"/>
      </object_component>
      <object_component id="oc-1ef">
         <name>.debug_info</name>
         <load_address>0x16ed7</load_address>
         <run_address>0x16ed7</run_address>
         <size>0x144</size>
         <input_file_ref idref="fl-144"/>
      </object_component>
      <object_component id="oc-1f3">
         <name>.debug_info</name>
         <load_address>0x1701b</load_address>
         <run_address>0x1701b</run_address>
         <size>0x9f</size>
         <input_file_ref idref="fl-13d"/>
      </object_component>
      <object_component id="oc-1f9">
         <name>.debug_info</name>
         <load_address>0x170ba</load_address>
         <run_address>0x170ba</run_address>
         <size>0x226</size>
         <input_file_ref idref="fl-145"/>
      </object_component>
      <object_component id="oc-200">
         <name>.debug_info</name>
         <load_address>0x172e0</load_address>
         <run_address>0x172e0</run_address>
         <size>0x5f</size>
         <input_file_ref idref="fl-145"/>
      </object_component>
      <object_component id="oc-224">
         <name>.debug_info</name>
         <load_address>0x1733f</load_address>
         <run_address>0x1733f</run_address>
         <size>0xb3</size>
      </object_component>
      <object_component id="oc-11">
         <name>.debug_line</name>
         <load_address>0x0</load_address>
         <run_address>0x0</run_address>
         <size>0x4f</size>
         <input_file_ref idref="fl-134"/>
      </object_component>
      <object_component id="oc-16">
         <name>.debug_line</name>
         <load_address>0x4f</load_address>
         <run_address>0x4f</run_address>
         <size>0x55</size>
         <input_file_ref idref="fl-135"/>
      </object_component>
      <object_component id="oc-1c">
         <name>.debug_line</name>
         <load_address>0xa4</load_address>
         <run_address>0xa4</run_address>
         <size>0x4c</size>
         <input_file_ref idref="fl-137"/>
      </object_component>
      <object_component id="oc-21">
         <name>.debug_line</name>
         <load_address>0xf0</load_address>
         <run_address>0xf0</run_address>
         <size>0x4b</size>
         <input_file_ref idref="fl-136"/>
      </object_component>
      <object_component id="oc-28">
         <name>.debug_line</name>
         <load_address>0x13b</load_address>
         <run_address>0x13b</run_address>
         <size>0xa1</size>
         <input_file_ref idref="fl-4"/>
      </object_component>
      <object_component id="oc-2c">
         <name>.debug_line</name>
         <load_address>0x1dc</load_address>
         <run_address>0x1dc</run_address>
         <size>0xb8</size>
         <input_file_ref idref="fl-2"/>
      </object_component>
      <object_component id="oc-30">
         <name>.debug_line</name>
         <load_address>0x294</load_address>
         <run_address>0x294</run_address>
         <size>0x215d</size>
         <input_file_ref idref="fl-6"/>
      </object_component>
      <object_component id="oc-35">
         <name>.debug_line</name>
         <load_address>0x23f1</load_address>
         <run_address>0x23f1</run_address>
         <size>0x4f4</size>
         <input_file_ref idref="fl-3"/>
      </object_component>
      <object_component id="oc-39">
         <name>.debug_line</name>
         <load_address>0x28e5</load_address>
         <run_address>0x28e5</run_address>
         <size>0x41</size>
         <input_file_ref idref="fl-4"/>
      </object_component>
      <object_component id="oc-3e">
         <name>.debug_line</name>
         <load_address>0x2926</load_address>
         <run_address>0x2926</run_address>
         <size>0x87</size>
         <input_file_ref idref="fl-141"/>
      </object_component>
      <object_component id="oc-43">
         <name>.debug_line</name>
         <load_address>0x29ad</load_address>
         <run_address>0x29ad</run_address>
         <size>0x50</size>
         <input_file_ref idref="fl-140"/>
      </object_component>
      <object_component id="oc-47">
         <name>.debug_line</name>
         <load_address>0x29fd</load_address>
         <run_address>0x29fd</run_address>
         <size>0x7a</size>
         <input_file_ref idref="fl-139"/>
      </object_component>
      <object_component id="oc-4d">
         <name>.debug_line</name>
         <load_address>0x2a77</load_address>
         <run_address>0x2a77</run_address>
         <size>0x88</size>
         <input_file_ref idref="fl-13a"/>
      </object_component>
      <object_component id="oc-53">
         <name>.debug_line</name>
         <load_address>0x2aff</load_address>
         <run_address>0x2aff</run_address>
         <size>0x3a</size>
         <input_file_ref idref="fl-135"/>
      </object_component>
      <object_component id="oc-5a">
         <name>.debug_line</name>
         <load_address>0x2b39</load_address>
         <run_address>0x2b39</run_address>
         <size>0x34</size>
         <input_file_ref idref="fl-137"/>
      </object_component>
      <object_component id="oc-61">
         <name>.debug_line</name>
         <load_address>0x2b6d</load_address>
         <run_address>0x2b6d</run_address>
         <size>0x8c</size>
         <input_file_ref idref="fl-136"/>
      </object_component>
      <object_component id="oc-67">
         <name>.debug_line</name>
         <load_address>0x2bf9</load_address>
         <run_address>0x2bf9</run_address>
         <size>0x39</size>
         <input_file_ref idref="fl-136"/>
      </object_component>
      <object_component id="oc-6d">
         <name>.debug_line</name>
         <load_address>0x2c32</load_address>
         <run_address>0x2c32</run_address>
         <size>0x6b</size>
         <input_file_ref idref="fl-148"/>
      </object_component>
      <object_component id="oc-75">
         <name>.debug_line</name>
         <load_address>0x2c9d</load_address>
         <run_address>0x2c9d</run_address>
         <size>0x59</size>
         <input_file_ref idref="fl-2"/>
      </object_component>
      <object_component id="oc-89">
         <name>.debug_line</name>
         <load_address>0x2cf6</load_address>
         <run_address>0x2cf6</run_address>
         <size>0x79</size>
         <input_file_ref idref="fl-13b"/>
      </object_component>
      <object_component id="oc-8e">
         <name>.debug_line</name>
         <load_address>0x2d6f</load_address>
         <run_address>0x2d6f</run_address>
         <size>0x6b</size>
         <input_file_ref idref="fl-148"/>
      </object_component>
      <object_component id="oc-93">
         <name>.debug_line</name>
         <load_address>0x2dda</load_address>
         <run_address>0x2dda</run_address>
         <size>0x6b</size>
         <input_file_ref idref="fl-148"/>
      </object_component>
      <object_component id="oc-9c">
         <name>.debug_line</name>
         <load_address>0x2e45</load_address>
         <run_address>0x2e45</run_address>
         <size>0x80</size>
         <input_file_ref idref="fl-148"/>
      </object_component>
      <object_component id="oc-a2">
         <name>.debug_line</name>
         <load_address>0x2ec5</load_address>
         <run_address>0x2ec5</run_address>
         <size>0x6a</size>
         <input_file_ref idref="fl-146"/>
      </object_component>
      <object_component id="oc-aa">
         <name>.debug_line</name>
         <load_address>0x2f2f</load_address>
         <run_address>0x2f2f</run_address>
         <size>0x6a</size>
         <input_file_ref idref="fl-146"/>
      </object_component>
      <object_component id="oc-b2">
         <name>.debug_line</name>
         <load_address>0x2f99</load_address>
         <run_address>0x2f99</run_address>
         <size>0x87</size>
         <input_file_ref idref="fl-147"/>
      </object_component>
      <object_component id="oc-b8">
         <name>.debug_line</name>
         <load_address>0x3020</load_address>
         <run_address>0x3020</run_address>
         <size>0x6b</size>
         <input_file_ref idref="fl-143"/>
      </object_component>
      <object_component id="oc-bd">
         <name>.debug_line</name>
         <load_address>0x308b</load_address>
         <run_address>0x308b</run_address>
         <size>0x6b</size>
         <input_file_ref idref="fl-143"/>
      </object_component>
      <object_component id="oc-c2">
         <name>.debug_line</name>
         <load_address>0x30f6</load_address>
         <run_address>0x30f6</run_address>
         <size>0x20</size>
         <input_file_ref idref="fl-2"/>
      </object_component>
      <object_component id="oc-c7">
         <name>.debug_line</name>
         <load_address>0x3116</load_address>
         <run_address>0x3116</run_address>
         <size>0x76</size>
         <input_file_ref idref="fl-5"/>
      </object_component>
      <object_component id="oc-cc">
         <name>.debug_line</name>
         <load_address>0x318c</load_address>
         <run_address>0x318c</run_address>
         <size>0x79</size>
         <input_file_ref idref="fl-5"/>
      </object_component>
      <object_component id="oc-d1">
         <name>.debug_line</name>
         <load_address>0x3205</load_address>
         <run_address>0x3205</run_address>
         <size>0x5c</size>
         <input_file_ref idref="fl-5"/>
      </object_component>
      <object_component id="oc-d6">
         <name>.debug_line</name>
         <load_address>0x3261</load_address>
         <run_address>0x3261</run_address>
         <size>0x5a</size>
         <input_file_ref idref="fl-2"/>
      </object_component>
      <object_component id="oc-e5">
         <name>.debug_line</name>
         <load_address>0x32bb</load_address>
         <run_address>0x32bb</run_address>
         <size>0x69</size>
         <input_file_ref idref="fl-13e"/>
      </object_component>
      <object_component id="oc-eb">
         <name>.debug_line</name>
         <load_address>0x3324</load_address>
         <run_address>0x3324</run_address>
         <size>0x59</size>
         <input_file_ref idref="fl-2"/>
      </object_component>
      <object_component id="oc-ef">
         <name>.debug_line</name>
         <load_address>0x337d</load_address>
         <run_address>0x337d</run_address>
         <size>0x41</size>
         <input_file_ref idref="fl-4"/>
      </object_component>
      <object_component id="oc-f3">
         <name>.debug_line</name>
         <load_address>0x33be</load_address>
         <run_address>0x33be</run_address>
         <size>0x6d</size>
         <input_file_ref idref="fl-142"/>
      </object_component>
      <object_component id="oc-f8">
         <name>.debug_line</name>
         <load_address>0x342b</load_address>
         <run_address>0x342b</run_address>
         <size>0x349</size>
         <input_file_ref idref="fl-5"/>
      </object_component>
      <object_component id="oc-104">
         <name>.debug_line</name>
         <load_address>0x3774</load_address>
         <run_address>0x3774</run_address>
         <size>0x33</size>
         <input_file_ref idref="fl-13c"/>
      </object_component>
      <object_component id="oc-108">
         <name>.debug_line</name>
         <load_address>0x37a7</load_address>
         <run_address>0x37a7</run_address>
         <size>0x44</size>
         <input_file_ref idref="fl-135"/>
      </object_component>
      <object_component id="oc-10c">
         <name>.debug_line</name>
         <load_address>0x37eb</load_address>
         <run_address>0x37eb</run_address>
         <size>0x20</size>
         <input_file_ref idref="fl-135"/>
      </object_component>
      <object_component id="oc-10f">
         <name>.debug_line</name>
         <load_address>0x380b</load_address>
         <run_address>0x380b</run_address>
         <size>0x59</size>
         <input_file_ref idref="fl-5"/>
      </object_component>
      <object_component id="oc-113">
         <name>.debug_line</name>
         <load_address>0x3864</load_address>
         <run_address>0x3864</run_address>
         <size>0x20</size>
         <input_file_ref idref="fl-137"/>
      </object_component>
      <object_component id="oc-116">
         <name>.debug_line</name>
         <load_address>0x3884</load_address>
         <run_address>0x3884</run_address>
         <size>0x20</size>
         <input_file_ref idref="fl-136"/>
      </object_component>
      <object_component id="oc-11a">
         <name>.debug_line</name>
         <load_address>0x38a4</load_address>
         <run_address>0x38a4</run_address>
         <size>0x5e</size>
         <input_file_ref idref="fl-143"/>
      </object_component>
      <object_component id="oc-11f">
         <name>.debug_line</name>
         <load_address>0x3902</load_address>
         <run_address>0x3902</run_address>
         <size>0x35</size>
         <input_file_ref idref="fl-2"/>
      </object_component>
      <object_component id="oc-121">
         <name>.debug_line</name>
         <load_address>0x3937</load_address>
         <run_address>0x3937</run_address>
         <size>0x71</size>
         <input_file_ref idref="fl-6"/>
      </object_component>
      <object_component id="oc-123">
         <name>.debug_line</name>
         <load_address>0x39a8</load_address>
         <run_address>0x39a8</run_address>
         <size>0x101</size>
         <input_file_ref idref="fl-6"/>
      </object_component>
      <object_component id="oc-125">
         <name>.debug_line</name>
         <load_address>0x3aa9</load_address>
         <run_address>0x3aa9</run_address>
         <size>0x75</size>
         <input_file_ref idref="fl-6"/>
      </object_component>
      <object_component id="oc-127">
         <name>.debug_line</name>
         <load_address>0x3b1e</load_address>
         <run_address>0x3b1e</run_address>
         <size>0x75</size>
         <input_file_ref idref="fl-6"/>
      </object_component>
      <object_component id="oc-129">
         <name>.debug_line</name>
         <load_address>0x3b93</load_address>
         <run_address>0x3b93</run_address>
         <size>0x75</size>
         <input_file_ref idref="fl-6"/>
      </object_component>
      <object_component id="oc-12b">
         <name>.debug_line</name>
         <load_address>0x3c08</load_address>
         <run_address>0x3c08</run_address>
         <size>0x75</size>
         <input_file_ref idref="fl-6"/>
      </object_component>
      <object_component id="oc-12d">
         <name>.debug_line</name>
         <load_address>0x3c7d</load_address>
         <run_address>0x3c7d</run_address>
         <size>0x2b</size>
         <input_file_ref idref="fl-138"/>
      </object_component>
      <object_component id="oc-130">
         <name>.debug_line</name>
         <load_address>0x3ca8</load_address>
         <run_address>0x3ca8</run_address>
         <size>0x64</size>
         <input_file_ref idref="fl-6"/>
      </object_component>
      <object_component id="oc-134">
         <name>.debug_line</name>
         <load_address>0x3d0c</load_address>
         <run_address>0x3d0c</run_address>
         <size>0x20</size>
         <input_file_ref idref="fl-143"/>
      </object_component>
      <object_component id="oc-139">
         <name>.debug_line</name>
         <load_address>0x3d2c</load_address>
         <run_address>0x3d2c</run_address>
         <size>0x239</size>
         <input_file_ref idref="fl-6"/>
      </object_component>
      <object_component id="oc-13c">
         <name>.debug_line</name>
         <load_address>0x3f65</load_address>
         <run_address>0x3f65</run_address>
         <size>0x59</size>
         <input_file_ref idref="fl-6"/>
      </object_component>
      <object_component id="oc-140">
         <name>.debug_line</name>
         <load_address>0x3fbe</load_address>
         <run_address>0x3fbe</run_address>
         <size>0x71</size>
         <input_file_ref idref="fl-6"/>
      </object_component>
      <object_component id="oc-147">
         <name>.debug_line</name>
         <load_address>0x402f</load_address>
         <run_address>0x402f</run_address>
         <size>0x64</size>
         <input_file_ref idref="fl-6"/>
      </object_component>
      <object_component id="oc-14a">
         <name>.debug_line</name>
         <load_address>0x4093</load_address>
         <run_address>0x4093</run_address>
         <size>0x64</size>
         <input_file_ref idref="fl-6"/>
      </object_component>
      <object_component id="oc-14f">
         <name>.debug_line</name>
         <load_address>0x40f7</load_address>
         <run_address>0x40f7</run_address>
         <size>0x64</size>
         <input_file_ref idref="fl-6"/>
      </object_component>
      <object_component id="oc-151">
         <name>.debug_line</name>
         <load_address>0x415b</load_address>
         <run_address>0x415b</run_address>
         <size>0x64</size>
         <input_file_ref idref="fl-6"/>
      </object_component>
      <object_component id="oc-15b">
         <name>.debug_line</name>
         <load_address>0x41bf</load_address>
         <run_address>0x41bf</run_address>
         <size>0x57</size>
         <input_file_ref idref="fl-5"/>
      </object_component>
      <object_component id="oc-160">
         <name>.debug_line</name>
         <load_address>0x4216</load_address>
         <run_address>0x4216</run_address>
         <size>0x59</size>
         <input_file_ref idref="fl-3"/>
      </object_component>
      <object_component id="oc-163">
         <name>.debug_line</name>
         <load_address>0x426f</load_address>
         <run_address>0x426f</run_address>
         <size>0x59</size>
         <input_file_ref idref="fl-3"/>
      </object_component>
      <object_component id="oc-165">
         <name>.debug_line</name>
         <load_address>0x42c8</load_address>
         <run_address>0x42c8</run_address>
         <size>0x59</size>
         <input_file_ref idref="fl-3"/>
      </object_component>
      <object_component id="oc-167">
         <name>.debug_line</name>
         <load_address>0x4321</load_address>
         <run_address>0x4321</run_address>
         <size>0x59</size>
         <input_file_ref idref="fl-3"/>
      </object_component>
      <object_component id="oc-169">
         <name>.debug_line</name>
         <load_address>0x437a</load_address>
         <run_address>0x437a</run_address>
         <size>0x59</size>
         <input_file_ref idref="fl-3"/>
      </object_component>
      <object_component id="oc-170">
         <name>.debug_line</name>
         <load_address>0x43d3</load_address>
         <run_address>0x43d3</run_address>
         <size>0x6b</size>
         <input_file_ref idref="fl-148"/>
      </object_component>
      <object_component id="oc-175">
         <name>.debug_line</name>
         <load_address>0x443e</load_address>
         <run_address>0x443e</run_address>
         <size>0x6b</size>
         <input_file_ref idref="fl-148"/>
      </object_component>
      <object_component id="oc-17f">
         <name>.debug_line</name>
         <load_address>0x44a9</load_address>
         <run_address>0x44a9</run_address>
         <size>0x67</size>
         <input_file_ref idref="fl-149"/>
      </object_component>
      <object_component id="oc-184">
         <name>.debug_line</name>
         <load_address>0x4510</load_address>
         <run_address>0x4510</run_address>
         <size>0x6a</size>
         <input_file_ref idref="fl-149"/>
      </object_component>
      <object_component id="oc-189">
         <name>.debug_line</name>
         <load_address>0x457a</load_address>
         <run_address>0x457a</run_address>
         <size>0xf1</size>
         <input_file_ref idref="fl-145"/>
      </object_component>
      <object_component id="oc-18f">
         <name>.debug_line</name>
         <load_address>0x466b</load_address>
         <run_address>0x466b</run_address>
         <size>0x6e</size>
         <input_file_ref idref="fl-144"/>
      </object_component>
      <object_component id="oc-195">
         <name>.debug_line</name>
         <load_address>0x46d9</load_address>
         <run_address>0x46d9</run_address>
         <size>0x6e</size>
         <input_file_ref idref="fl-144"/>
      </object_component>
      <object_component id="oc-19a">
         <name>.debug_line</name>
         <load_address>0x4747</load_address>
         <run_address>0x4747</run_address>
         <size>0x6b</size>
         <input_file_ref idref="fl-144"/>
      </object_component>
      <object_component id="oc-19f">
         <name>.debug_line</name>
         <load_address>0x47b2</load_address>
         <run_address>0x47b2</run_address>
         <size>0x60</size>
         <input_file_ref idref="fl-13d"/>
      </object_component>
      <object_component id="oc-1b7">
         <name>.debug_line</name>
         <load_address>0x4812</load_address>
         <run_address>0x4812</run_address>
         <size>0x3f</size>
         <input_file_ref idref="fl-5"/>
      </object_component>
      <object_component id="oc-1bb">
         <name>.debug_line</name>
         <load_address>0x4851</load_address>
         <run_address>0x4851</run_address>
         <size>0x2b</size>
         <input_file_ref idref="fl-140"/>
      </object_component>
      <object_component id="oc-1be">
         <name>.debug_line</name>
         <load_address>0x487c</load_address>
         <run_address>0x487c</run_address>
         <size>0x2b</size>
         <input_file_ref idref="fl-140"/>
      </object_component>
      <object_component id="oc-1c5">
         <name>.debug_line</name>
         <load_address>0x48a7</load_address>
         <run_address>0x48a7</run_address>
         <size>0x66</size>
         <input_file_ref idref="fl-13f"/>
      </object_component>
      <object_component id="oc-1c7">
         <name>.debug_line</name>
         <load_address>0x490d</load_address>
         <run_address>0x490d</run_address>
         <size>0x2b</size>
         <input_file_ref idref="fl-13f"/>
      </object_component>
      <object_component id="oc-1ca">
         <name>.debug_line</name>
         <load_address>0x4938</load_address>
         <run_address>0x4938</run_address>
         <size>0x2a</size>
         <input_file_ref idref="fl-139"/>
      </object_component>
      <object_component id="oc-1cc">
         <name>.debug_line</name>
         <load_address>0x4962</load_address>
         <run_address>0x4962</run_address>
         <size>0x43</size>
         <input_file_ref idref="fl-139"/>
      </object_component>
      <object_component id="oc-1ce">
         <name>.debug_line</name>
         <load_address>0x49a5</load_address>
         <run_address>0x49a5</run_address>
         <size>0x5b</size>
         <input_file_ref idref="fl-148"/>
      </object_component>
      <object_component id="oc-1d0">
         <name>.debug_line</name>
         <load_address>0x4a00</load_address>
         <run_address>0x4a00</run_address>
         <size>0x56</size>
         <input_file_ref idref="fl-148"/>
      </object_component>
      <object_component id="oc-1d2">
         <name>.debug_line</name>
         <load_address>0x4a56</load_address>
         <run_address>0x4a56</run_address>
         <size>0x5b</size>
         <input_file_ref idref="fl-146"/>
      </object_component>
      <object_component id="oc-1d4">
         <name>.debug_line</name>
         <load_address>0x4ab1</load_address>
         <run_address>0x4ab1</run_address>
         <size>0x5b</size>
         <input_file_ref idref="fl-147"/>
      </object_component>
      <object_component id="oc-1d6">
         <name>.debug_line</name>
         <load_address>0x4b0c</load_address>
         <run_address>0x4b0c</run_address>
         <size>0x55</size>
         <input_file_ref idref="fl-147"/>
      </object_component>
      <object_component id="oc-1d8">
         <name>.debug_line</name>
         <load_address>0x4b61</load_address>
         <run_address>0x4b61</run_address>
         <size>0x5b</size>
         <input_file_ref idref="fl-143"/>
      </object_component>
      <object_component id="oc-1da">
         <name>.debug_line</name>
         <load_address>0x4bbc</load_address>
         <run_address>0x4bbc</run_address>
         <size>0x297</size>
         <input_file_ref idref="fl-5"/>
      </object_component>
      <object_component id="oc-1dc">
         <name>.debug_line</name>
         <load_address>0x4e53</load_address>
         <run_address>0x4e53</run_address>
         <size>0x58</size>
         <input_file_ref idref="fl-2"/>
      </object_component>
      <object_component id="oc-1de">
         <name>.debug_line</name>
         <load_address>0x4eab</load_address>
         <run_address>0x4eab</run_address>
         <size>0x51</size>
         <input_file_ref idref="fl-142"/>
      </object_component>
      <object_component id="oc-1e1">
         <name>.debug_line</name>
         <load_address>0x4efc</load_address>
         <run_address>0x4efc</run_address>
         <size>0x45</size>
         <input_file_ref idref="fl-142"/>
      </object_component>
      <object_component id="oc-1ed">
         <name>.debug_line</name>
         <load_address>0x4f41</load_address>
         <run_address>0x4f41</run_address>
         <size>0x4c</size>
         <input_file_ref idref="fl-5"/>
      </object_component>
      <object_component id="oc-1f6">
         <name>.debug_line</name>
         <load_address>0x4f8d</load_address>
         <run_address>0x4f8d</run_address>
         <size>0x20</size>
         <input_file_ref idref="fl-13f"/>
      </object_component>
      <object_component id="oc-1f8">
         <name>.debug_line</name>
         <load_address>0x4fad</load_address>
         <run_address>0x4fad</run_address>
         <size>0x58</size>
         <input_file_ref idref="fl-145"/>
      </object_component>
      <object_component id="oc-1fb">
         <name>.debug_line</name>
         <load_address>0x5005</load_address>
[...]
      <symbol id="sm-4eb">
         <name>socket</name>
         <value>0x2a25</value>
         <object_component_ref idref="oc-2e"/>
      </symbol>
      <symbol id="sm-4ec">
         <name>SpiTriggerRxProcessing</name>
         <value>0x4495</value>
         <object_component_ref idref="oc-2e"/>
      </symbol>
      <symbol id="sm-4ed">
         <name>UINT16_TO_STREAM_f</name>
         <value>0x2ab</value>
         <object_component_ref idref="oc-2e"/>
      </symbol>
      <symbol id="sm-4ee">
         <name>wlan_ioctl_statusget</name>
         <value>0x3a51</value>
         <object_component_ref idref="oc-2e"/>
      </symbol>
      <symbol id="sm-4ef">
         <name>hci_event_handler</name>
         <value>0x419</value>
         <object_component_ref idref="oc-2e"/>
      </symbol>
      <symbol id="sm-4f0">
         <name>wlan_add_profile</name>
         <value>0x35e5</value>
         <object_component_ref idref="oc-2e"/>
      </symbol>
      <symbol id="sm-4f1">
         <name>sSpiInformation</name>
         <value>0x20001330</value>
         <object_component_ref idref="oc-a4"/>
      </symbol>
      <symbol id="sm-4f2">
         <name>listen</name>
         <value>0x2bd9</value>
         <object_component_ref idref="oc-2e"/>
      </symbol>
      <symbol id="sm-4f3">
         <name>STREAM_TO_UINT32_f</name>
         <value>0x2fb</value>
         <object_component_ref idref="oc-2e"/>
      </symbol>
      <symbol id="sm-4f4">
         <name>SpiReadDataCont</name>
         <value>0x4355</value>
         <object_component_ref idref="oc-2e"/>
      </symbol>
      <symbol id="sm-4f5">
         <name>netapp_ping_send</name>
         <value>0x10e3</value>
         <object_component_ref idref="oc-2e"/>
      </symbol>
      <symbol id="sm-4f6">
         <name>netapp_ping_report</name>
         <value>0x114d</value>
         <object_component_ref idref="oc-2e"/>
      </symbol>
      <symbol id="sm-4f7">
         <name>tSLInformation</name>
         <value>0x200013c4</value>
         <object_component_ref idref="oc-78"/>
      </symbol>
      <symbol id="sm-4f8">
         <name>wlan_disconnect</name>
         <value>0x3509</value>
         <object_component_ref idref="oc-2e"/>
      </symbol>
      <symbol id="sm-4f9">
         <name>netapp_set_debug_level</name>
         <value>0x11ef</value>
         <object_component_ref idref="oc-2e"/>
      </symbol>
      <symbol id="sm-4fa">
         <name>DispatcherUARTConfigure</name>
         <value>0x46e5</value>
         <object_component_ref idref="oc-2e"/>
      </symbol>
      <symbol id="sm-4fb">
         <name>SpiWrite</name>
         <value>0x4079</value>
         <object_component_ref idref="oc-2e"/>
      </symbol>
      <symbol id="sm-4fc">
         <name>wlan_connect</name>
         <value>0x33fb</value>
         <object_component_ref idref="oc-2e"/>
      </symbol>
      <symbol id="sm-4fd">
         <name>netapp_timeout_values</name>
         <value>0x1023</value>
         <object_component_ref idref="oc-2e"/>
      </symbol>
      <symbol id="sm-4fe">
         <name>recvfrom</name>
         <value>0x3035</value>
         <object_component_ref idref="oc-2e"/>
      </symbol>
      <symbol id="sm-4ff">
         <name>SpiReadHeader</name>
         <value>0x4339</value>
         <object_component_ref idref="oc-2e"/>
      </symbol>
      <symbol id="sm-500">
         <name>netapp_ping_stop</name>
         <value>0x1175</value>
         <object_component_ref idref="oc-2e"/>
      </symbol>
      <symbol id="sm-501">
         <name>wlan_ioctl_del_profile</name>
         <value>0x38bf</value>
         <object_component_ref idref="oc-2e"/>
      </symbol>
      <symbol id="sm-502">
         <name>SpiReceiveHandler</name>
         <value>0x3311</value>
         <object_component_ref idref="oc-2e"/>
      </symbol>
      <symbol id="sm-503">
         <name>STREAM_TO_UINT16_f</name>
         <value>0x2d5</value>
         <object_component_ref idref="oc-2e"/>
      </symbol>
      <symbol id="sm-504">
         <name>hci_data_send</name>
         <value>0xd17</value>
         <object_component_ref idref="oc-2e"/>
      </symbol>
      <symbol id="sm-505">
         <name>mdnsAdvertiser</name>
         <value>0x31fd</value>
         <object_component_ref idref="oc-2e"/>
      </symbol>
      <symbol id="sm-506">
         <name>wlan_smart_config_start</name>
         <value>0x3a75</value>
         <object_component_ref idref="oc-2e"/>
      </symbol>
      <symbol id="sm-507">
         <name>nvmem_get_mac_address</name>
         <value>0x1325</value>
         <object_component_ref idref="oc-2e"/>
      </symbol>
      <symbol id="sm-508">
         <name>SpiDisableSSIDMAChannels</name>
         <value>0x413b</value>
         <object_component_ref idref="oc-2e"/>
      </symbol>
      <symbol id="sm-509">
         <name>nvmem_set_mac_address</name>
         <value>0x1311</value>
         <object_component_ref idref="oc-2e"/>
      </symbol>
      <symbol id="sm-50a">
         <name>Rcon</name>
         <value>0x6446</value>
         <object_component_ref idref="oc-7c"/>
      </symbol>
      <symbol id="sm-50b">
         <name>wlan_tx_buffer</name>
         <value>0x200005f0</value>
         <object_component_ref idref="oc-8a"/>
      </symbol>
      <symbol id="sm-50c">
         <name>hci_command_send</name>
         <value>0xccb</value>
         <object_component_ref idref="oc-2e"/>
      </symbol>
      <symbol id="sm-50d">
         <name>recv</name>
         <value>0x3009</value>
         <object_component_ref idref="oc-2e"/>
      </symbol>
      <symbol id="sm-50e">
         <name>hci_data_command_send</name>
         <value>0xd91</value>
         <object_component_ref idref="oc-2e"/>
      </symbol>
      <symbol id="sm-50f">
         <name>SpiConfigureHwMapping</name>
         <value>0x3c8d</value>
         <object_component_ref idref="oc-2e"/>
      </symbol>
      <symbol id="sm-510">
         <name>hci_unsol_event_handler</name>
         <value>0x8e1</value>
         <object_component_ref idref="oc-2e"/>
      </symbol>
      <symbol id="sm-511">
         <name>connect</name>
         <value>0x2cd1</value>
         <object_component_ref idref="oc-2e"/>
      </symbol>
      <symbol id="sm-512">
         <name>get_socket_active_status</name>
         <value>0xc3d</value>
         <object_component_ref idref="oc-2e"/>
      </symbol>
      <symbol id="sm-513">
         <name>SimpleLinkWaitData</name>
         <value>0xcb1</value>
         <object_component_ref idref="oc-2e"/>
      </symbol>
      <symbol id="sm-514">
         <name>set_socket_active_status</name>
         <value>0xb85</value>
         <object_component_ref idref="oc-2e"/>
      </symbol>
      <symbol id="sm-515">
         <name>sendto</name>
         <value>0x31cf</value>
         <object_component_ref idref="oc-2e"/>
      </symbol>
      <symbol id="sm-516">
         <name>nvmem_write</name>
         <value>0x129f</value>
         <object_component_ref idref="oc-2e"/>
      </symbol>
      <symbol id="sm-517">
         <name>g_uluDMAErrCount</name>
         <value>0x20001674</value>
         <object_component_ref idref="oc-7a"/>
      </symbol>
      <symbol id="sm-518">
         <name>wlan_start</name>
         <value>0x332d</value>
         <object_component_ref idref="oc-2e"/>
      </symbol>
      <symbol id="sm-519">
         <name>wlan_init</name>
         <value>0x32cb</value>
         <object_component_ref idref="oc-2e"/>
      </symbol>
      <symbol id="sm-51a">
         <name>SpiFirstWrite</name>
         <value>0x3ff9</value>
         <object_component_ref idref="oc-2e"/>
      </symbol>
      <symbol id="sm-51b">
         <name>netapp_ipconfig</name>
         <value>0x11a1</value>
         <object_component_ref idref="oc-2e"/>
      </symbol>
      <symbol id="sm-51c">
         <name>aes_write_key</name>
         <value>0x29cb</value>
         <object_component_ref idref="oc-2e"/>
      </symbol>
      <symbol id="sm-51d">
         <name>SpiResumeSpi</name>
         <value>0x4471</value>
         <object_component_ref idref="oc-2e"/>
      </symbol>
      <symbol id="sm-51e">
         <name>wlan_smart_config_set_prefix</name>
         <value>0x3adb</value>
         <object_component_ref idref="oc-2e"/>
      </symbol>
      <symbol id="sm-51f">
         <name>wlan_ioctl_set_connection_policy</name>
         <value>0x354d</value>
         <object_component_ref idref="oc-2e"/>
      </symbol>
      <symbol id="sm-520">
         <name>netapp_arp_flush</name>
         <value>0x11c3</value>
         <object_component_ref idref="oc-2e"/>
      </symbol>
      <symbol id="sm-521">
         <name>SpiOpen</name>
         <value>0x3eb7</value>
         <object_component_ref idref="oc-2e"/>
      </symbol>
      <symbol id="sm-522">
         <name>nvmem_create_entry</name>
         <value>0x13f9</value>
         <object_component_ref idref="oc-2e"/>
      </symbol>
      <symbol id="sm-523">
         <name>DispatcherUartSendPacket</name>
         <value>0x46a9</value>
         <object_component_ref idref="oc-2e"/>
      </symbol>
      <symbol id="sm-524">
         <name>getsockopt</name>
         <value>0x2f21</value>
         <object_component_ref idref="oc-2e"/>
      </symbol>
      <symbol id="sm-525">
         <name>setsockopt</name>
         <value>0x2e81</value>
         <object_component_ref idref="oc-2e"/>
      </symbol>
      <symbol id="sm-526">
         <name>nvmem_read_sp_version</name>
         <value>0x13bd</value>
         <object_component_ref idref="oc-2e"/>
      </symbol>
      <symbol id="sm-527">
         <name>init_spi</name>
         <value>0x3f0b</value>
         <object_component_ref idref="oc-2e"/>
      </symbol>
      <symbol id="sm-528">
         <name>aes_read_key</name>
         <value>0x29b5</value>
         <object_component_ref idref="oc-2e"/>
      </symbol>
      <symbol id="sm-529">
         <name>nvmem_read</name>
         <value>0x1239</value>
         <object_component_ref idref="oc-2e"/>
      </symbol>
      <symbol id="sm-52a">
         <name>closesocket</name>
         <value>0x2a8b</value>
         <object_component_ref idref="oc-2e"/>
      </symbol>
      <symbol id="sm-52b">
         <name>aes_encrypt</name>
         <value>0x2985</value>
         <object_component_ref idref="oc-2e"/>
      </symbol>
      <symbol id="sm-52c">
         <name>SpiEnableSSIDMAChannels</name>
         <value>0x4161</value>
         <object_component_ref idref="oc-2e"/>
      </symbol>
      <symbol id="sm-52d">
         <name>wlan_stop</name>
         <value>0x33d3</value>
         <object_component_ref idref="oc-2e"/>
      </symbol>
      <symbol id="sm-52e">
         <name>hci_patch_send</name>
         <value>0xe0d</value>
         <object_component_ref idref="oc-2e"/>
      </symbol>
      <symbol id="sm-53d">
         <name>_c_int00</name>
         <value>0x5e15</value>
         <object_component_ref idref="oc-10"/>
      </symbol>
      <symbol id="sm-53e">
         <name>__stack</name>
         <value>0x20001428</value>
         <object_component_ref idref="oc-23"/>
      </symbol>
      <symbol id="sm-554">
         <name>__TI_decompress_none</name>
         <value>0x6031</value>
         <object_component_ref idref="oc-14"/>
      </symbol>
      <symbol id="sm-576">
         <name>__TI_decompress_rle24</name>
         <value>0x607d</value>
         <object_component_ref idref="oc-1e"/>
      </symbol>
      <symbol id="sm-589">
         <name>__TI_zero_init</name>
         <value>0x5fd1</value>
         <object_component_ref idref="oc-19"/>
      </symbol>
      <symbol id="sm-590">
         <name>_Errno</name>
         <value>0x20001690</value>
         <object_component_ref idref="oc-84"/>
      </symbol>
      <symbol id="sm-5ac">
         <name>C$$EXIT</name>
         <value>0x5ea1</value>
         <object_component_ref idref="oc-44"/>
      </symbol>
      <symbol id="sm-5ad">
         <name>abort</name>
         <value>0x5ea5</value>
         <object_component_ref idref="oc-44"/>
      </symbol>
      <symbol id="sm-5ae">
         <name>exit</name>
         <value>0x5ead</value>
         <object_component_ref idref="oc-44"/>
      </symbol>
      <symbol id="sm-5af">
         <name>__TI_dtors_ptr</name>
         <value>0x20001684</value>
         <object_component_ref idref="oc-ff"/>
      </symbol>
      <symbol id="sm-5b0">
         <name>__TI_cleanup_ptr</name>
         <value>0x20001680</value>
         <object_component_ref idref="oc-ff"/>
      </symbol>
      <symbol id="sm-5ca">
         <name>memcpy</name>
         <value>0x5b2d</value>
         <object_component_ref idref="oc-4c"/>
      </symbol>
      <symbol id="sm-5cb">
         <name>__aeabi_memcpy</name>
         <value>0x5b2d</value>
         <object_component_ref idref="oc-4c"/>
      </symbol>
      <symbol id="sm-5cc">
         <name>__aeabi_memcpy8</name>
         <value>0x5b2d</value>
         <object_component_ref idref="oc-4c"/>
      </symbol>
      <symbol id="sm-5cd">
         <name>__aeabi_memcpy4</name>
         <value>0x5b2d</value>
         <object_component_ref idref="oc-4c"/>
      </symbol>
      <symbol id="sm-5db">
         <name>__aeabi_memset</name>
         <value>0x5cf7</value>
         <object_component_ref idref="oc-86"/>
      </symbol>
      <symbol id="sm-5dc">
         <name>memset</name>
         <value>0x5cfd</value>
         <object_component_ref idref="oc-86"/>
      </symbol>
      <symbol id="sm-5dd">
         <name>__aeabi_memset8</name>
         <value>0x5cf7</value>
         <object_component_ref idref="oc-86"/>
      </symbol>
      <symbol id="sm-5de">
         <name>__aeabi_memset4</name>
         <value>0x5cf7</value>
         <object_component_ref idref="oc-86"/>
      </symbol>
      <symbol id="sm-5df">
         <name>__aeabi_memclr8</name>
         <value>0x5cf5</value>
         <object_component_ref idref="oc-86"/>
      </symbol>
      <symbol id="sm-5e0">
         <name>__aeabi_memclr4</name>
         <value>0x5cf5</value>
         <object_component_ref idref="oc-86"/>
      </symbol>
      <symbol id="sm-5e1">
         <name>__aeabi_memclr</name>
         <value>0x5cf5</value>
         <object_component_ref idref="oc-86"/>
      </symbol>
      <symbol id="sm-5e8">
         <name>main_func_sp</name>
         <value>0x20001694</value>
         <object_component_ref idref="oc-49"/>
      </symbol>
      <symbol id="sm-5f5">
         <name>strlen</name>
         <value>0x5fbd</value>
         <object_component_ref idref="oc-19d"/>
      </symbol>
      <symbol id="sm-604">
         <name>__aeabi_uidivmod</name>
         <value>0x5ee5</value>
         <object_component_ref idref="oc-e3"/>
      </symbol>
      <symbol id="sm-61a">
         <name>_nop</name>
         <value>0x5fb7</value>
         <object_component_ref idref="oc-1c1"/>
      </symbol>
      <symbol id="sm-61b">
         <name>_lock</name>
         <value>0x20001678</value>
         <object_component_ref idref="oc-fd"/>
      </symbol>
      <symbol id="sm-61c">
         <name>_unlock</name>
         <value>0x2000167c</value>
         <object_component_ref idref="oc-fd"/>
      </symbol>
      <symbol id="sm-61d">
         <name>_register_lock</name>
         <value>0x5faf</value>
         <object_component_ref idref="oc-1c1"/>
      </symbol>
      <symbol id="sm-61e">
         <name>_register_unlock</name>
         <value>0x5fa9</value>
         <object_component_ref idref="oc-1c1"/>
      </symbol>
      <symbol id="sm-631">
         <name>_args_main</name>
         <value>0x5f69</value>
         <object_component_ref idref="oc-3f"/>
      </symbol>
      <symbol id="sm-64d">
         <name>__TI_auto_init</name>
         <value>0x5c61</value>
         <object_component_ref idref="oc-3b"/>
      </symbol>
      <symbol id="sm-665">
         <name>copy_in</name>
         <value>0x5e5d</value>
         <object_component_ref idref="oc-f0"/>
      </symbol>
      <symbol id="sm-682">
         <name>UARTClockSourceSet</name>
         <value>0x6071</value>
         <object_component_ref idref="oc-ba"/>
      </symbol>
      <symbol id="sm-683">
         <name>UARTFIFOLevelSet</name>
         <value>0x6077</value>
         <object_component_ref idref="oc-b5"/>
      </symbol>
      <symbol id="sm-6a3">
         <name>SysTickEnable</name>
         <value>0x5f81</value>
         <object_component_ref idref="oc-198"/>
      </symbol>
      <symbol id="sm-6a4">
         <name>SysTickIntEnable</name>
         <value>0x5f95</value>
         <object_component_ref idref="oc-193"/>
      </symbol>
      <symbol id="sm-6a5">
         <name>SysTickPeriodSet</name>
         <value>0x6005</value>
         <object_component_ref idref="oc-18e"/>
      </symbol>
      <symbol id="sm-6d6">
         <name>SysCtlDelay</name>
         <value>0x606b</value>
         <object_component_ref idref="oc-a6"/>
      </symbol>
      <symbol id="sm-6d7">
         <name>SysCtlClockGet</name>
         <value>0x5a15</value>
         <object_component_ref idref="oc-187"/>
      </symbol>
      <symbol id="sm-6ea">
         <name>SSIIntClear</name>
         <value>0x6083</value>
         <object_component_ref idref="oc-9f"/>
      </symbol>
      <symbol id="sm-6eb">
         <name>SSIBusy</name>
         <value>0x6057</value>
         <object_component_ref idref="oc-a7"/>
      </symbol>
      <symbol id="sm-70c">
         <name>IntPendClear</name>
         <value>0x5f29</value>
         <object_component_ref idref="oc-b0"/>
      </symbol>
      <symbol id="sm-745">
         <name>GPIOPinConfigure</name>
         <value>0x5dcd</value>
         <object_component_ref idref="oc-9a"/>
      </symbol>
      <symbol id="sm-746">
         <name>GPIOIntDisable</name>
         <value>0x6015</value>
         <object_component_ref idref="oc-173"/>
      </symbol>
      <symbol id="sm-747">
         <name>GPIOIntEnable</name>
         <value>0x603f</value>
         <object_component_ref idref="oc-16e"/>
      </symbol>
      <symbol id="sm-748">
         <name>GPIOIntClear</name>
         <value>0x605f</value>
         <object_component_ref idref="oc-91"/>
      </symbol>
      <symbol id="sm-749">
         <name>GPIOIntStatus</name>
         <value>0x6023</value>
         <object_component_ref idref="oc-8c"/>
      </symbol>
      <symbol id="sm-74a">
         <name>GPIOPinWrite</name>
         <value>0x6065</value>
         <object_component_ref idref="oc-6b"/>
      </symbol>
      <symbol id="sm-75e">
         <name>FPULazyStackingEnable</name>
         <value>0x5ff5</value>
         <object_component_ref idref="oc-182"/>
      </symbol>
      <symbol id="sm-75f">
         <name>FPUEnable</name>
         <value>0x5fe5</value>
         <object_component_ref idref="oc-17d"/>
      </symbol>
      <symbol id="sm-761">
         <name>__TI_static_base__</name>
         <value>0x0</value>
      </symbol>
      <symbol id="sm-762">
         <name>__TI_args_main</name>
         <value>0x1</value>
      </symbol>
      <symbol id="sm-763">
         <name>SHT$$INIT_ARRAY$$Limit</name>
         <value>0x0</value>
      </symbol>
      <symbol id="sm-764">
         <name>SHT$$INIT_ARRAY$$Base</name>
         <value>0x0</value>
      </symbol>
   </symbol_table>
   <title>Link successful</title>
</link_info>
